Archive member included to satisfy reference by file (symbol)

e:/iti arm course/03- imt sdk/03- imt sdk/imt_sdk_win_64/imt_sdk_win_64/winarm/armgcc/bin/../lib/gcc/arm-none-eabi/7.2.1/thumb/v7e-m\libgcc.a(_arm_addsubdf3.o)
                              ./src/HAL/LedMatrix/ledmatrix_prg.o (__aeabi_ui2d)
e:/iti arm course/03- imt sdk/03- imt sdk/imt_sdk_win_64/imt_sdk_win_64/winarm/armgcc/bin/../lib/gcc/arm-none-eabi/7.2.1/thumb/v7e-m\libgcc.a(_arm_muldivdf3.o)
                              ./src/MCAL/USART/USART_prg.o (__aeabi_dmul)
e:/iti arm course/03- imt sdk/03- imt sdk/imt_sdk_win_64/imt_sdk_win_64/winarm/armgcc/bin/../lib/gcc/arm-none-eabi/7.2.1/thumb/v7e-m\libgcc.a(_arm_cmpdf2.o)
                              ./src/HAL/LedMatrix/ledmatrix_prg.o (__aeabi_dcmplt)
e:/iti arm course/03- imt sdk/03- imt sdk/imt_sdk_win_64/imt_sdk_win_64/winarm/armgcc/bin/../lib/gcc/arm-none-eabi/7.2.1/thumb/v7e-m\libgcc.a(_arm_truncdfsf2.o)
                              ./src/MCAL/USART/USART_prg.o (__aeabi_d2f)
e:/iti arm course/03- imt sdk/03- imt sdk/imt_sdk_win_64/imt_sdk_win_64/winarm/armgcc/bin/../lib/gcc/arm-none-eabi/7.2.1/thumb/v7e-m\libgcc.a(_arm_addsubsf3.o)
                              ./src/LIB/MATH_Fn.o (__aeabi_fsub)
e:/iti arm course/03- imt sdk/03- imt sdk/imt_sdk_win_64/imt_sdk_win_64/winarm/armgcc/bin/../lib/gcc/arm-none-eabi/7.2.1/thumb/v7e-m\libgcc.a(_arm_muldivsf3.o)
                              ./src/MCAL/USART/USART_prg.o (__aeabi_fmul)
e:/iti arm course/03- imt sdk/03- imt sdk/imt_sdk_win_64/imt_sdk_win_64/winarm/armgcc/bin/../lib/gcc/arm-none-eabi/7.2.1/thumb/v7e-m\libgcc.a(_arm_fixsfsi.o)
                              ./src/LIB/MATH_Fn.o (__aeabi_f2iz)
e:/iti arm course/03- imt sdk/03- imt sdk/imt_sdk_win_64/imt_sdk_win_64/winarm/armgcc/bin/../lib/gcc/arm-none-eabi/7.2.1/thumb/v7e-m\libgcc.a(_arm_fixunssfsi.o)
                              ./src/MCAL/SYSTICK/SYSTICK_prg.o (__aeabi_f2uiz)
e:/iti arm course/03- imt sdk/03- imt sdk/imt_sdk_win_64/imt_sdk_win_64/winarm/armgcc/bin/../lib/gcc/arm-none-eabi/7.2.1/../../../../arm-none-eabi/lib/thumb/v7e-m\libg_nano.a(lib_a-errno.o)
                              ./system/src/newlib/_sbrk.o (__errno)
e:/iti arm course/03- imt sdk/03- imt sdk/imt_sdk_win_64/imt_sdk_win_64/winarm/armgcc/bin/../lib/gcc/arm-none-eabi/7.2.1/../../../../arm-none-eabi/lib/thumb/v7e-m\libg_nano.a(lib_a-impure.o)
                              e:/iti arm course/03- imt sdk/03- imt sdk/imt_sdk_win_64/imt_sdk_win_64/winarm/armgcc/bin/../lib/gcc/arm-none-eabi/7.2.1/../../../../arm-none-eabi/lib/thumb/v7e-m\libg_nano.a(lib_a-errno.o) (_impure_ptr)
e:/iti arm course/03- imt sdk/03- imt sdk/imt_sdk_win_64/imt_sdk_win_64/winarm/armgcc/bin/../lib/gcc/arm-none-eabi/7.2.1/../../../../arm-none-eabi/lib/thumb/v7e-m\libg_nano.a(lib_a-strlen.o)
                              ./system/src/diag/Trace.o (strlen)
e:/iti arm course/03- imt sdk/03- imt sdk/imt_sdk_win_64/imt_sdk_win_64/winarm/armgcc/bin/../lib/gcc/arm-none-eabi/7.2.1/../../../../arm-none-eabi/lib/thumb/v7e-m\libg_nano.a(lib_a-vsnprintf.o)
                              ./system/src/diag/Trace.o (vsnprintf)
e:/iti arm course/03- imt sdk/03- imt sdk/imt_sdk_win_64/imt_sdk_win_64/winarm/armgcc/bin/../lib/gcc/arm-none-eabi/7.2.1/../../../../arm-none-eabi/lib/thumb/v7e-m\libg_nano.a(lib_a-nano-svfprintf.o)
                              e:/iti arm course/03- imt sdk/03- imt sdk/imt_sdk_win_64/imt_sdk_win_64/winarm/armgcc/bin/../lib/gcc/arm-none-eabi/7.2.1/../../../../arm-none-eabi/lib/thumb/v7e-m\libg_nano.a(lib_a-vsnprintf.o) (_svfprintf_r)
e:/iti arm course/03- imt sdk/03- imt sdk/imt_sdk_win_64/imt_sdk_win_64/winarm/armgcc/bin/../lib/gcc/arm-none-eabi/7.2.1/../../../../arm-none-eabi/lib/thumb/v7e-m\libg_nano.a(lib_a-nano-vfprintf_i.o)
                              e:/iti arm course/03- imt sdk/03- imt sdk/imt_sdk_win_64/imt_sdk_win_64/winarm/armgcc/bin/../lib/gcc/arm-none-eabi/7.2.1/../../../../arm-none-eabi/lib/thumb/v7e-m\libg_nano.a(lib_a-nano-svfprintf.o) (_printf_i)
e:/iti arm course/03- imt sdk/03- imt sdk/imt_sdk_win_64/imt_sdk_win_64/winarm/armgcc/bin/../lib/gcc/arm-none-eabi/7.2.1/../../../../arm-none-eabi/lib/thumb/v7e-m\libg_nano.a(lib_a-memchr.o)
                              e:/iti arm course/03- imt sdk/03- imt sdk/imt_sdk_win_64/imt_sdk_win_64/winarm/armgcc/bin/../lib/gcc/arm-none-eabi/7.2.1/../../../../arm-none-eabi/lib/thumb/v7e-m\libg_nano.a(lib_a-nano-svfprintf.o) (memchr)
e:/iti arm course/03- imt sdk/03- imt sdk/imt_sdk_win_64/imt_sdk_win_64/winarm/armgcc/bin/../lib/gcc/arm-none-eabi/7.2.1/../../../../arm-none-eabi/lib/thumb/v7e-m\libg_nano.a(lib_a-memcpy-stub.o)
                              e:/iti arm course/03- imt sdk/03- imt sdk/imt_sdk_win_64/imt_sdk_win_64/winarm/armgcc/bin/../lib/gcc/arm-none-eabi/7.2.1/../../../../arm-none-eabi/lib/thumb/v7e-m\libg_nano.a(lib_a-nano-svfprintf.o) (memcpy)
[...]
Memory Configuration

Name             Origin             Length             Attributes
RAM              0x20000000         0x00010000         xrw
CCMRAM           0x10000000         0x00000000         xrw
FLASH            0x08000000         0x00040000         xr
FLASHB1          0x00000000         0x00000000         xr
EXTMEMB0         0x00000000         0x00000000         xr
EXTMEMB1         0x00000000         0x00000000         xr
EXTMEMB2         0x00000000         0x00000000         xr
EXTMEMB3         0x00000000         0x00000000         xr
*default*        0x00000000         0xffffffff

Linker script and memory map

LOAD ./system/src/stm32f4-hal/stm32f4xx_hal.o
LOAD ./system/src/stm32f4-hal/stm32f4xx_hal_cortex.o
LOAD ./system/src/stm32f4-hal/stm32f4xx_hal_dfsdm.o
LOAD ./system/src/stm32f4-hal/stm32f4xx_hal_flash.o
LOAD ./system/src/stm32f4-hal/stm32f4xx_hal_gpio.o
LOAD ./system/src/stm32f4-hal/stm32f4xx_hal_iwdg.o
LOAD ./system/src/stm32f4-hal/stm32f4xx_hal_pwr.o
LOAD ./system/src/stm32f4-hal/stm32f4xx_hal_rcc.o
LOAD ./system/src/newlib/_cxx.o
LOAD ./system/src/newlib/_exit.o
LOAD ./system/src/newlib/_sbrk.o
LOAD ./system/src/newlib/_startup.o
LOAD ./system/src/newlib/_syscalls.o
LOAD ./system/src/newlib/assert.o
LOAD ./system/src/diag/Trace.o
LOAD ./system/src/diag/trace_impl.o
LOAD ./system/src/cortexm/_initialize_hardware.o
LOAD ./system/src/cortexm/_reset_hardware.o
LOAD ./system/src/cortexm/exception_handlers.o
LOAD ./system/src/cmsis/system_stm32f4xx.o
LOAD ./system/src/cmsis/vectors_stm32f401xc.o
LOAD ./src/OS/os_prg.o
LOAD ./src/MCAL/USART/USART_prg.o
LOAD ./src/MCAL/SYSTICK/SYSTICK_prg.o
LOAD ./src/MCAL/SYSCFG/SYSCFG_prog.o
LOAD ./src/MCAL/RCC/RCC_prg.o
LOAD ./src/MCAL/NVIC/NVIC_prog.o
LOAD ./src/MCAL/GPIO/GPIO_prg.o
LOAD ./src/MCAL/EXTI/EXTI_prog.o
LOAD ./src/LIB/MATH_Fn.o
LOAD ./src/HAL/SevenSegment/SevSeg_prog.o
LOAD ./src/HAL/STP/STP_prg.o
LOAD ./src/HAL/NEC/NEC_prg.o
LOAD ./src/HAL/LedMatrix/ledmatrix_prg.o
LOAD ./src/HAL/DAC/DAC_prg.o
LOAD ./src/APP/_initialize_hardware.o
LOAD ./src/APP/main.o
LOAD ./src/APP/stm32f4xx_hal_msp.o
LOAD e:/iti arm course/03- imt sdk/03- imt sdk/imt_sdk_win_64/imt_sdk_win_64/winarm/armgcc/bin/../lib/gcc/arm-none-eabi/7.2.1/../../../../arm-none-eabi/lib/thumb/v7e-m\libstdc++_nano.a
LOAD e:/iti arm course/03- imt sdk/03- imt sdk/imt_sdk_win_64/imt_sdk_win_64/winarm/armgcc/bin/../lib/gcc/arm-none-eabi/7.2.1/../../../../arm-none-eabi/lib/thumb/v7e-m\libm.a
START GROUP
LOAD e:/iti arm course/03- imt sdk/03- imt sdk/imt_sdk_win_64/imt_sdk_win_64/winarm/armgcc/bin/../lib/gcc/arm-none-eabi/7.2.1/thumb/v7e-m\libgcc.a
LOAD e:/iti arm course/03- imt sdk/03- imt sdk/imt_sdk_win_64/imt_sdk_win_64/winarm/armgcc/bin/../lib/gcc/arm-none-eabi/7.2.1/../../../../arm-none-eabi/lib/thumb/v7e-m\libg_nano.a
LOAD e:/iti arm course/03- imt sdk/03- imt sdk/imt_sdk_win_64/imt_sdk_win_64/winarm/armgcc/bin/../lib/gcc/arm-none-eabi/7.2.1/../../../../arm-none-eabi/lib/thumb/v7e-m\libc_nano.a
END GROUP
START GROUP
LOAD e:/iti arm course/03- imt sdk/03- imt sdk/imt_sdk_win_64/imt_sdk_win_64/winarm/armgcc/bin/../lib/gcc/arm-none-eabi/7.2.1/thumb/v7e-m\libgcc.a
LOAD e:/iti arm course/03- imt sdk/03- imt sdk/imt_sdk_win_64/imt_sdk_win_64/winarm/armgcc/bin/../lib/gcc/arm-none-eabi/7.2.1/../../../../arm-none-eabi/lib/thumb/v7e-m\libc_nano.a
END GROUP
                0x20010000                __stack = (ORIGIN (RAM) + LENGTH (RAM))
                0x20010000                _estack = __stack
                0x00000400                __Main_Stack_Size = 0x400
                [!provide]                PROVIDE (_Main_Stack_Size, __Main_Stack_Size)
                0x2000fc00                __Main_Stack_Limit = (__stack - __Main_Stack_Size)
                [!provide]                PROVIDE (_Main_Stack_Limit, __Main_Stack_Limit)
                0x00000100                _Minimum_Stack_Size = 0x100
                0x20000774                PROVIDE (_Heap_Begin, _end_noinit)
                0x2000fc00                PROVIDE (_Heap_Limit, (__stack - __Main_Stack_Size))

.isr_vector     0x08000000      0x3f4
 FILL mask 0xff
                0x08000000                __vectors_start = ABSOLUTE (.)
                0x08000000                __vectors_start__ = ABSOLUTE (.)
 *(.isr_vector)
 .isr_vector    0x08000000      0x194 ./system/src/cmsis/vectors_stm32f401xc.o
                0x08000000                __isr_vectors
 *(.cfmconfig)
 *(.after_vectors .after_vectors.*)
 .after_vectors
                0x08000194      0x130 ./system/src/newlib/_startup.o
                0x08000194                _start
 .after_vectors
                0x080002c4      0x12c ./system/src/cortexm/exception_handlers.o
                0x080002c4                Reset_Handler
                0x080002ca                NMI_Handler
                0x080002ce                HardFault_Handler
                0x080002e2                HardFault_Handler_C
                0x08000340                MemManage_Handler
                0x08000344                BusFault_Handler
                0x08000358                BusFault_Handler_C
                0x0800038c                UsageFault_Handler
                0x080003a0                UsageFault_Handler_C
                0x080003d4                SVC_Handler
                0x080003d8                DebugMon_Handler
                0x080003dc                PendSV_Handler
 .after_vectors
                0x080003f0        0x4 ./system/src/cmsis/vectors_stm32f401xc.o
                0x080003f0                RTC_Alarm_IRQHandler
                0x080003f0                SPI4_IRQHandler
                0x080003f0                TIM1_CC_IRQHandler
                0x080003f0                DMA2_Stream5_IRQHandler
                0x080003f0                DMA1_Stream5_IRQHandler
                0x080003f0                PVD_IRQHandler
                0x080003f0                SDIO_IRQHandler
                0x080003f0                TAMP_STAMP_IRQHandler
                0x080003f0                TIM1_UP_TIM10_IRQHandler
                0x080003f0                I2C3_ER_IRQHandler
                0x080003f0                I2C2_EV_IRQHandler
                0x080003f0                DMA1_Stream2_IRQHandler
                0x080003f0                FPU_IRQHandler
                0x080003f0                DMA2_Stream2_IRQHandler
                0x080003f0                SPI1_IRQHandler
                0x080003f0                TIM1_BRK_TIM9_IRQHandler
                0x080003f0                DMA2_Stream3_IRQHandler
                0x080003f0                DMA2_Stream0_IRQHandler
                0x080003f0                TIM4_IRQHandler
                0x080003f0                I2C1_EV_IRQHandler
                0x080003f0                DMA1_Stream6_IRQHandler
                0x080003f0                DMA1_Stream1_IRQHandler
                0x080003f0                TIM3_IRQHandler
                0x080003f0                RCC_IRQHandler
                0x080003f0                Default_Handler
                0x080003f0                ADC_IRQHandler
                0x080003f0                DMA1_Stream7_IRQHandler
                0x080003f0                TIM5_IRQHandler
                0x080003f0                DMA2_Stream7_IRQHandler
                0x080003f0                I2C3_EV_IRQHandler
                0x080003f0                RTC_WKUP_IRQHandler
                0x080003f0                SPI2_IRQHandler
                0x080003f0                DMA1_Stream0_IRQHandler
                0x080003f0                WWDG_IRQHandler
                0x080003f0                TIM2_IRQHandler
                0x080003f0                OTG_FS_WKUP_IRQHandler
                0x080003f0                TIM1_TRG_COM_TIM11_IRQHandler
                0x080003f0                I2C2_ER_IRQHandler
                0x080003f0                DMA2_Stream1_IRQHandler
                0x080003f0                FLASH_IRQHandler
                0x080003f0                DMA2_Stream4_IRQHandler
                0x080003f0                OTG_FS_IRQHandler
                0x080003f0                SPI3_IRQHandler
                0x080003f0                DMA1_Stream4_IRQHandler
                0x080003f0                I2C1_ER_IRQHandler
                0x080003f0                DMA2_Stream6_IRQHandler
                0x080003f0                DMA1_Stream3_IRQHandler

.inits          0x080003f4       0x28
                0x080003f4                __data_regions_array_start = .
                0x080003f4        0x4 LONG 0x8003770 LOADADDR (.data)
                0x080003f8        0x4 LONG 0x20000000 ADDR (.data)
                0x080003fc        0x4 LONG 0x20000078 (ADDR (.data) + SIZEOF (.data))
                0x08000400        0x4 LONG 0x8003770 LOADADDR (.data_CCMRAM)
                0x08000404        0x4 LONG 0x10000000 ADDR (.data_CCMRAM)
                0x08000408        0x4 LONG 0x10000000 (ADDR (.data_CCMRAM) + SIZEOF (.data_CCMRAM))
                0x0800040c                __data_regions_array_end = .
                0x0800040c                __bss_regions_array_start = .
                0x0800040c        0x4 LONG 0x20000078 ADDR (.bss)
                0x08000410        0x4 LONG 0x20000774 (ADDR (.bss) + SIZEOF (.bss))
                0x08000414        0x4 LONG 0x10000000 ADDR (.bss_CCMRAM)
                0x08000418        0x4 LONG 0x10000000 (ADDR (.bss_CCMRAM) + SIZEOF (.bss_CCMRAM))
                0x0800041c                __bss_regions_array_end = .
 *(.init)
 *(.fini)
                0x0800041c                . = ALIGN (0x4)
                0x0800041c                PROVIDE (__preinit_array_start, .)
 *(.preinit_array_sysinit .preinit_array_sysinit.*)
 *(.preinit_array_platform .preinit_array_platform.*)
 *(.preinit_array .preinit_array.*)
                0x0800041c                PROVIDE (__preinit_array_end, .)
                0x0800041c                . = ALIGN (0x4)
                0x0800041c                PROVIDE (__init_array_start, .)
 *(SORT_BY_NAME(.init_array.*))
 *(.init_array)
                0x0800041c                PROVIDE (__init_array_end, .)
                0x0800041c                . = ALIGN (0x4)
                0x0800041c                PROVIDE (__fini_array_start, .)
 *(SORT_BY_NAME(.fini_array.*))
 *(.fini_array)
                0x0800041c                PROVIDE (__fini_array_end, .)

.flashtext
 *(.flashtext .flashtext.*)

.text           0x08000420     0x334f
 *(.text .text.*)
 .text.HAL_InitTick
                0x08000420       0x2c ./system/src/stm32f4-hal/stm32f4xx_hal.o
                0x08000420                HAL_InitTick
 .text.HAL_Init
                0x0800044c       0x34 ./system/src/stm32f4-hal/stm32f4xx_hal.o
                0x0800044c                HAL_Init
 .text.HAL_GetTick
                0x08000480        0xc ./system/src/stm32f4-hal/stm32f4xx_hal.o
                0x08000480                HAL_GetTick
 .text.HAL_NVIC_SetPriorityGrouping
                0x0800048c       0x3c ./system/src/stm32f4-hal/stm32f4xx_hal_cortex.o
                0x0800048c                HAL_NVIC_SetPriorityGrouping
 .text.HAL_NVIC_SetPriority
                0x080004c8       0x8c ./system/src/stm32f4-hal/stm32f4xx_hal_cortex.o
                0x080004c8                HAL_NVIC_SetPriority
 .text.HAL_SYSTICK_Config
                0x08000554       0x2c ./system/src/stm32f4-hal/stm32f4xx_hal_cortex.o
                0x08000554                HAL_SYSTICK_Config
 .text.HAL_SYSTICK_CLKSourceConfig
                0x08000580       0x3c ./system/src/stm32f4-hal/stm32f4xx_hal_cortex.o
                0x08000580                HAL_SYSTICK_CLKSourceConfig
 .text.HAL_RCC_OscConfig
                0x080005bc      0x43c ./system/src/stm32f4-hal/stm32f4xx_hal_rcc.o
                0x080005bc                HAL_RCC_OscConfig
 .text.HAL_RCC_GetSysClockFreq
                0x080009f8       0x88 ./system/src/stm32f4-hal/stm32f4xx_hal_rcc.o
                0x080009f8                HAL_RCC_GetSysClockFreq
 .text.HAL_RCC_ClockConfig
                0x08000a80      0x258 ./system/src/stm32f4-hal/stm32f4xx_hal_rcc.o
                0x08000a80                HAL_RCC_ClockConfig
 .text.HAL_RCC_GetHCLKFreq
                0x08000cd8        0xc ./system/src/stm32f4-hal/stm32f4xx_hal_rcc.o
                0x08000cd8                HAL_RCC_GetHCLKFreq
 .text._exit    0x08000ce4        0x2 ./system/src/newlib/_exit.o
                0x08000ce4                _exit
 *fill*         0x08000ce6        0x2 
 .text.abort    0x08000ce8       0x14 ./system/src/newlib/_exit.o
                0x08000ce8                abort
 .text._sbrk    0x08000cfc       0x44 ./system/src/newlib/_sbrk.o
                0x08000cfc                _sbrk
 .text.__initialize_args
                0x08000d40       0x10 ./system/src/newlib/_syscalls.o
                0x08000d40                __initialize_args
 .text.assert_failed
                0x08000d50       0x14 ./system/src/newlib/assert.o
                0x08000d50                assert_failed
 .text.trace_printf
                0x08000d64       0x30 ./system/src/diag/Trace.o
                0x08000d64                trace_printf
 .text.trace_puts
                0x08000d94       0x20 ./system/src/diag/Trace.o
                0x08000d94                trace_puts
 .text._trace_write_semihosting_debug
                0x08000db4       0x60 ./system/src/diag/trace_impl.o
 .text.trace_write
                0x08000e14        0x8 ./system/src/diag/trace_impl.o
                0x08000e14                trace_write
 .text.__initialize_hardware_early
                0x08000e1c       0x18 ./system/src/cortexm/_initialize_hardware.o
                0x08000e1c                __initialize_hardware_early
 .text.dumpExceptionStack
                0x08000e34       0xf4 ./system/src/cortexm/exception_handlers.o
                0x08000e34                dumpExceptionStack
 .text.isSemihosting
                0x08000f28       0x20 ./system/src/cortexm/exception_handlers.o
                0x08000f28                isSemihosting
 .text.SystemInit
                0x08000f48       0x40 ./system/src/cmsis/system_stm32f4xx.o
                0x08000f48                SystemInit
 .text.SystemCoreClockUpdate
                0x08000f88       0x9c ./system/src/cmsis/system_stm32f4xx.o
                0x08000f88                SystemCoreClockUpdate
 .text.MUSART_GetFlagStatus
                0x08001024       0x58 ./src/MCAL/USART/USART_prg.o
                0x08001024                MUSART_GetFlagStatus
 .text.MUSART_EnableInterrupt
                0x0800107c       0x54 ./src/MCAL/USART/USART_prg.o
                0x0800107c                MUSART_EnableInterrupt
 .text.MUSART_DisableInterrupt
                0x080010d0       0x58 ./src/MCAL/USART/USART_prg.o
                0x080010d0                MUSART_DisableInterrupt
 .text.MUSART_vBaudRateCalculations
                0x08001128       0x2a ./src/MCAL/USART/USART_prg.o
                0x08001128                MUSART_vBaudRateCalculations
 *fill*         0x08001152        0x2 
 .text.MUSART_Init
                0x08001154      0x1d8 ./src/MCAL/USART/USART_prg.o
                0x08001154                MUSART_Init
 .text.MUSART_u8ReadByte
                0x0800132c       0x48 ./src/MCAL/USART/USART_prg.o
                0x0800132c                MUSART_u8ReadByte
 .text.MUSART_u8BytesAvailable
                0x08001374       0x38 ./src/MCAL/USART/USART_prg.o
                0x08001374                MUSART_u8BytesAvailable
 .text.MUSART_u8WriteByte
                0x080013ac       0x58 ./src/MCAL/USART/USART_prg.o
                0x080013ac                MUSART_u8WriteByte
 .text.MUSART_u8WriteString
                0x08001404       0x1a ./src/MCAL/USART/USART_prg.o
                0x08001404                MUSART_u8WriteString
 *fill*         0x0800141e        0x2 
 .text.MUSART_f32ParseFloatBlocking
                0x08001420       0xe8 ./src/MCAL/USART/USART_prg.o
                0x08001420                MUSART_f32ParseFloatBlocking
 .text.USART1_IRQHandler
                0x08001508       0x68 ./src/MCAL/USART/USART_prg.o
                0x08001508                USART1_IRQHandler
 .text.USART2_IRQHandler
                0x08001570       0x68 ./src/MCAL/USART/USART_prg.o
                0x08001570                USART2_IRQHandler
 .text.USART6_IRQHandler
                0x080015d8       0x68 ./src/MCAL/USART/USART_prg.o
                0x080015d8                USART6_IRQHandler
 .text.MSYSTICK_vChooseClockSource
                0x08001640       0x28 ./src/MCAL/SYSTICK/SYSTICK_prg.o
                0x08001640                MSYSTICK_vChooseClockSource
 .text.MSYSTICK_vDisableTimer
                0x08001668       0x10 ./src/MCAL/SYSTICK/SYSTICK_prg.o
                0x08001668                MSYSTICK_vDisableTimer
 .text.SysTick_Handler
                0x08001678       0x38 ./src/MCAL/SYSTICK/SYSTICK_prg.o
                0x08001678                SysTick_Handler
 .text.MRCC_vInit
                0x080016b0       0x34 ./src/MCAL/RCC/RCC_prg.o
                0x080016b0                MRCC_vInit
 .text.MRCC_vEnableClk
                0x080016e4       0x50 ./src/MCAL/RCC/RCC_prg.o
                0x080016e4                MRCC_vEnableClk
 .text.MRCC_vSetAHBPrescaler
                0x08001734       0x18 ./src/MCAL/RCC/RCC_prg.o
                0x08001734                MRCC_vSetAHBPrescaler
 .text.MNVIC_vEnableInterrupt
                0x0800174c       0x24 ./src/MCAL/NVIC/NVIC_prog.o
                0x0800174c                MNVIC_vEnableInterrupt
 .text.MGPIO_vSetPinMode
                0x08001770       0x70 ./src/MCAL/GPIO/GPIO_prg.o
                0x08001770                MGPIO_vSetPinMode
 .text.MGPIO_vSetPinOutputType
                0x080017e0       0x8c ./src/MCAL/GPIO/GPIO_prg.o
                0x080017e0                MGPIO_vSetPinOutputType
 .text.MGPIO_vSetPinSpeed
                0x0800186c       0x70 ./src/MCAL/GPIO/GPIO_prg.o
                0x0800186c                MGPIO_vSetPinSpeed
 .text.MGPIO_vSetPinPullUpDown
                0x080018dc       0x70 ./src/MCAL/GPIO/GPIO_prg.o
                0x080018dc                MGPIO_vSetPinPullUpDown
 .text.MGPIO_vSetPinAlternateFunction
                0x0800194c       0xa0 ./src/MCAL/GPIO/GPIO_prg.o
                0x0800194c                MGPIO_vSetPinAlternateFunction
 .text.MGPIO_vPinInit
                0x080019ec       0x38 ./src/MCAL/GPIO/GPIO_prg.o
                0x080019ec                MGPIO_vPinInit
 .text.MEXTI_u8GetPendingFlag
                0x08001a24       0x1c ./src/MCAL/EXTI/EXTI_prog.o
                0x08001a24                MEXTI_u8GetPendingFlag
 .text.MEXTI_vClearPendingFlag
                0x08001a40       0x18 ./src/MCAL/EXTI/EXTI_prog.o
                0x08001a40                MEXTI_vClearPendingFlag
 .text.EXTI0_IRQHandler
                0x08001a58       0x24 ./src/MCAL/EXTI/EXTI_prog.o
                0x08001a58                EXTI0_IRQHandler
 .text.EXTI1_IRQHandler
                0x08001a7c       0x24 ./src/MCAL/EXTI/EXTI_prog.o
                0x08001a7c                EXTI1_IRQHandler
 .text.EXTI2_IRQHandler
                0x08001aa0       0x24 ./src/MCAL/EXTI/EXTI_prog.o
                0x08001aa0                EXTI2_IRQHandler
 .text.EXTI3_IRQHandler
                0x08001ac4       0x24 ./src/MCAL/EXTI/EXTI_prog.o
                0x08001ac4                EXTI3_IRQHandler
 .text.EXTI4_IRQHandler
                0x08001ae8       0x24 ./src/MCAL/EXTI/EXTI_prog.o
                0x08001ae8                EXTI4_IRQHandler
 .text.EXTI9_5_IRQHandler
                0x08001b0c       0x8c ./src/MCAL/EXTI/EXTI_prog.o
                0x08001b0c                EXTI9_5_IRQHandler
 .text.EXTI15_10_IRQHandler
                0x08001b98       0xa8 ./src/MCAL/EXTI/EXTI_prog.o
                0x08001b98                EXTI15_10_IRQHandler
 .text.itoa     0x08001c40       0x68 ./src/LIB/MATH_Fn.o
                0x08001c40                itoa
 .text.ftoa     0x08001ca8       0x7c ./src/LIB/MATH_Fn.o
                0x08001ca8                ftoa
 .text.SystemClock_Config
                0x08001d24       0x98 ./src/APP/_initialize_hardware.o
                0x08001d24                SystemClock_Config
 .text.__initialize_hardware
                0x08001dbc       0x10 ./src/APP/_initialize_hardware.o
                0x08001dbc                __initialize_hardware
 .text.main     0x08001dcc      0x104 ./src/APP/main.o
                0x08001dcc                main
 .text.HAL_MspInit
                0x08001ed0        0x2 ./src/APP/stm32f4xx_hal_msp.o
                0x08001ed0                HAL_MspInit
 *fill*         0x08001ed2        0x2 
 .text          0x08001ed4      0x378 e:/iti arm course/03- imt sdk/03- imt sdk/imt_sdk_win_64/imt_sdk_win_64/winarm/armgcc/bin/../lib/gcc/arm-none-eabi/7.2.1/thumb/v7e-m\libgcc.a(_arm_addsubdf3.o)
                0x08001ed4                __aeabi_drsub
                0x08001edc                __aeabi_dsub
                0x08001edc                __subdf3
                0x08001ee0                __aeabi_dadd
                0x08001ee0                __adddf3
                0x08002158                __floatunsidf
                0x08002158                __aeabi_ui2d
                0x08002178                __floatsidf
                0x08002178                __aeabi_i2d
                0x0800219c                __aeabi_f2d
                0x0800219c                __extendsfdf2
                0x080021e0                __floatundidf
                0x080021e0                __aeabi_ul2d
                0x080021f0                __floatdidf
                0x080021f0                __aeabi_l2d
 .text          0x0800224c      0x424 e:/iti arm course/03- imt sdk/03- imt sdk/imt_sdk_win_64/imt_sdk_win_64/winarm/armgcc/bin/../lib/gcc/arm-none-eabi/7.2.1/thumb/v7e-m\libgcc.a(_arm_muldivdf3.o)
                0x0800224c                __aeabi_dmul
                0x0800224c                __muldf3
                0x080024a0                __divdf3
                0x080024a0                __aeabi_ddiv
 .text          0x08002670       0xa0 e:/iti arm course/03- imt sdk/03- imt sdk/imt_sdk_win_64/imt_sdk_win_64/winarm/armgcc/bin/../lib/gcc/arm-none-eabi/7.2.1/thumb/v7e-m\libgcc.a(_arm_truncdfsf2.o)
                0x08002670                __truncdfsf2
                0x08002670                __aeabi_d2f
 .text          0x08002710      0x21c e:/iti arm course/03- imt sdk/03- imt sdk/imt_sdk_win_64/imt_sdk_win_64/winarm/armgcc/bin/../lib/gcc/arm-none-eabi/7.2.1/thumb/v7e-m\libgcc.a(_arm_addsubsf3.o)
                0x08002710                __aeabi_frsub
                0x08002718                __subsf3
                0x08002718                __aeabi_fsub
                0x0800271c                __aeabi_fadd
                0x0800271c                __addsf3
                0x0800287c                __aeabi_ui2f
                0x0800287c                __floatunsisf
                0x08002884                __aeabi_i2f
                0x08002884                __floatsisf
                0x080028a0                __aeabi_ul2f
                0x080028a0                __floatundisf
                0x080028b0                __aeabi_l2f
                0x080028b0                __floatdisf
 .text          0x0800292c      0x2a0 e:/iti arm course/03- imt sdk/03- imt sdk/imt_sdk_win_64/imt_sdk_win_64/winarm/armgcc/bin/../lib/gcc/arm-none-eabi/7.2.1/thumb/v7e-m\libgcc.a(_arm_muldivsf3.o)
                0x0800292c                __mulsf3
                0x0800292c                __aeabi_fmul
                0x08002a94                __aeabi_fdiv
                0x08002a94                __divsf3
 .text          0x08002bcc       0x4c e:/iti arm course/03- imt sdk/03- imt sdk/imt_sdk_win_64/imt_sdk_win_64/winarm/armgcc/bin/../lib/gcc/arm-none-eabi/7.2.1/thumb/v7e-m\libgcc.a(_arm_fixsfsi.o)
                0x08002bcc                __aeabi_f2iz
                0x08002bcc                __fixsfsi
 .text.__errno  0x08002c18        0xc e:/iti arm course/03- imt sdk/03- imt sdk/imt_sdk_win_64/imt_sdk_win_64/winarm/armgcc/bin/../lib/gcc/arm-none-eabi/7.2.1/../../../../arm-none-eabi/lib/thumb/v7e-m\libg_nano.a(lib_a-errno.o)
                0x08002c18                __errno
 .text          0x08002c24       0x10 e:/iti arm course/03- imt sdk/03- imt sdk/imt_sdk_win_64/imt_sdk_win_64/winarm/armgcc/bin/../lib/gcc/arm-none-eabi/7.2.1/../../../../arm-none-eabi/lib/thumb/v7e-m\libg_nano.a(lib_a-strlen.o)
                0x08002c24                strlen
 .text._vsnprintf_r
                0x08002c34       0x58 e:/iti arm course/03- imt sdk/03- imt sdk/imt_sdk_win_64/imt_sdk_win_64/winarm/armgcc/bin/../lib/gcc/arm-none-eabi/7.2.1/../../../../arm-none-eabi/lib/thumb/v7e-m\libg_nano.a(lib_a-vsnprintf.o)
                0x08002c34                _vsniprintf_r
                0x08002c34                _vsnprintf_r
 .text.vsnprintf
                0x08002c8c       0x1c e:/iti arm course/03- imt sdk/03- imt sdk/imt_sdk_win_64/imt_sdk_win_64/winarm/armgcc/bin/../lib/gcc/arm-none-eabi/7.2.1/../../../../arm-none-eabi/lib/thumb/v7e-m\libg_nano.a(lib_a-vsnprintf.o)
                0x08002c8c                vsniprintf
                0x08002c8c                vsnprintf
 .text.__ssputs_r
                0x08002ca8       0xb4 e:/iti arm course/03- imt sdk/03- imt sdk/imt_sdk_win_64/imt_sdk_win_64/winarm/armgcc/bin/../lib/gcc/arm-none-eabi/7.2.1/../../../../arm-none-eabi/lib/thumb/v7e-m\libg_nano.a(lib_a-nano-svfprintf.o)
                0x08002ca8                __ssputs_r
 .text._svfprintf_r
                0x08002d5c      0x1ec e:/iti arm course/03- imt sdk/03- imt sdk/imt_sdk_win_64/imt_sdk_win_64/winarm/armgcc/bin/../lib/gcc/arm-none-eabi/7.2.1/../../../../arm-none-eabi/lib/thumb/v7e-m\libg_nano.a(lib_a-nano-svfprintf.o)
                0x08002d5c                _svfiprintf_r
                0x08002d5c                _svfprintf_r
 .text._printf_common
                0x08002f48       0xea e:/iti arm course/03- imt sdk/03- imt sdk/imt_sdk_win_64/imt_sdk_win_64/winarm/armgcc/bin/../lib/gcc/arm-none-eabi/7.2.1/../../../../arm-none-eabi/lib/thumb/v7e-m\libg_nano.a(lib_a-nano-vfprintf_i.o)
                0x08002f48                _printf_common
 *fill*         0x08003032        0x2 
 .text._printf_i
                0x08003034      0x224 e:/iti arm course/03- imt sdk/03- imt sdk/imt_sdk_win_64/imt_sdk_win_64/winarm/armgcc/bin/../lib/gcc/arm-none-eabi/7.2.1/../../../../arm-none-eabi/lib/thumb/v7e-m\libg_nano.a(lib_a-nano-vfprintf_i.o)
                0x08003034                _printf_i
 *fill*         0x08003258        0x8 
 .text          0x08003260       0xa0 e:/iti arm course/03- imt sdk/03- imt sdk/imt_sdk_win_64/imt_sdk_win_64/winarm/armgcc/bin/../lib/gcc/arm-none-eabi/7.2.1/../../../../arm-none-eabi/lib/thumb/v7e-m\libg_nano.a(lib_a-memchr.o)
                0x08003260                memchr
 .text.memcpy   0x08003300       0x16 e:/iti arm course/03- imt sdk/03- imt sdk/imt_sdk_win_64/imt_sdk_win_64/winarm/armgcc/bin/../lib/gcc/arm-none-eabi/7.2.1/../../../../arm-none-eabi/lib/thumb/v7e-m\libg_nano.a(lib_a-memcpy-stub.o)
                0x08003300                memcpy
 .text.memmove  0x08003316       0x32 e:/iti arm course/03- imt sdk/03- imt sdk/imt_sdk_win_64/imt_sdk_win_64/winarm/armgcc/bin/../lib/gcc/arm-none-eabi/7.2.1/../../../../arm-none-eabi/lib/thumb/v7e-m\libg_nano.a(lib_a-memmove.o)
                0x08003316                memmove
 .text._free_r  0x08003348       0x9c e:/iti arm course/03- imt sdk/03- imt sdk/imt_sdk_win_64/imt_sdk_win_64/winarm/armgcc/bin/../lib/gcc/arm-none-eabi/7.2.1/../../../../arm-none-eabi/lib/thumb/v7e-m\libg_nano.a(lib_a-nano-freer.o)
                0x08003348                _free_r
 .text._malloc_r
                0x080033e4       0xb4 e:/iti arm course/03- imt sdk/03- imt sdk/imt_sdk_win_64/imt_sdk_win_64/winarm/armgcc/bin/../lib/gcc/arm-none-eabi/7.2.1/../../../../arm-none-eabi/lib/thumb/v7e-m\libg_nano.a(lib_a-nano-mallocr.o)
                0x080033e4                _malloc_r
 .text._realloc_r
                0x08003498       0x4c e:/iti arm course/03- imt sdk/03- imt sdk/imt_sdk_win_64/imt_sdk_win_64/winarm/armgcc/bin/../lib/gcc/arm-none-eabi/7.2.1/../../../../arm-none-eabi/lib/thumb/v7e-m\libg_nano.a(lib_a-nano-reallocr.o)
                0x08003498                _realloc_r
 .text._sbrk_r  0x080034e4       0x20 e:/iti arm course/03- imt sdk/03- imt sdk/imt_sdk_win_64/imt_sdk_win_64/winarm/armgcc/bin/../lib/gcc/arm-none-eabi/7.2.1/../../../../arm-none-eabi/lib/thumb/v7e-m\libg_nano.a(lib_a-sbrkr.o)
                0x080034e4                _sbrk_r
 .text.__malloc_lock
                0x08003504        0x2 e:/iti arm course/03- imt sdk/03- imt sdk/imt_sdk_win_64/imt_sdk_win_64/winarm/armgcc/bin/../lib/gcc/arm-none-eabi/7.2.1/../../../../arm-none-eabi/lib/thumb/v7e-m\libg_nano.a(lib_a-mlock.o)
                0x08003504                __malloc_lock
 .text.__malloc_unlock
                0x08003506        0x2 e:/iti arm course/03- imt sdk/03- imt sdk/imt_sdk_win_64/imt_sdk_win_64/winarm/armgcc/bin/../lib/gcc/arm-none-eabi/7.2.1/../../../../arm-none-eabi/lib/thumb/v7e-m\libg_nano.a(lib_a-mlock.o)
                0x08003506                __malloc_unlock
 .text._malloc_usable_size_r
                0x08003508       0x10 e:/iti arm course/03- imt sdk/03- imt sdk/imt_sdk_win_64/imt_sdk_win_64/winarm/armgcc/bin/../lib/gcc/arm-none-eabi/7.2.1/../../../../arm-none-eabi/lib/thumb/v7e-m\libg_nano.a(lib_a-nano-msizer.o)
                0x08003508                _malloc_usable_size_r
 *(.rodata .rodata.* .constdata .constdata.*)
 .rodata.HAL_NVIC_SetPriorityGrouping.str1.4
                0x08003518       0x31 ./system/src/stm32f4-hal/stm32f4xx_hal_cortex.o
 *fill*         0x08003549        0x3 
 .rodata.APBAHBPrescTable
                0x0800354c       0x10 ./system/src/stm32f4-hal/stm32f4xx_hal_rcc.o
                0x0800354c                APBAHBPrescTable
 .rodata.HAL_RCC_OscConfig.str1.4
                0x0800355c       0x2e ./system/src/stm32f4-hal/stm32f4xx_hal_rcc.o
 *fill*         0x0800358a        0x2 
 .rodata.abort.str1.4
                0x0800358c       0x14 ./system/src/newlib/_exit.o
 .rodata.assert_failed.str1.4
                0x080035a0       0x2b ./system/src/newlib/assert.o
 .rodata.trace_puts.str1.4
                0x080035cb       0x2b ./system/src/diag/Trace.o
                                  0x2 (size before relaxing)
 *fill*         0x080035cb        0x1 
 .rodata.dumpExceptionStack.str1.4
                0x080035cc      0x11a ./system/src/cortexm/exception_handlers.o
 *fill*         0x080036e6        0x2 
 .rodata.str1.4
                0x080036e8       0x2c ./system/src/cortexm/exception_handlers.o
                                 0x2a (size before relaxing)
 .rodata.AHBPrescTable
                0x08003714       0x10 ./system/src/cmsis/system_stm32f4xx.o
                0x08003714                AHBPrescTable
 .rodata        0x08003724       0x18 ./src/APP/main.o
 .rodata._svfprintf_r.str1.1
                0x0800373c       0x11 e:/iti arm course/03- imt sdk/03- imt sdk/imt_sdk_win_64/imt_sdk_win_64/winarm/armgcc/bin/../lib/gcc/arm-none-eabi/7.2.1/../../../../arm-none-eabi/lib/thumb/v7e-m\libg_nano.a(lib_a-nano-svfprintf.o)
 .rodata._printf_i.str1.1
                0x0800374d       0x22 e:/iti arm course/03- imt sdk/03- imt sdk/imt_sdk_win_64/imt_sdk_win_64/winarm/armgcc/bin/../lib/gcc/arm-none-eabi/7.2.1/../../../../arm-none-eabi/lib/thumb/v7e-m\libg_nano.a(lib_a-nano-vfprintf_i.o)
 *(vtable)
 *(.eh_frame*)
 *(.glue_7)
 .glue_7        0x0800376f        0x0 linker stubs
 *(.glue_7t)
 .glue_7t       0x0800376f        0x0 linker stubs

.vfp11_veneer   0x08003770        0x0
 .vfp11_veneer  0x08003770        0x0 linker stubs

.v4_bx          0x08003770        0x0
 .v4_bx         0x08003770        0x0 linker stubs

.iplt           0x08003770        0x0
 .iplt          0x08003770        0x0 ./system/src/stm32f4-hal/stm32f4xx_hal.o

.rel.dyn        0x08003770        0x0
 .rel.iplt      0x08003770        0x0 ./system/src/stm32f4-hal/stm32f4xx_hal.o

.ARM.extab
 *(.ARM.extab* .gnu.linkonce.armextab.*)
                0x08003770                . = ALIGN (0x4)
                0x08003770                __exidx_start = .

.ARM.exidx
 *(.ARM.exidx* .gnu.linkonce.armexidx.*)
                0x08003770                __exidx_end = .
                0x08003770                . = ALIGN (0x4)
                0x08003770                _etext = .
                0x08003770                __etext = .

.data_CCMRAM    0x10000000        0x0 load address 0x08003770
 FILL mask 0xff
 *(.data.CCMRAM .data.CCMRAM.*)
                0x10000000                . = ALIGN (0x4)
                0x08003770                _sidata = LOADADDR (.data)

.data           0x20000000       0x78 load address 0x08003770
 FILL mask 0xff
                0x20000000                _sdata = .
                0x20000000                __data_start__ = .
 *(.data_begin .data_begin.*)
 .data_begin    0x20000000        0x4 ./system/src/newlib/_startup.o
 *(.data .data.*)
 .data.argv.4310
                0x20000004        0x8 ./system/src/newlib/_syscalls.o
 .data.SystemCoreClock
                0x2000000c        0x4 ./system/src/cmsis/system_stm32f4xx.o
                0x2000000c                SystemCoreClock
 .data._impure_ptr
                0x20000010        0x4 e:/iti arm course/03- imt sdk/03- imt sdk/imt_sdk_win_64/imt_sdk_win_64/winarm/armgcc/bin/../lib/gcc/arm-none-eabi/7.2.1/../../../../arm-none-eabi/lib/thumb/v7e-m\libg_nano.a(lib_a-impure.o)
                0x20000010                _impure_ptr
 .data.impure_data
                0x20000014       0x60 e:/iti arm course/03- imt sdk/03- imt sdk/imt_sdk_win_64/imt_sdk_win_64/winarm/armgcc/bin/../lib/gcc/arm-none-eabi/7.2.1/../../../../arm-none-eabi/lib/thumb/v7e-m\libg_nano.a(lib_a-impure.o)
 *(.data_end .data_end.*)
 .data_end      0x20000074        0x4 ./system/src/newlib/_startup.o
                0x20000078                . = ALIGN (0x4)
                0x20000078                _edata = .
                0x20000078                __data_end__ = .

.igot.plt       0x20000078        0x0 load address 0x080037e8
 .igot.plt      0x20000078        0x0 ./system/src/stm32f4-hal/stm32f4xx_hal.o

.bss_CCMRAM     0x10000000        0x0
 *(.bss.CCMRAM .bss.CCMRAM.*)

.bss            0x20000078      0x6fc
                0x20000078                __bss_start__ = .
                0x20000078                _sbss = .
 *(.bss_begin .bss_begin.*)
 .bss_begin     0x20000078        0x4 ./system/src/newlib/_startup.o
 *(.bss .bss.*)
 .bss.current_heap_end.3961
                0x2000007c        0x4 ./system/src/newlib/_sbrk.o
 .bss.name.4309
                0x20000080        0x1 ./system/src/newlib/_syscalls.o
 *fill*         0x20000081        0x3 
 .bss.buf.5205  0x20000084       0x80 ./system/src/diag/Trace.o
 .bss.G_sUSART1_Buffer_data
                0x20000104      0x204 ./src/MCAL/USART/USART_prg.o
                0x20000104                G_sUSART1_Buffer_data
 .bss.G_sUSART2_Buffer_data
                0x20000308      0x204 ./src/MCAL/USART/USART_prg.o
                0x20000308                G_sUSART2_Buffer_data
 .bss.G_sUSART6_Buffer_data
                0x2000050c      0x204 ./src/MCAL/USART/USART_prg.o
                0x2000050c                G_sUSART6_Buffer_data
 .bss.S_u8USART_TxINT_enabled
                0x20000710        0x1 ./src/MCAL/USART/USART_prg.o
 *fill*         0x20000711        0x3 
 .bss.G_pvCallBack
                0x20000714        0x4 ./src/MCAL/SYSTICK/SYSTICK_prg.o
                0x20000714                G_pvCallBack
 .bss.G_u32ClockSource
                0x20000718        0x4 ./src/MCAL/SYSTICK/SYSTICK_prg.o
                0x20000718                G_u32ClockSource
 .bss.G_u8Flag  0x2000071c        0x1 ./src/MCAL/SYSTICK/SYSTICK_prg.o
                0x2000071c                G_u8Flag
 *fill*         0x2000071d        0x3 
 .bss.g_apfHandler
                0x20000720       0x40 ./src/MCAL/EXTI/EXTI_prog.o
 .bss.__malloc_free_list
                0x20000760        0x4 e:/iti arm course/03- imt sdk/03- imt sdk/imt_sdk_win_64/imt_sdk_win_64/winarm/armgcc/bin/../lib/gcc/arm-none-eabi/7.2.1/../../../../arm-none-eabi/lib/thumb/v7e-m\libg_nano.a(lib_a-nano-mallocr.o)
                0x20000760                __malloc_free_list
 .bss.__malloc_sbrk_start
                0x20000764        0x4 e:/iti arm course/03- imt sdk/03- imt sdk/imt_sdk_win_64/imt_sdk_win_64/winarm/armgcc/bin/../lib/gcc/arm-none-eabi/7.2.1/../../../../arm-none-eabi/lib/thumb/v7e-m\libg_nano.a(lib_a-nano-mallocr.o)
                0x20000764                __malloc_sbrk_start
 *(COMMON)
 COMMON         0x20000768        0x4 ./system/src/stm32f4-hal/stm32f4xx_hal.o
                0x20000768                uwTick
 COMMON         0x2000076c        0x4 ./system/src/newlib/_syscalls.o
                0x2000076c                errno
 *(.bss_end .bss_end.*)
 .bss_end       0x20000770        0x4 ./system/src/newlib/_startup.o
                0x20000774                . = ALIGN (0x4)
                0x20000774                __bss_end__ = .
                0x20000774                _ebss = .

.noinit_CCMRAM
 *(.noinit.CCMRAM .noinit.CCMRAM.*)

.noinit         0x20000774        0x0
                0x20000774                _noinit = .
 *(.noinit .noinit.*)
                0x20000774                . = ALIGN (0x4)
                0x20000774                _end_noinit = .
                [!provide]                PROVIDE (end, _end_noinit)
                [!provide]                PROVIDE (_end, _end_noinit)
                [!provide]                PROVIDE (__end, _end_noinit)
                [!provide]                PROVIDE (__end__, _end_noinit)

._check_stack   0x20000774      0x100
                0x20000874                . = (. + _Minimum_Stack_Size)
 *fill*         0x20000774      0x100 

.b1text
 *(.b1text)
 *(.b1rodata)
 *(.b1rodata.*)

.eb0text
 *(.eb0text)
 *(.eb0rodata)
 *(.eb0rodata.*)

.eb1text
 *(.eb1text)
 *(.eb1rodata)
 *(.eb1rodata.*)

.eb2text
 *(.eb2text)
 *(.eb2rodata)
 *(.eb2rodata.*)

.eb3text
 *(.eb3text)
 *(.eb3rodata)
 *(.eb3rodata.*)

.stab
 *(.stab)

.stabstr
 *(.stabstr)

.stab.excl
 *(.stab.excl)

.stab.exclstr
 *(.stab.exclstr)

.stab.index
 *(.stab.index)

.stab.indexstr
 *(.stab.indexstr)

.comment        0x00000000       0x7e
 *(.comment)
 .comment       0x00000000       0x7e ./system/src/stm32f4-hal/stm32f4xx_hal.o
                                 0x7f (size before relaxing)
 .comment       0x0000007e       0x7f ./system/src/stm32f4-hal/stm32f4xx_hal_cortex.o
 .comment       0x0000007e       0x7f ./system/src/stm32f4-hal/stm32f4xx_hal_rcc.o
 .comment       0x0000007e       0x7f ./system/src/newlib/_exit.o
 .comment       0x0000007e       0x7f ./system/src/newlib/_sbrk.o
 .comment       0x0000007e       0x7f ./system/src/newlib/_startup.o
 .comment       0x0000007e       0x7f ./system/src/newlib/_syscalls.o
 .comment       0x0000007e       0x7f ./system/src/newlib/assert.o
 .comment       0x0000007e       0x7f ./system/src/diag/Trace.o
 .comment       0x0000007e       0x7f ./system/src/diag/trace_impl.o
 .comment       0x0000007e       0x7f ./system/src/cortexm/_initialize_hardware.o
 .comment       0x0000007e       0x7f ./system/src/cortexm/exception_handlers.o
 .comment       0x0000007e       0x7f ./system/src/cmsis/system_stm32f4xx.o
 .comment       0x0000007e       0x7f ./system/src/cmsis/vectors_stm32f401xc.o
 .comment       0x0000007e       0x7f ./src/MCAL/USART/USART_prg.o
 .comment       0x0000007e       0x7f ./src/MCAL/SYSTICK/SYSTICK_prg.o
 .comment       0x0000007e       0x7f ./src/MCAL/RCC/RCC_prg.o
 .comment       0x0000007e       0x7f ./src/MCAL/NVIC/NVIC_prog.o
 .comment       0x0000007e       0x7f ./src/MCAL/GPIO/GPIO_prg.o
 .comment       0x0000007e       0x7f ./src/MCAL/EXTI/EXTI_prog.o
 .comment       0x0000007e       0x7f ./src/LIB/MATH_Fn.o
 .comment       0x0000007e       0x7f ./src/APP/_initialize_hardware.o
 .comment       0x0000007e       0x7f ./src/APP/main.o
 .comment       0x0000007e       0x7f ./src/APP/stm32f4xx_hal_msp.o

.ARM.attributes
                0x00000000       0x31
 .ARM.attributes
                0x00000000       0x33 ./system/src/stm32f4-hal/stm32f4xx_hal.o
 .ARM.attributes
                0x00000033       0x33 ./system/src/stm32f4-hal/stm32f4xx_hal_cortex.o
 .ARM.attributes
                0x00000066       0x33 ./system/src/stm32f4-hal/stm32f4xx_hal_rcc.o
 .ARM.attributes
                0x00000099       0x33 ./system/src/newlib/_exit.o
 .ARM.attributes
                0x000000cc       0x33 ./system/src/newlib/_sbrk.o
 .ARM.attributes
                0x000000ff       0x33 ./system/src/newlib/_startup.o
 .ARM.attributes
                0x00000132       0x33 ./system/src/newlib/_syscalls.o
 .ARM.attributes
                0x00000165       0x33 ./system/src/newlib/assert.o
 .ARM.attributes
                0x00000198       0x33 ./system/src/diag/Trace.o
 .ARM.attributes
                0x000001cb       0x33 ./system/src/diag/trace_impl.o
 .ARM.attributes
                0x000001fe       0x33 ./system/src/cortexm/_initialize_hardware.o
 .ARM.attributes
                0x00000231       0x33 ./system/src/cortexm/exception_handlers.o
 .ARM.attributes
                0x00000264       0x33 ./system/src/cmsis/system_stm32f4xx.o
 .ARM.attributes
                0x00000297       0x33 ./system/src/cmsis/vectors_stm32f401xc.o
 .ARM.attributes
                0x000002ca       0x33 ./src/MCAL/USART/USART_prg.o
 .ARM.attributes
                0x000002fd       0x33 ./src/MCAL/SYSTICK/SYSTICK_prg.o
 .ARM.attributes
                0x00000330       0x33 ./src/MCAL/RCC/RCC_prg.o
 .ARM.attributes
                0x00000363       0x33 ./src/MCAL/NVIC/NVIC_prog.o
 .ARM.attributes
                0x00000396       0x33 ./src/MCAL/GPIO/GPIO_prg.o
 .ARM.attributes
                0x000003c9       0x33 ./src/MCAL/EXTI/EXTI_prog.o
 .ARM.attributes
                0x000003fc       0x33 ./src/LIB/MATH_Fn.o
 .ARM.attributes
                0x0000042f       0x33 ./src/APP/_initialize_hardware.o
 .ARM.attributes
                0x00000462       0x33 ./src/APP/main.o
 .ARM.attributes
                0x00000495       0x33 ./src/APP/stm32f4xx_hal_msp.o
 .ARM.attributes
                0x000004c8       0x1e e:/iti arm course/03- imt sdk/03- imt sdk/imt_sdk_win_64/imt_sdk_win_64/winarm/armgcc/bin/../lib/gcc/arm-none-eabi/7.2.1/thumb/v7e-m\libgcc.a(_arm_addsubdf3.o)
 .ARM.attributes
                0x000004e6       0x1e e:/iti arm course/03- imt sdk/03- imt sdk/imt_sdk_win_64/imt_sdk_win_64/winarm/armgcc/bin/../lib/gcc/arm-none-eabi/7.2.1/thumb/v7e-m\libgcc.a(_arm_muldivdf3.o)
 .ARM.attributes
                0x00000504       0x1e e:/iti arm course/03- imt sdk/03- imt sdk/imt_sdk_win_64/imt_sdk_win_64/winarm/armgcc/bin/../lib/gcc/arm-none-eabi/7.2.1/thumb/v7e-m\libgcc.a(_arm_truncdfsf2.o)
 .ARM.attributes
                0x00000522       0x1e e:/iti arm course/03- imt sdk/03- imt sdk/imt_sdk_win_64/imt_sdk_win_64/winarm/armgcc/bin/../lib/gcc/arm-none-eabi/7.2.1/thumb/v7e-m\libgcc.a(_arm_addsubsf3.o)
 .ARM.attributes
                0x00000540       0x1e e:/iti arm course/03- imt sdk/03- imt sdk/imt_sdk_win_64/imt_sdk_win_64/winarm/armgcc/bin/../lib/gcc/arm-none-eabi/7.2.1/thumb/v7e-m\libgcc.a(_arm_muldivsf3.o)
 .ARM.attributes
                0x0000055e       0x1e e:/iti arm course/03- imt sdk/03- imt sdk/imt_sdk_win_64/imt_sdk_win_64/winarm/armgcc/bin/../lib/gcc/arm-none-eabi/7.2.1/thumb/v7e-m\libgcc.a(_arm_fixsfsi.o)
 .ARM.attributes
                0x0000057c       0x2e e:/iti arm course/03- imt sdk/03- imt sdk/imt_sdk_win_64/imt_sdk_win_64/winarm/armgcc/bin/../lib/gcc/arm-none-eabi/7.2.1/../../../../arm-none-eabi/lib/thumb/v7e-m\libg_nano.a(lib_a-errno.o)
 .ARM.attributes
                0x000005aa       0x2e e:/iti arm course/03- imt sdk/03- imt sdk/imt_sdk_win_64/imt_sdk_win_64/winarm/armgcc/bin/../lib/gcc/arm-none-eabi/7.2.1/../../../../arm-none-eabi/lib/thumb/v7e-m\libg_nano.a(lib_a-impure.o)
 .ARM.attributes
                0x000005d8       0x17 e:/iti arm course/03- imt sdk/03- imt sdk/imt_sdk_win_64/imt_sdk_win_64/winarm/armgcc/bin/../lib/gcc/arm-none-eabi/7.2.1/../../../../arm-none-eabi/lib/thumb/v7e-m\libg_nano.a(lib_a-strlen.o)
 .ARM.attributes
                0x000005ef       0x2e e:/iti arm course/03- imt sdk/03- imt sdk/imt_sdk_win_64/imt_sdk_win_64/winarm/armgcc/bin/../lib/gcc/arm-none-eabi/7.2.1/../../../../arm-none-eabi/lib/thumb/v7e-m\libg_nano.a(lib_a-vsnprintf.o)
 .ARM.attributes
                0x0000061d       0x2e e:/iti arm course/03- imt sdk/03- imt sdk/imt_sdk_win_64/imt_sdk_win_64/winarm/armgcc/bin/../lib/gcc/arm-none-eabi/7.2.1/../../../../arm-none-eabi/lib/thumb/v7e-m\libg_nano.a(lib_a-nano-svfprintf.o)
 .ARM.attributes
                0x0000064b       0x2e e:/iti arm course/03- imt sdk/03- imt sdk/imt_sdk_win_64/imt_sdk_win_64/winarm/armgcc/bin/../lib/gcc/arm-none-eabi/7.2.1/../../../../arm-none-eabi/lib/thumb/v7e-m\libg_nano.a(lib_a-nano-vfprintf_i.o)
 .ARM.attributes
                0x00000679       0x1c e:/iti arm course/03- imt sdk/03- imt sdk/imt_sdk_win_64/imt_sdk_win_64/winarm/armgcc/bin/../lib/gcc/arm-none-eabi/7.2.1/../../../../arm-none-eabi/lib/thumb/v7e-m\libg_nano.a(lib_a-memchr.o)
 .ARM.attributes
                0x00000695       0x2e e:/iti arm course/03- imt sdk/03- imt sdk/imt_sdk_win_64/imt_sdk_win_64/winarm/armgcc/bin/../lib/gcc/arm-none-eabi/7.2.1/../../../../arm-none-eabi/lib/thumb/v7e-m\libg_nano.a(lib_a-memcpy-stub.o)
 .ARM.attributes
                0x000006c3       0x2e e:/iti arm course/03- imt sdk/03- imt sdk/imt_sdk_win_64/imt_sdk_win_64/winarm/armgcc/bin/../lib/gcc/arm-none-eabi/7.2.1/../../../../arm-none-eabi/lib/thumb/v7e-m\libg_nano.a(lib_a-memmove.o)
 .ARM.attributes
                0x000006f1       0x2e e:/iti arm course/03- imt sdk/03- imt sdk/imt_sdk_win_64/imt_sdk_win_64/winarm/armgcc/bin/../lib/gcc/arm-none-eabi/7.2.1/../../../../arm-none-eabi/lib/thumb/v7e-m\libg_nano.a(lib_a-nano-freer.o)
 .ARM.attributes
                0x0000071f       0x2e e:/iti arm course/03- imt sdk/03- imt sdk/imt_sdk_win_64/imt_sdk_win_64/winarm/armgcc/bin/../lib/gcc/arm-none-eabi/7.2.1/../../../../arm-none-eabi/lib/thumb/v7e-m\libg_nano.a(lib_a-nano-mallocr.o)
 .ARM.attributes
                0x0000074d       0x2e e:/iti arm course/03- imt sdk/03- imt sdk/imt_sdk_win_64/imt_sdk_win_64/winarm/armgcc/bin/../lib/gcc/arm-none-eabi/7.2.1/../../../../arm-none-eabi/lib/thumb/v7e-m\libg_nano.a(lib_a-nano-reallocr.o)
 .ARM.attributes
                0x0000077b       0x2e e:/iti arm course/03- imt sdk/03- imt sdk/imt_sdk_win_64/imt_sdk_win_64/winarm/armgcc/bin/../lib/gcc/arm-none-eabi/7.2.1/../../../../arm-none-eabi/lib/thumb/v7e-m\libg_nano.a(lib_a-sbrkr.o)
 .ARM.attributes
                0x000007a9       0x2e e:/iti arm course/03- imt sdk/03- imt sdk/imt_sdk_win_64/imt_sdk_win_64/winarm/armgcc/bin/../lib/gcc/arm-none-eabi/7.2.1/../../../../arm-none-eabi/lib/thumb/v7e-m\libg_nano.a(lib_a-mlock.o)
 .ARM.attributes
                0x000007d7       0x2e e:/iti arm course/03- imt sdk/03- imt sdk/imt_sdk_win_64/imt_sdk_win_64/winarm/armgcc/bin/../lib/gcc/arm-none-eabi/7.2.1/../../../../arm-none-eabi/lib/thumb/v7e-m\libg_nano.a(lib_a-nano-msizer.o)

.debug
 *(.debug)

.line
 *(.line)

.debug_srcinfo
 *(.debug_srcinfo)

.debug_sfnames
 *(.debug_sfnames)

.debug_aranges  0x00000000      0x7e8
 *(.debug_aranges)
 .debug_aranges
                0x00000000       0xc0 ./system/src/stm32f4-hal/stm32f4xx_hal.o
 .debug_aranges
                0x000000c0       0x98 ./system/src/stm32f4-hal/stm32f4xx_hal_cortex.o
 .debug_aranges
                0x00000158       0x88 ./system/src/stm32f4-hal/stm32f4xx_hal_rcc.o
 .debug_aranges
                0x000001e0       0x28 ./system/src/newlib/_exit.o
 .debug_aranges
                0x00000208       0x20 ./system/src/newlib/_sbrk.o
 .debug_aranges
                0x00000228       0x40 ./system/src/newlib/_startup.o
 .debug_aranges
                0x00000268       0x30 ./system/src/newlib/_syscalls.o
 .debug_aranges
                0x00000298       0x28 ./system/src/newlib/assert.o
 .debug_aranges
                0x000002c0       0x38 ./system/src/diag/Trace.o
 .debug_aranges
                0x000002f8       0x30 ./system/src/diag/trace_impl.o
 .debug_aranges
                0x00000328       0x28 ./system/src/cortexm/_initialize_hardware.o
 .debug_aranges
                0x00000350       0x90 ./system/src/cortexm/exception_handlers.o
 .debug_aranges
                0x000003e0       0x28 ./system/src/cmsis/system_stm32f4xx.o
 .debug_aranges
                0x00000408       0x20 ./system/src/cmsis/vectors_stm32f401xc.o
 .debug_aranges
                0x00000428       0xa0 ./src/MCAL/USART/USART_prg.o
 .debug_aranges
                0x000004c8       0xd8 ./src/MCAL/SYSTICK/SYSTICK_prg.o
 .debug_aranges
                0x000005a0       0x50 ./src/MCAL/RCC/RCC_prg.o
 .debug_aranges
                0x000005f0       0x50 ./src/MCAL/NVIC/NVIC_prog.o
 .debug_aranges
                0x00000640       0x78 ./src/MCAL/GPIO/GPIO_prg.o
 .debug_aranges
                0x000006b8       0x80 ./src/MCAL/EXTI/EXTI_prog.o
 .debug_aranges
                0x00000738       0x30 ./src/LIB/MATH_Fn.o
 .debug_aranges
                0x00000768       0x28 ./src/APP/_initialize_hardware.o
 .debug_aranges
                0x00000790       0x20 ./src/APP/main.o
 .debug_aranges
                0x000007b0       0x38 ./src/APP/stm32f4xx_hal_msp.o

.debug_pubnames
 *(.debug_pubnames)

.debug_info     0x00000000     0xed02
 *(.debug_info .gnu.linkonce.wi.*)
 .debug_info    0x00000000     0x107e ./system/src/stm32f4-hal/stm32f4xx_hal.o
 .debug_info    0x0000107e     0x1863 ./system/src/stm32f4-hal/stm32f4xx_hal_cortex.o
 .debug_info    0x000028e1     0x177e ./system/src/stm32f4-hal/stm32f4xx_hal_rcc.o
 .debug_info    0x0000405f      0x956 ./system/src/newlib/_exit.o
 .debug_info    0x000049b5      0x942 ./system/src/newlib/_sbrk.o
 .debug_info    0x000052f7      0x4bf ./system/src/newlib/_startup.o
 .debug_info    0x000057b6      0xa19 ./system/src/newlib/_syscalls.o
 .debug_info    0x000061cf      0x9ff ./system/src/newlib/assert.o
 .debug_info    0x00006bce      0xb2a ./system/src/diag/Trace.o
 .debug_info    0x000076f8      0xb6b ./system/src/diag/trace_impl.o
 .debug_info    0x00008263      0xade ./system/src/cortexm/_initialize_hardware.o
 .debug_info    0x00008d41     0x115a ./system/src/cortexm/exception_handlers.o
 .debug_info    0x00009e9b      0xcfe ./system/src/cmsis/system_stm32f4xx.o
 .debug_info    0x0000ab99       0xca ./system/src/cmsis/vectors_stm32f401xc.o
 .debug_info    0x0000ac63      0xb93 ./src/MCAL/USART/USART_prg.o
 .debug_info    0x0000b7f6      0x538 ./src/MCAL/SYSTICK/SYSTICK_prg.o
 .debug_info    0x0000bd2e      0x35b ./src/MCAL/RCC/RCC_prg.o
 .debug_info    0x0000c089      0x313 ./src/MCAL/NVIC/NVIC_prog.o
 .debug_info    0x0000c39c      0x480 ./src/MCAL/GPIO/GPIO_prg.o
 .debug_info    0x0000c81c      0x4dc ./src/MCAL/EXTI/EXTI_prog.o
 .debug_info    0x0000ccf8      0x204 ./src/LIB/MATH_Fn.o
 .debug_info    0x0000cefc      0xd34 ./src/APP/_initialize_hardware.o
 .debug_info    0x0000dc30      0x7c3 ./src/APP/main.o
 .debug_info    0x0000e3f3      0x90f ./src/APP/stm32f4xx_hal_msp.o

.debug_abbrev   0x00000000     0x2fd5
 *(.debug_abbrev)
 .debug_abbrev  0x00000000      0x32b ./system/src/stm32f4-hal/stm32f4xx_hal.o
 .debug_abbrev  0x0000032b      0x3f1 ./system/src/stm32f4-hal/stm32f4xx_hal_cortex.o
 .debug_abbrev  0x0000071c      0x394 ./system/src/stm32f4-hal/stm32f4xx_hal_rcc.o
 .debug_abbrev  0x00000ab0      0x1f3 ./system/src/newlib/_exit.o
 .debug_abbrev  0x00000ca3      0x1fc ./system/src/newlib/_sbrk.o
 .debug_abbrev  0x00000e9f      0x1cb ./system/src/newlib/_startup.o
 .debug_abbrev  0x0000106a      0x234 ./system/src/newlib/_syscalls.o
 .debug_abbrev  0x0000129e      0x1f3 ./system/src/newlib/assert.o
 .debug_abbrev  0x00001491      0x276 ./system/src/diag/Trace.o
 .debug_abbrev  0x00001707      0x2ef ./system/src/diag/trace_impl.o
 .debug_abbrev  0x000019f6      0x1de ./system/src/cortexm/_initialize_hardware.o
 .debug_abbrev  0x00001bd4      0x32b ./system/src/cortexm/exception_handlers.o
 .debug_abbrev  0x00001eff      0x216 ./system/src/cmsis/system_stm32f4xx.o
 .debug_abbrev  0x00002115       0x9d ./system/src/cmsis/vectors_stm32f401xc.o
 .debug_abbrev  0x000021b2      0x247 ./src/MCAL/USART/USART_prg.o
 .debug_abbrev  0x000023f9      0x17f ./src/MCAL/SYSTICK/SYSTICK_prg.o
 .debug_abbrev  0x00002578       0xaf ./src/MCAL/RCC/RCC_prg.o
 .debug_abbrev  0x00002627      0x120 ./src/MCAL/NVIC/NVIC_prog.o
 .debug_abbrev  0x00002747      0x118 ./src/MCAL/GPIO/GPIO_prg.o
 .debug_abbrev  0x0000285f      0x149 ./src/MCAL/EXTI/EXTI_prog.o
 .debug_abbrev  0x000029a8      0x10c ./src/LIB/MATH_Fn.o
 .debug_abbrev  0x00002ab4      0x22d ./src/APP/_initialize_hardware.o
 .debug_abbrev  0x00002ce1      0x143 ./src/APP/main.o
 .debug_abbrev  0x00002e24      0x1b1 ./src/APP/stm32f4xx_hal_msp.o

.debug_line     0x00000000     0x99b8
 *(.debug_line)
 .debug_line    0x00000000      0xc0c ./system/src/stm32f4-hal/stm32f4xx_hal.o
 .debug_line    0x00000c0c      0xd03 ./system/src/stm32f4-hal/stm32f4xx_hal_cortex.o
 .debug_line    0x0000190f      0xe8d ./system/src/stm32f4-hal/stm32f4xx_hal_rcc.o
 .debug_line    0x0000279c      0x3cf ./system/src/newlib/_exit.o
 .debug_line    0x00002b6b      0x383 ./system/src/newlib/_sbrk.o
 .debug_line    0x00002eee      0x44b ./system/src/newlib/_startup.o
 .debug_line    0x00003339      0x4b9 ./system/src/newlib/_syscalls.o
 .debug_line    0x000037f2      0x40a ./system/src/newlib/assert.o
 .debug_line    0x00003bfc      0x44b ./system/src/diag/Trace.o
 .debug_line    0x00004047      0xb3f ./system/src/diag/trace_impl.o
 .debug_line    0x00004b86      0xaa8 ./system/src/cortexm/_initialize_hardware.o
 .debug_line    0x0000562e      0xbf6 ./system/src/cortexm/exception_handlers.o
 .debug_line    0x00006224      0xaae ./system/src/cmsis/system_stm32f4xx.o
 .debug_line    0x00006cd2      0x122 ./system/src/cmsis/vectors_stm32f401xc.o
 .debug_line    0x00006df4      0x38e ./src/MCAL/USART/USART_prg.o
 .debug_line    0x00007182      0x2af ./src/MCAL/SYSTICK/SYSTICK_prg.o
 .debug_line    0x00007431      0x132 ./src/MCAL/RCC/RCC_prg.o
 .debug_line    0x00007563      0x120 ./src/MCAL/NVIC/NVIC_prog.o
 .debug_line    0x00007683      0x1de ./src/MCAL/GPIO/GPIO_prg.o
 .debug_line    0x00007861      0x267 ./src/MCAL/EXTI/EXTI_prog.o
 .debug_line    0x00007ac8       0xef ./src/LIB/MATH_Fn.o
 .debug_line    0x00007bb7      0xaa5 ./src/APP/_initialize_hardware.o
 .debug_line    0x0000865c      0x8b6 ./src/APP/main.o
 .debug_line    0x00008f12      0xaa6 ./src/APP/stm32f4xx_hal_msp.o

.debug_frame    0x00000000     0x1564
 *(.debug_frame)
 .debug_frame   0x00000000      0x188 ./system/src/stm32f4-hal/stm32f4xx_hal.o
 .debug_frame   0x00000188      0x17c ./system/src/stm32f4-hal/stm32f4xx_hal_cortex.o
 .debug_frame   0x00000304      0x140 ./system/src/stm32f4-hal/stm32f4xx_hal_rcc.o
 .debug_frame   0x00000444       0x38 ./system/src/newlib/_exit.o
 .debug_frame   0x0000047c       0x28 ./system/src/newlib/_sbrk.o
 .debug_frame   0x000004a4       0x7c ./system/src/newlib/_startup.o
 .debug_frame   0x00000520       0x50 ./system/src/newlib/_syscalls.o
 .debug_frame   0x00000570       0x40 ./system/src/newlib/assert.o
 .debug_frame   0x000005b0       0x94 ./system/src/diag/Trace.o
 .debug_frame   0x00000644       0x64 ./system/src/diag/trace_impl.o
 .debug_frame   0x000006a8       0x40 ./system/src/cortexm/_initialize_hardware.o
 .debug_frame   0x000006e8      0x158 ./system/src/cortexm/exception_handlers.o
 .debug_frame   0x00000840       0x30 ./system/src/cmsis/system_stm32f4xx.o
 .debug_frame   0x00000870       0x20 ./system/src/cmsis/vectors_stm32f401xc.o
 .debug_frame   0x00000890      0x1cc ./src/MCAL/USART/USART_prg.o
 .debug_frame   0x00000a5c      0x1ec ./src/MCAL/SYSTICK/SYSTICK_prg.o
 .debug_frame   0x00000c48       0x80 ./src/MCAL/RCC/RCC_prg.o
 .debug_frame   0x00000cc8       0xb0 ./src/MCAL/NVIC/NVIC_prog.o
 .debug_frame   0x00000d78      0x10c ./src/MCAL/GPIO/GPIO_prg.o
 .debug_frame   0x00000e84      0x118 ./src/MCAL/EXTI/EXTI_prog.o
 .debug_frame   0x00000f9c       0x6c ./src/LIB/MATH_Fn.o
 .debug_frame   0x00001008       0x4c ./src/APP/_initialize_hardware.o
 .debug_frame   0x00001054       0x30 ./src/APP/main.o
 .debug_frame   0x00001084       0x50 ./src/APP/stm32f4xx_hal_msp.o
 .debug_frame   0x000010d4       0xac e:/iti arm course/03- imt sdk/03- imt sdk/imt_sdk_win_64/imt_sdk_win_64/winarm/armgcc/bin/../lib/gcc/arm-none-eabi/7.2.1/thumb/v7e-m\libgcc.a(_arm_addsubdf3.o)
 .debug_frame   0x00001180       0x50 e:/iti arm course/03- imt sdk/03- imt sdk/imt_sdk_win_64/imt_sdk_win_64/winarm/armgcc/bin/../lib/gcc/arm-none-eabi/7.2.1/thumb/v7e-m\libgcc.a(_arm_muldivdf3.o)
 .debug_frame   0x000011d0       0x24 e:/iti arm course/03- imt sdk/03- imt sdk/imt_sdk_win_64/imt_sdk_win_64/winarm/armgcc/bin/../lib/gcc/arm-none-eabi/7.2.1/thumb/v7e-m\libgcc.a(_arm_truncdfsf2.o)
 .debug_frame   0x000011f4       0x4c e:/iti arm course/03- imt sdk/03- imt sdk/imt_sdk_win_64/imt_sdk_win_64/winarm/armgcc/bin/../lib/gcc/arm-none-eabi/7.2.1/thumb/v7e-m\libgcc.a(_arm_addsubsf3.o)
 .debug_frame   0x00001240       0x38 e:/iti arm course/03- imt sdk/03- imt sdk/imt_sdk_win_64/imt_sdk_win_64/winarm/armgcc/bin/../lib/gcc/arm-none-eabi/7.2.1/thumb/v7e-m\libgcc.a(_arm_muldivsf3.o)
 .debug_frame   0x00001278       0x24 e:/iti arm course/03- imt sdk/03- imt sdk/imt_sdk_win_64/imt_sdk_win_64/winarm/armgcc/bin/../lib/gcc/arm-none-eabi/7.2.1/thumb/v7e-m\libgcc.a(_arm_fixsfsi.o)
 .debug_frame   0x0000129c       0x20 e:/iti arm course/03- imt sdk/03- imt sdk/imt_sdk_win_64/imt_sdk_win_64/winarm/armgcc/bin/../lib/gcc/arm-none-eabi/7.2.1/../../../../arm-none-eabi/lib/thumb/v7e-m\libg_nano.a(lib_a-errno.o)
 .debug_frame   0x000012bc       0x4c e:/iti arm course/03- imt sdk/03- imt sdk/imt_sdk_win_64/imt_sdk_win_64/winarm/armgcc/bin/../lib/gcc/arm-none-eabi/7.2.1/../../../../arm-none-eabi/lib/thumb/v7e-m\libg_nano.a(lib_a-vsnprintf.o)
 .debug_frame   0x00001308       0x90 e:/iti arm course/03- imt sdk/03- imt sdk/imt_sdk_win_64/imt_sdk_win_64/winarm/armgcc/bin/../lib/gcc/arm-none-eabi/7.2.1/../../../../arm-none-eabi/lib/thumb/v7e-m\libg_nano.a(lib_a-nano-svfprintf.o)
 .debug_frame   0x00001398       0x60 e:/iti arm course/03- imt sdk/03- imt sdk/imt_sdk_win_64/imt_sdk_win_64/winarm/armgcc/bin/../lib/gcc/arm-none-eabi/7.2.1/../../../../arm-none-eabi/lib/thumb/v7e-m\libg_nano.a(lib_a-nano-vfprintf_i.o)
 .debug_frame   0x000013f8       0x28 e:/iti arm course/03- imt sdk/03- imt sdk/imt_sdk_win_64/imt_sdk_win_64/winarm/armgcc/bin/../lib/gcc/arm-none-eabi/7.2.1/../../../../arm-none-eabi/lib/thumb/v7e-m\libg_nano.a(lib_a-memcpy-stub.o)
 .debug_frame   0x00001420       0x28 e:/iti arm course/03- imt sdk/03- imt sdk/imt_sdk_win_64/imt_sdk_win_64/winarm/armgcc/bin/../lib/gcc/arm-none-eabi/7.2.1/../../../../arm-none-eabi/lib/thumb/v7e-m\libg_nano.a(lib_a-memmove.o)
 .debug_frame   0x00001448       0x38 e:/iti arm course/03- imt sdk/03- imt sdk/imt_sdk_win_64/imt_sdk_win_64/winarm/armgcc/bin/../lib/gcc/arm-none-eabi/7.2.1/../../../../arm-none-eabi/lib/thumb/v7e-m\libg_nano.a(lib_a-nano-freer.o)
 .debug_frame   0x00001480       0x2c e:/iti arm course/03- imt sdk/03- imt sdk/imt_sdk_win_64/imt_sdk_win_64/winarm/armgcc/bin/../lib/gcc/arm-none-eabi/7.2.1/../../../../arm-none-eabi/lib/thumb/v7e-m\libg_nano.a(lib_a-nano-mallocr.o)
 .debug_frame   0x000014ac       0x3c e:/iti arm course/03- imt sdk/03- imt sdk/imt_sdk_win_64/imt_sdk_win_64/winarm/armgcc/bin/../lib/gcc/arm-none-eabi/7.2.1/../../../../arm-none-eabi/lib/thumb/v7e-m\libg_nano.a(lib_a-nano-reallocr.o)
 .debug_frame   0x000014e8       0x2c e:/iti arm course/03- imt sdk/03- imt sdk/imt_sdk_win_64/imt_sdk_win_64/winarm/armgcc/bin/../lib/gcc/arm-none-eabi/7.2.1/../../../../arm-none-eabi/lib/thumb/v7e-m\libg_nano.a(lib_a-sbrkr.o)
 .debug_frame   0x00001514       0x30 e:/iti arm course/03- imt sdk/03- imt sdk/imt_sdk_win_64/imt_sdk_win_64/winarm/armgcc/bin/../lib/gcc/arm-none-eabi/7.2.1/../../../../arm-none-eabi/lib/thumb/v7e-m\libg_nano.a(lib_a-mlock.o)
 .debug_frame   0x00001544       0x20 e:/iti arm course/03- imt sdk/03- imt sdk/imt_sdk_win_64/imt_sdk_win_64/winarm/armgcc/bin/../lib/gcc/arm-none-eabi/7.2.1/../../../../arm-none-eabi/lib/thumb/v7e-m\libg_nano.a(lib_a-nano-msizer.o)

.debug_str      0x00000000    0x7591b
 *(.debug_str)
 .debug_str     0x00000000    0x6fc34 ./system/src/stm32f4-hal/stm32f4xx_hal.o
                              0x70088 (size before relaxing)
 .debug_str     0x0006fc34      0x398 ./system/src/stm32f4-hal/stm32f4xx_hal_cortex.o
                              0x6fef2 (size before relaxing)
 .debug_str     0x0006ffcc      0x3fa ./system/src/stm32f4-hal/stm32f4xx_hal_rcc.o
                              0x6fc0a (size before relaxing)
 .debug_str     0x000703c6     0x10ff ./system/src/newlib/_exit.o
                               0x7ee9 (size before relaxing)
 .debug_str     0x000714c5      0x4f5 ./system/src/newlib/_sbrk.o
                               0x729b (size before relaxing)
 .debug_str     0x000719ba      0x2c6 ./system/src/newlib/_startup.o
                               0x6a3c (size before relaxing)
 .debug_str     0x00071c80      0xe8b ./system/src/newlib/_syscalls.o
                               0x8176 (size before relaxing)
 .debug_str     0x00072b0b       0xd0 ./system/src/newlib/assert.o
                               0x89ee (size before relaxing)
 .debug_str     0x00072bdb      0x176 ./system/src/diag/Trace.o
                               0x8661 (size before relaxing)
 .debug_str     0x00072d51      0x37b ./system/src/diag/trace_impl.o
                              0x70987 (size before relaxing)
 .debug_str     0x000730cc       0x5e ./system/src/cortexm/_initialize_hardware.o
                              0x6f719 (size before relaxing)
 .debug_str     0x0007312a      0x19d ./system/src/cortexm/exception_handlers.o
                              0x70b11 (size before relaxing)
 .debug_str     0x000732c7       0x46 ./system/src/cmsis/system_stm32f4xx.o
                              0x6f7fa (size before relaxing)
 .debug_str     0x0007330d       0x50 ./system/src/cmsis/vectors_stm32f401xc.o
                               0x3879 (size before relaxing)
 .debug_str     0x0007335d      0xd94 ./src/MCAL/USART/USART_prg.o
                               0x3b38 (size before relaxing)
 .debug_str     0x000740f1      0x527 ./src/MCAL/SYSTICK/SYSTICK_prg.o
                               0x3394 (size before relaxing)
 .debug_str     0x00074618      0x3a1 ./src/MCAL/RCC/RCC_prg.o
                               0x32d5 (size before relaxing)
 .debug_str     0x000749b9      0x30b ./src/MCAL/NVIC/NVIC_prog.o
                               0x3165 (size before relaxing)
 .debug_str     0x00074cc4      0x634 ./src/MCAL/GPIO/GPIO_prg.o
                               0x34ce (size before relaxing)
 .debug_str     0x000752f8      0x271 ./src/MCAL/EXTI/EXTI_prog.o
                               0x342e (size before relaxing)
 .debug_str     0x00075569       0x60 ./src/LIB/MATH_Fn.o
                               0x2e20 (size before relaxing)
 .debug_str     0x000755c9       0x35 ./src/APP/_initialize_hardware.o
                              0x6f914 (size before relaxing)
 .debug_str     0x000755fe      0x2dc ./src/APP/main.o
                               0x42e2 (size before relaxing)
 .debug_str     0x000758da       0x41 ./src/APP/stm32f4xx_hal_msp.o
                              0x6f665 (size before relaxing)

.debug_loc      0x00000000     0x36da
 *(.debug_loc)
 .debug_loc     0x00000000       0x92 ./system/src/stm32f4-hal/stm32f4xx_hal.o
 .debug_loc     0x00000092      0x73b ./system/src/stm32f4-hal/stm32f4xx_hal_cortex.o
 .debug_loc     0x000007cd      0x50a ./system/src/stm32f4-hal/stm32f4xx_hal_rcc.o
 .debug_loc     0x00000cd7       0x85 ./system/src/newlib/_sbrk.o
 .debug_loc     0x00000d5c      0x2cb ./system/src/newlib/_startup.o
 .debug_loc     0x00001027       0x63 ./system/src/newlib/_syscalls.o
 .debug_loc     0x0000108a      0x134 ./system/src/newlib/assert.o
 .debug_loc     0x000011be       0xf6 ./system/src/diag/Trace.o
 .debug_loc     0x000012b4      0x121 ./system/src/diag/trace_impl.o
 .debug_loc     0x000013d5      0x291 ./system/src/cortexm/exception_handlers.o
 .debug_loc     0x00001666      0x13e ./system/src/cmsis/system_stm32f4xx.o
 .debug_loc     0x000017a4      0xaf3 ./src/MCAL/USART/USART_prg.o
 .debug_loc     0x00002297      0x314 ./src/MCAL/SYSTICK/SYSTICK_prg.o
 .debug_loc     0x000025ab      0x255 ./src/MCAL/RCC/RCC_prg.o
 .debug_loc     0x00002800      0x1df ./src/MCAL/NVIC/NVIC_prog.o
 .debug_loc     0x000029df      0x8c6 ./src/MCAL/GPIO/GPIO_prg.o
 .debug_loc     0x000032a5      0x175 ./src/MCAL/EXTI/EXTI_prog.o
 .debug_loc     0x0000341a      0x28f ./src/LIB/MATH_Fn.o
 .debug_loc     0x000036a9       0x31 ./src/APP/main.o

.debug_macinfo
 *(.debug_macinfo)

.debug_weaknames
 *(.debug_weaknames)

.debug_funcnames
 *(.debug_funcnames)

.debug_typenames
 *(.debug_typenames)

.debug_varnames
 *(.debug_varnames)
OUTPUT(ARM_STM.elf elf32-littlearm)

.debug_ranges   0x00000000      0x7b8
 .debug_ranges  0x00000000       0xb0 ./system/src/stm32f4-hal/stm32f4xx_hal.o
 .debug_ranges  0x000000b0       0xe8 ./system/src/stm32f4-hal/stm32f4xx_hal_cortex.o
 .debug_ranges  0x00000198       0x78 ./system/src/stm32f4-hal/stm32f4xx_hal_rcc.o
 .debug_ranges  0x00000210       0x18 ./system/src/newlib/_exit.o
 .debug_ranges  0x00000228       0x10 ./system/src/newlib/_sbrk.o
 .debug_ranges  0x00000238       0x90 ./system/src/newlib/_startup.o
 .debug_ranges  0x000002c8       0x20 ./system/src/newlib/_syscalls.o
 .debug_ranges  0x000002e8       0x18 ./system/src/newlib/assert.o
 .debug_ranges  0x00000300       0x28 ./system/src/diag/Trace.o
 .debug_ranges  0x00000328       0x50 ./system/src/diag/trace_impl.o
 .debug_ranges  0x00000378       0x18 ./system/src/cortexm/_initialize_hardware.o
 .debug_ranges  0x00000390       0x80 ./system/src/cortexm/exception_handlers.o
 .debug_ranges  0x00000410       0x18 ./system/src/cmsis/system_stm32f4xx.o
 .debug_ranges  0x00000428       0x10 ./system/src/cmsis/vectors_stm32f401xc.o
 .debug_ranges  0x00000438       0xd8 ./src/MCAL/USART/USART_prg.o
 .debug_ranges  0x00000510       0xc8 ./src/MCAL/SYSTICK/SYSTICK_prg.o
 .debug_ranges  0x000005d8       0x40 ./src/MCAL/RCC/RCC_prg.o
 .debug_ranges  0x00000618       0x40 ./src/MCAL/NVIC/NVIC_prog.o
 .debug_ranges  0x00000658       0x68 ./src/MCAL/GPIO/GPIO_prg.o
 .debug_ranges  0x000006c0       0x70 ./src/MCAL/EXTI/EXTI_prog.o
 .debug_ranges  0x00000730       0x38 ./src/LIB/MATH_Fn.o
 .debug_ranges  0x00000768       0x18 ./src/APP/_initialize_hardware.o
 .debug_ranges  0x00000780       0x10 ./src/APP/main.o
 .debug_ranges  0x00000790       0x28 ./src/APP/stm32f4xx_hal_msp.o

.debug_macro    0x00000000    0x1570f
 .debug_macro   0x00000000      0x532 ./system/src/stm32f4-hal/stm32f4xx_hal.o
 .debug_macro   0x00000532      0xa6c ./system/src/stm32f4-hal/stm32f4xx_hal.o
 .debug_macro   0x00000f9e      0x289 ./system/src/stm32f4-hal/stm32f4xx_hal.o
 .debug_macro   0x00001227       0x31 ./system/src/stm32f4-hal/stm32f4xx_hal.o
 .debug_macro   0x00001258       0x28 ./system/src/stm32f4-hal/stm32f4xx_hal.o
 .debug_macro   0x00001280      0x34e ./system/src/stm32f4-hal/stm32f4xx_hal.o
 .debug_macro   0x000015ce       0x35 ./system/src/stm32f4-hal/stm32f4xx_hal.o
 .debug_macro   0x00001603       0x50 ./system/src/stm32f4-hal/stm32f4xx_hal.o
 .debug_macro   0x00001653      0xe66 ./system/src/stm32f4-hal/stm32f4xx_hal.o
 .debug_macro   0x000024b9     0x5099 ./system/src/stm32f4-hal/stm32f4xx_hal.o
 .debug_macro   0x00007552       0x43 ./system/src/stm32f4-hal/stm32f4xx_hal.o
 .debug_macro   0x00007595     0x347f ./system/src/stm32f4-hal/stm32f4xx_hal.o
 .debug_macro   0x0000aa14       0x22 ./system/src/stm32f4-hal/stm32f4xx_hal.o
 .debug_macro   0x0000aa36       0x52 ./system/src/stm32f4-hal/stm32f4xx_hal.o
 .debug_macro   0x0000aa88       0x17 ./system/src/stm32f4-hal/stm32f4xx_hal.o
 .debug_macro   0x0000aa9f       0x8d ./system/src/stm32f4-hal/stm32f4xx_hal.o
 .debug_macro   0x0000ab2c       0x35 ./system/src/stm32f4-hal/stm32f4xx_hal.o
 .debug_macro   0x0000ab61       0x9c ./system/src/stm32f4-hal/stm32f4xx_hal.o
 .debug_macro   0x0000abfd       0x16 ./system/src/stm32f4-hal/stm32f4xx_hal.o
 .debug_macro   0x0000ac13       0x57 ./system/src/stm32f4-hal/stm32f4xx_hal.o
 .debug_macro   0x0000ac6a       0x97 ./system/src/stm32f4-hal/stm32f4xx_hal.o
 .debug_macro   0x0000ad01      0x330 ./system/src/stm32f4-hal/stm32f4xx_hal.o
 .debug_macro   0x0000b031       0xfd ./system/src/stm32f4-hal/stm32f4xx_hal.o
 .debug_macro   0x0000b12e       0x10 ./system/src/stm32f4-hal/stm32f4xx_hal.o
 .debug_macro   0x0000b13e       0x58 ./system/src/stm32f4-hal/stm32f4xx_hal.o
 .debug_macro   0x0000b196       0x1f ./system/src/stm32f4-hal/stm32f4xx_hal.o
 .debug_macro   0x0000b1b5       0x43 ./system/src/stm32f4-hal/stm32f4xx_hal.o
 .debug_macro   0x0000b1f8       0x20 ./system/src/stm32f4-hal/stm32f4xx_hal.o
 .debug_macro   0x0000b218      0x18e ./system/src/stm32f4-hal/stm32f4xx_hal.o
 .debug_macro   0x0000b3a6       0x10 ./system/src/stm32f4-hal/stm32f4xx_hal.o
 .debug_macro   0x0000b3b6       0x6a ./system/src/stm32f4-hal/stm32f4xx_hal.o
 .debug_macro   0x0000b420       0x1c ./system/src/stm32f4-hal/stm32f4xx_hal.o
 .debug_macro   0x0000b43c       0x52 ./system/src/stm32f4-hal/stm32f4xx_hal.o
 .debug_macro   0x0000b48e       0x40 ./system/src/stm32f4-hal/stm32f4xx_hal.o
 .debug_macro   0x0000b4ce       0x10 ./system/src/stm32f4-hal/stm32f4xx_hal.o
 .debug_macro   0x0000b4de       0x40 ./system/src/stm32f4-hal/stm32f4xx_hal.o
 .debug_macro   0x0000b51e       0xd7 ./system/src/stm32f4-hal/stm32f4xx_hal.o
 .debug_macro   0x0000b5f5       0x1c ./system/src/stm32f4-hal/stm32f4xx_hal.o
 .debug_macro   0x0000b611       0x3d ./system/src/stm32f4-hal/stm32f4xx_hal.o
 .debug_macro   0x0000b64e       0x16 ./system/src/stm32f4-hal/stm32f4xx_hal.o
 .debug_macro   0x0000b664      0x16f ./system/src/stm32f4-hal/stm32f4xx_hal.o
 .debug_macro   0x0000b7d3       0x57 ./system/src/stm32f4-hal/stm32f4xx_hal.o
 .debug_macro   0x0000b82a      0x424 ./system/src/stm32f4-hal/stm32f4xx_hal.o
 .debug_macro   0x0000bc4e      0x9e1 ./system/src/stm32f4-hal/stm32f4xx_hal.o
 .debug_macro   0x0000c62f      0x11e ./system/src/stm32f4-hal/stm32f4xx_hal.o
 .debug_macro   0x0000c74d       0xf8 ./system/src/stm32f4-hal/stm32f4xx_hal.o
 .debug_macro   0x0000c845       0x27 ./system/src/stm32f4-hal/stm32f4xx_hal.o
 .debug_macro   0x0000c86c      0x287 ./system/src/stm32f4-hal/stm32f4xx_hal.o
 .debug_macro   0x0000caf3       0x5f ./system/src/stm32f4-hal/stm32f4xx_hal.o
 .debug_macro   0x0000cb52      0x23a ./system/src/stm32f4-hal/stm32f4xx_hal.o
 .debug_macro   0x0000cd8c      0x391 ./system/src/stm32f4-hal/stm32f4xx_hal.o
 .debug_macro   0x0000d11d      0x16f ./system/src/stm32f4-hal/stm32f4xx_hal.o
 .debug_macro   0x0000d28c       0xf9 ./system/src/stm32f4-hal/stm32f4xx_hal.o
 .debug_macro   0x0000d385       0x23 ./system/src/stm32f4-hal/stm32f4xx_hal.o
 .debug_macro   0x0000d3a8      0x13a ./system/src/stm32f4-hal/stm32f4xx_hal.o
 .debug_macro   0x0000d4e2      0x23a ./system/src/stm32f4-hal/stm32f4xx_hal.o
 .debug_macro   0x0000d71c       0x2e ./system/src/stm32f4-hal/stm32f4xx_hal.o
 .debug_macro   0x0000d74a      0x1a7 ./system/src/stm32f4-hal/stm32f4xx_hal.o
 .debug_macro   0x0000d8f1       0x22 ./system/src/stm32f4-hal/stm32f4xx_hal.o
 .debug_macro   0x0000d913       0xa5 ./system/src/stm32f4-hal/stm32f4xx_hal.o
 .debug_macro   0x0000d9b8      0x18b ./system/src/stm32f4-hal/stm32f4xx_hal.o
 .debug_macro   0x0000db43       0x24 ./system/src/stm32f4-hal/stm32f4xx_hal.o
 .debug_macro   0x0000db67       0x35 ./system/src/stm32f4-hal/stm32f4xx_hal.o
 .debug_macro   0x0000db9c       0x79 ./system/src/stm32f4-hal/stm32f4xx_hal.o
 .debug_macro   0x0000dc15      0x11e ./system/src/stm32f4-hal/stm32f4xx_hal.o
 .debug_macro   0x0000dd33       0x85 ./system/src/stm32f4-hal/stm32f4xx_hal.o
 .debug_macro   0x0000ddb8       0x89 ./system/src/stm32f4-hal/stm32f4xx_hal.o
 .debug_macro   0x0000de41      0x31a ./system/src/stm32f4-hal/stm32f4xx_hal.o
 .debug_macro   0x0000e15b      0x409 ./system/src/stm32f4-hal/stm32f4xx_hal.o
 .debug_macro   0x0000e564       0xe4 ./system/src/stm32f4-hal/stm32f4xx_hal.o
 .debug_macro   0x0000e648      0x48d ./system/src/stm32f4-hal/stm32f4xx_hal.o
 .debug_macro   0x0000ead5      0x22b ./system/src/stm32f4-hal/stm32f4xx_hal.o
 .debug_macro   0x0000ed00      0x202 ./system/src/stm32f4-hal/stm32f4xx_hal.o
 .debug_macro   0x0000ef02      0x6d9 ./system/src/stm32f4-hal/stm32f4xx_hal.o
 .debug_macro   0x0000f5db       0x5b ./system/src/stm32f4-hal/stm32f4xx_hal.o
 .debug_macro   0x0000f636      0x14d ./system/src/stm32f4-hal/stm32f4xx_hal.o
 .debug_macro   0x0000f783      0x287 ./system/src/stm32f4-hal/stm32f4xx_hal.o
 .debug_macro   0x0000fa0a      0x225 ./system/src/stm32f4-hal/stm32f4xx_hal.o
 .debug_macro   0x0000fc2f      0x1b5 ./system/src/stm32f4-hal/stm32f4xx_hal.o
 .debug_macro   0x0000fde4      0x2db ./system/src/stm32f4-hal/stm32f4xx_hal.o
 .debug_macro   0x000100bf       0x89 ./system/src/stm32f4-hal/stm32f4xx_hal.o
 .debug_macro   0x00010148      0x1df ./system/src/stm32f4-hal/stm32f4xx_hal.o
 .debug_macro   0x00010327      0x115 ./system/src/stm32f4-hal/stm32f4xx_hal.o
 .debug_macro   0x0001043c       0x6e ./system/src/stm32f4-hal/stm32f4xx_hal.o
 .debug_macro   0x000104aa      0x11e ./system/src/stm32f4-hal/stm32f4xx_hal.o
 .debug_macro   0x000105c8      0x4e4 ./system/src/stm32f4-hal/stm32f4xx_hal_cortex.o
 .debug_macro   0x00010aac      0x50e ./system/src/stm32f4-hal/stm32f4xx_hal_rcc.o
 .debug_macro   0x00010fba      0x1b4 ./system/src/newlib/_exit.o
 .debug_macro   0x0001116e      0x10e ./system/src/newlib/_exit.o
 .debug_macro   0x0001127c       0x8d ./system/src/newlib/_exit.o
 .debug_macro   0x00011309       0x35 ./system/src/newlib/_exit.o
 .debug_macro   0x0001133e      0x169 ./system/src/newlib/_sbrk.o
 .debug_macro   0x000114a7      0x174 ./system/src/newlib/_sbrk.o
 .debug_macro   0x0001161b       0x10 ./system/src/newlib/_sbrk.o
 .debug_macro   0x0001162b      0x23b ./system/src/newlib/_sbrk.o
 .debug_macro   0x00011866      0x173 ./system/src/newlib/_startup.o
 .debug_macro   0x000119d9      0xa72 ./system/src/newlib/_startup.o
 .debug_macro   0x0001244b      0x217 ./system/src/newlib/_syscalls.o
 .debug_macro   0x00012662       0x1c ./system/src/newlib/_syscalls.o
 .debug_macro   0x0001267e       0x10 ./system/src/newlib/_syscalls.o
 .debug_macro   0x0001268e       0x10 ./system/src/newlib/_syscalls.o
 .debug_macro   0x0001269e       0x10 ./system/src/newlib/_syscalls.o
 .debug_macro   0x000126ae       0x35 ./system/src/newlib/_syscalls.o
 .debug_macro   0x000126e3      0x122 ./system/src/newlib/_syscalls.o
 .debug_macro   0x00012805       0x88 ./system/src/newlib/_syscalls.o
 .debug_macro   0x0001288d       0x2b ./system/src/newlib/_syscalls.o
 .debug_macro   0x000128b8      0x118 ./system/src/newlib/_syscalls.o
 .debug_macro   0x000129d0      0x189 ./system/src/newlib/_syscalls.o
 .debug_macro   0x00012b59       0x16 ./system/src/newlib/_syscalls.o
 .debug_macro   0x00012b6f      0x1d0 ./system/src/newlib/assert.o
 .debug_macro   0x00012d3f       0x1c ./system/src/newlib/assert.o
 .debug_macro   0x00012d5b      0x1fb ./system/src/diag/Trace.o
 .debug_macro   0x00012f56       0x4c ./system/src/diag/Trace.o
 .debug_macro   0x00012fa2       0x16 ./system/src/diag/Trace.o
 .debug_macro   0x00012fb8      0x52a ./system/src/diag/trace_impl.o
 .debug_macro   0x000134e2       0x22 ./system/src/diag/trace_impl.o
 .debug_macro   0x00013504      0x4ee ./system/src/cortexm/_initialize_hardware.o
 .debug_macro   0x000139f2      0x557 ./system/src/cortexm/exception_handlers.o
 .debug_macro   0x00013f49       0x3b ./system/src/cortexm/exception_handlers.o
 .debug_macro   0x00013f84      0x4ea ./system/src/cmsis/system_stm32f4xx.o
 .debug_macro   0x0001446e       0x34 ./system/src/cmsis/vectors_stm32f401xc.o
 .debug_macro   0x000144a2       0x5b ./src/MCAL/USART/USART_prg.o
 .debug_macro   0x000144fd       0x10 ./src/MCAL/USART/USART_prg.o
 .debug_macro   0x0001450d       0x16 ./src/MCAL/USART/USART_prg.o
 .debug_macro   0x00014523       0x1c ./src/MCAL/USART/USART_prg.o
 .debug_macro   0x0001453f       0x28 ./src/MCAL/USART/USART_prg.o
 .debug_macro   0x00014567      0x160 ./src/MCAL/USART/USART_prg.o
 .debug_macro   0x000146c7       0x36 ./src/MCAL/SYSTICK/SYSTICK_prg.o
 .debug_macro   0x000146fd       0x4c ./src/MCAL/SYSTICK/SYSTICK_prg.o
 .debug_macro   0x00014749       0x3e ./src/MCAL/RCC/RCC_prg.o
 .debug_macro   0x00014787       0x2e ./src/MCAL/RCC/RCC_prg.o
 .debug_macro   0x000147b5       0xe2 ./src/MCAL/RCC/RCC_prg.o
 .debug_macro   0x00014897       0x16 ./src/MCAL/RCC/RCC_prg.o
 .debug_macro   0x000148ad       0x3a ./src/MCAL/NVIC/NVIC_prog.o
 .debug_macro   0x000148e7       0x28 ./src/MCAL/NVIC/NVIC_prog.o
 .debug_macro   0x0001490f       0x35 ./src/MCAL/GPIO/GPIO_prg.o
 .debug_macro   0x00014944      0x13f ./src/MCAL/GPIO/GPIO_prg.o
 .debug_macro   0x00014a83       0x2e ./src/MCAL/GPIO/GPIO_prg.o
 .debug_macro   0x00014ab1       0x56 ./src/MCAL/EXTI/EXTI_prog.o
 .debug_macro   0x00014b07       0x1c ./src/MCAL/EXTI/EXTI_prog.o
 .debug_macro   0x00014b23       0x16 ./src/MCAL/EXTI/EXTI_prog.o
 .debug_macro   0x00014b39       0x24 ./src/LIB/MATH_Fn.o
 .debug_macro   0x00014b5d      0x4e4 ./src/APP/_initialize_hardware.o
 .debug_macro   0x00015041      0x1d4 ./src/APP/main.o
 .debug_macro   0x00015215       0x16 ./src/APP/main.o
 .debug_macro   0x0001522b      0x4e4 ./src/APP/stm32f4xx_hal_msp.o
