Archive member included to satisfy reference by file (symbol)

e:/iti arm course/03- imt sdk/03- imt sdk/imt_sdk_win_64/imt_sdk_win_64/winarm/armgcc/bin/../lib/gcc/arm-none-eabi/7.2.1/../../../../arm-none-eabi/lib/thumb/v7e-m\libg_nano.a(lib_a-errno.o)
                              ./system/src/newlib/_sbrk.o (__errno)
e:/iti arm course/03- imt sdk/03- imt sdk/imt_sdk_win_64/imt_sdk_win_64/winarm/armgcc/bin/../lib/gcc/arm-none-eabi/7.2.1/../../../../arm-none-eabi/lib/thumb/v7e-m\libg_nano.a(lib_a-impure.o)
                              e:/iti arm course/03- imt sdk/03- imt sdk/imt_sdk_win_64/imt_sdk_win_64/winarm/armgcc/bin/../lib/gcc/arm-none-eabi/7.2.1/../../../../arm-none-eabi/lib/thumb/v7e-m\libg_nano.a(lib_a-errno.o) (_impure_ptr)
e:/iti arm course/03- imt sdk/03- imt sdk/imt_sdk_win_64/imt_sdk_win_64/winarm/armgcc/bin/../lib/gcc/arm-none-eabi/7.2.1/../../../../arm-none-eabi/lib/thumb/v7e-m\libg_nano.a(lib_a-strlen.o)
                              ./system/src/diag/Trace.o (strlen)
e:/iti arm course/03- imt sdk/03- imt sdk/imt_sdk_win_64/imt_sdk_win_64/winarm/armgcc/bin/../lib/gcc/arm-none-eabi/7.2.1/../../../../arm-none-eabi/lib/thumb/v7e-m\libg_nano.a(lib_a-vsnprintf.o)
                              ./system/src/diag/Trace.o (vsnprintf)
e:/iti arm course/03- imt sdk/03- imt sdk/imt_sdk_win_64/imt_sdk_win_64/winarm/armgcc/bin/../lib/gcc/arm-none-eabi/7.2.1/../../../../arm-none-eabi/lib/thumb/v7e-m\libg_nano.a(lib_a-nano-svfprintf.o)
                              e:/iti arm course/03- imt sdk/03- imt sdk/imt_sdk_win_64/imt_sdk_win_64/winarm/armgcc/bin/../lib/gcc/arm-none-eabi/7.2.1/../../../../arm-none-eabi/lib/thumb/v7e-m\libg_nano.a(lib_a-vsnprintf.o) (_svfprintf_r)
e:/iti arm course/03- imt sdk/03- imt sdk/imt_sdk_win_64/imt_sdk_win_64/winarm/armgcc/bin/../lib/gcc/arm-none-eabi/7.2.1/../../../../arm-none-eabi/lib/thumb/v7e-m\libg_nano.a(lib_a-nano-vfprintf_i.o)
                              e:/iti arm course/03- imt sdk/03- imt sdk/imt_sdk_win_64/imt_sdk_win_64/winarm/armgcc/bin/../lib/gcc/arm-none-eabi/7.2.1/../../../../arm-none-eabi/lib/thumb/v7e-m\libg_nano.a(lib_a-nano-svfprintf.o) (_printf_i)
e:/iti arm course/03- imt sdk/03- imt sdk/imt_sdk_win_64/imt_sdk_win_64/winarm/armgcc/bin/../lib/gcc/arm-none-eabi/7.2.1/../../../../arm-none-eabi/lib/thumb/v7e-m\libg_nano.a(lib_a-memchr.o)
                              e:/iti arm course/03- imt sdk/03- imt sdk/imt_sdk_win_64/imt_sdk_win_64/winarm/armgcc/bin/../lib/gcc/arm-none-eabi/7.2.1/../../../../arm-none-eabi/lib/thumb/v7e-m\libg_nano.a(lib_a-nano-svfprintf.o) (memchr)
e:/iti arm course/03- imt sdk/03- imt sdk/imt_sdk_win_64/imt_sdk_win_64/winarm/armgcc/bin/../lib/gcc/arm-none-eabi/7.2.1/../../../../arm-none-eabi/lib/thumb/v7e-m\libg_nano.a(lib_a-memcpy-stub.o)
                              e:/iti arm course/03- imt sdk/03- imt sdk/imt_sdk_win_64/imt_sdk_win_64/winarm/armgcc/bin/../lib/gcc/arm-none-eabi/7.2.1/../../../../arm-none-eabi/lib/thumb/v7e-m\libg_nano.a(lib_a-nano-svfprintf.o) (memcpy)
e:/iti arm course/03- imt sdk/03- imt sdk/imt_sdk_win_64/imt_sdk_win_64/winarm/armgcc/bin/../lib/gcc/arm-none-eabi/7.2.1/../../../../arm-none-eabi/lib/thumb/v7e-m\libg_nano.a(lib_a-memmove.o)
                              e:/iti arm course/03- imt sdk/03- imt sdk/imt_sdk_win_64/imt_sdk_win_64/winarm/armgcc/bin/../lib/gcc/arm-none-eabi/7.2.1/../../../../arm-none-eabi/lib/thumb/v7e-m\libg_nano.a(lib_a-nano-svfprintf.o) (memmove)
e:/iti arm course/03- imt sdk/03- imt sdk/imt_sdk_win_64/imt_sdk_win_64/winarm/armgcc/bin/../lib/gcc/arm-none-eabi/7.2.1/../../../../arm-none-eabi/lib/thumb/v7e-m\libg_nano.a(lib_a-nano-freer.o)
                              e:/iti arm course/03- imt sdk/03- imt sdk/imt_sdk_win_64/imt_sdk_win_64/winarm/armgcc/bin/../lib/gcc/arm-none-eabi/7.2.1/../../../../arm-none-eabi/lib/thumb/v7e-m\libg_nano.a(lib_a-nano-svfprintf.o) (_free_r)
e:/iti arm course/03- imt sdk/03- imt sdk/imt_sdk_win_64/imt_sdk_win_64/winarm/armgcc/bin/../lib/gcc/arm-none-eabi/7.2.1/../../../../arm-none-eabi/lib/thumb/v7e-m\libg_nano.a(lib_a-nano-mallocr.o)
                              e:/iti arm course/03- imt sdk/03- imt sdk/imt_sdk_win_64/imt_sdk_win_64/winarm/armgcc/bin/../lib/gcc/arm-none-eabi/7.2.1/../../../../arm-none-eabi/lib/thumb/v7e-m\libg_nano.a(lib_a-nano-svfprintf.o) (_malloc_r)
e:/iti arm course/03- imt sdk/03- imt sdk/imt_sdk_win_64/imt_sdk_win_64/winarm/armgcc/bin/../lib/gcc/arm-none-eabi/7.2.1/../../../../arm-none-eabi/lib/thumb/v7e-m\libg_nano.a(lib_a-nano-reallocr.o)
                              e:/iti arm course/03- imt sdk/03- imt sdk/imt_sdk_win_64/imt_sdk_win_64/winarm/armgcc/bin/../lib/gcc/arm-none-eabi/7.2.1/../../../../arm-none-eabi/lib/thumb/v7e-m\libg_nano.a(lib_a-nano-svfprintf.o) (_realloc_r)
e:/iti arm course/03- imt sdk/03- imt sdk/imt_sdk_win_64/imt_sdk_win_64/winarm/armgcc/bin/../lib/gcc/arm-none-eabi/7.2.1/../../../../arm-none-eabi/lib/thumb/v7e-m\libg_nano.a(lib_a-sbrkr.o)
[...]
Memory Configuration

Name             Origin             Length             Attributes
RAM              0x20000000         0x00010000         xrw
CCMRAM           0x10000000         0x00000000         xrw
FLASH            0x08000000         0x00040000         xr
FLASHB1          0x00000000         0x00000000         xr
EXTMEMB0         0x00000000         0x00000000         xr
EXTMEMB1         0x00000000         0x00000000         xr
EXTMEMB2         0x00000000         0x00000000         xr
EXTMEMB3         0x00000000         0x00000000         xr
*default*        0x00000000         0xffffffff

Linker script and memory map

LOAD ./system/src/stm32f4-hal/stm32f4xx_hal.o
LOAD ./system/src/stm32f4-hal/stm32f4xx_hal_cortex.o
LOAD ./system/src/stm32f4-hal/stm32f4xx_hal_dfsdm.o
LOAD ./system/src/stm32f4-hal/stm32f4xx_hal_flash.o
LOAD ./system/src/stm32f4-hal/stm32f4xx_hal_gpio.o
LOAD ./system/src/stm32f4-hal/stm32f4xx_hal_iwdg.o
LOAD ./system/src/stm32f4-hal/stm32f4xx_hal_pwr.o
LOAD ./system/src/stm32f4-hal/stm32f4xx_hal_rcc.o
LOAD ./system/src/newlib/_cxx.o
LOAD ./system/src/newlib/_exit.o
LOAD ./system/src/newlib/_sbrk.o
LOAD ./system/src/newlib/_startup.o
LOAD ./system/src/newlib/_syscalls.o
LOAD ./system/src/newlib/assert.o
LOAD ./system/src/diag/Trace.o
LOAD ./system/src/diag/trace_impl.o
LOAD ./system/src/cortexm/_initialize_hardware.o
LOAD ./system/src/cortexm/_reset_hardware.o
LOAD ./system/src/cortexm/exception_handlers.o
LOAD ./system/src/cmsis/system_stm32f4xx.o
LOAD ./system/src/cmsis/vectors_stm32f401xc.o
LOAD ./src/MCAL/SYSTICK/SYSTICK_prg.o
LOAD ./src/MCAL/SYSCFG/SYSCFG_prog.o
LOAD ./src/MCAL/RCC/RCC_prg.o
LOAD ./src/MCAL/NVIC/NVIC_prog.o
LOAD ./src/MCAL/GPIO/GPIO_prg.o
LOAD ./src/MCAL/EXTI/EXTI_prog.o
LOAD ./src/HAL/SevenSegment/SevSeg_prog.o
LOAD ./src/APP/_initialize_hardware.o
LOAD ./src/APP/main.o
LOAD ./src/APP/stm32f4xx_hal_msp.o
LOAD e:/iti arm course/03- imt sdk/03- imt sdk/imt_sdk_win_64/imt_sdk_win_64/winarm/armgcc/bin/../lib/gcc/arm-none-eabi/7.2.1/../../../../arm-none-eabi/lib/thumb/v7e-m\libstdc++_nano.a
LOAD e:/iti arm course/03- imt sdk/03- imt sdk/imt_sdk_win_64/imt_sdk_win_64/winarm/armgcc/bin/../lib/gcc/arm-none-eabi/7.2.1/../../../../arm-none-eabi/lib/thumb/v7e-m\libm.a
START GROUP
LOAD e:/iti arm course/03- imt sdk/03- imt sdk/imt_sdk_win_64/imt_sdk_win_64/winarm/armgcc/bin/../lib/gcc/arm-none-eabi/7.2.1/thumb/v7e-m\libgcc.a
LOAD e:/iti arm course/03- imt sdk/03- imt sdk/imt_sdk_win_64/imt_sdk_win_64/winarm/armgcc/bin/../lib/gcc/arm-none-eabi/7.2.1/../../../../arm-none-eabi/lib/thumb/v7e-m\libg_nano.a
LOAD e:/iti arm course/03- imt sdk/03- imt sdk/imt_sdk_win_64/imt_sdk_win_64/winarm/armgcc/bin/../lib/gcc/arm-none-eabi/7.2.1/../../../../arm-none-eabi/lib/thumb/v7e-m\libc_nano.a
END GROUP
START GROUP
LOAD e:/iti arm course/03- imt sdk/03- imt sdk/imt_sdk_win_64/imt_sdk_win_64/winarm/armgcc/bin/../lib/gcc/arm-none-eabi/7.2.1/thumb/v7e-m\libgcc.a
LOAD e:/iti arm course/03- imt sdk/03- imt sdk/imt_sdk_win_64/imt_sdk_win_64/winarm/armgcc/bin/../lib/gcc/arm-none-eabi/7.2.1/../../../../arm-none-eabi/lib/thumb/v7e-m\libc_nano.a
END GROUP
                0x20010000                __stack = (ORIGIN (RAM) + LENGTH (RAM))
                0x20010000                _estack = __stack
                0x00000400                __Main_Stack_Size = 0x400
                [!provide]                PROVIDE (_Main_Stack_Size, __Main_Stack_Size)
                0x2000fc00                __Main_Stack_Limit = (__stack - __Main_Stack_Size)
                [!provide]                PROVIDE (_Main_Stack_Limit, __Main_Stack_Limit)
                0x00000100                _Minimum_Stack_Size = 0x100
                0x200001a4                PROVIDE (_Heap_Begin, _end_noinit)
                0x2000fc00                PROVIDE (_Heap_Limit, (__stack - __Main_Stack_Size))

.isr_vector     0x08000000      0x3f4
 FILL mask 0xff
                0x08000000                __vectors_start = ABSOLUTE (.)
                0x08000000                __vectors_start__ = ABSOLUTE (.)
 *(.isr_vector)
 .isr_vector    0x08000000      0x194 ./system/src/cmsis/vectors_stm32f401xc.o
                0x08000000                __isr_vectors
 *(.cfmconfig)
 *(.after_vectors .after_vectors.*)
 .after_vectors
                0x08000194      0x130 ./system/src/newlib/_startup.o
                0x08000194                _start
 .after_vectors
                0x080002c4      0x12c ./system/src/cortexm/exception_handlers.o
                0x080002c4                Reset_Handler
                0x080002ca                NMI_Handler
                0x080002ce                HardFault_Handler
                0x080002e2                HardFault_Handler_C
                0x08000340                MemManage_Handler
                0x08000344                BusFault_Handler
                0x08000358                BusFault_Handler_C
                0x0800038c                UsageFault_Handler
                0x080003a0                UsageFault_Handler_C
                0x080003d4                SVC_Handler
                0x080003d8                DebugMon_Handler
                0x080003dc                PendSV_Handler
                0x080003e0                SysTick_Handler
 .after_vectors
                0x080003f0        0x4 ./system/src/cmsis/vectors_stm32f401xc.o
                0x080003f0                RTC_Alarm_IRQHandler
                0x080003f0                SPI4_IRQHandler
                0x080003f0                TIM1_CC_IRQHandler
                0x080003f0                DMA2_Stream5_IRQHandler
                0x080003f0                DMA1_Stream5_IRQHandler
                0x080003f0                PVD_IRQHandler
                0x080003f0                SDIO_IRQHandler
                0x080003f0                TAMP_STAMP_IRQHandler
                0x080003f0                TIM1_UP_TIM10_IRQHandler
                0x080003f0                I2C3_ER_IRQHandler
                0x080003f0                I2C2_EV_IRQHandler
                0x080003f0                DMA1_Stream2_IRQHandler
                0x080003f0                FPU_IRQHandler
                0x080003f0                DMA2_Stream2_IRQHandler
                0x080003f0                SPI1_IRQHandler
                0x080003f0                TIM1_BRK_TIM9_IRQHandler
                0x080003f0                DMA2_Stream3_IRQHandler
                0x080003f0                USART6_IRQHandler
                0x080003f0                DMA2_Stream0_IRQHandler
                0x080003f0                TIM4_IRQHandler
                0x080003f0                I2C1_EV_IRQHandler
                0x080003f0                DMA1_Stream6_IRQHandler
                0x080003f0                DMA1_Stream1_IRQHandler
                0x080003f0                TIM3_IRQHandler
                0x080003f0                RCC_IRQHandler
                0x080003f0                Default_Handler
                0x080003f0                ADC_IRQHandler
                0x080003f0                DMA1_Stream7_IRQHandler
                0x080003f0                TIM5_IRQHandler
                0x080003f0                DMA2_Stream7_IRQHandler
                0x080003f0                I2C3_EV_IRQHandler
                0x080003f0                RTC_WKUP_IRQHandler
                0x080003f0                SPI2_IRQHandler
                0x080003f0                DMA1_Stream0_IRQHandler
                0x080003f0                WWDG_IRQHandler
                0x080003f0                TIM2_IRQHandler
                0x080003f0                OTG_FS_WKUP_IRQHandler
                0x080003f0                TIM1_TRG_COM_TIM11_IRQHandler
                0x080003f0                USART2_IRQHandler
                0x080003f0                I2C2_ER_IRQHandler
                0x080003f0                DMA2_Stream1_IRQHandler
                0x080003f0                FLASH_IRQHandler
                0x080003f0                DMA2_Stream4_IRQHandler
                0x080003f0                USART1_IRQHandler
                0x080003f0                OTG_FS_IRQHandler
                0x080003f0                SPI3_IRQHandler
                0x080003f0                DMA1_Stream4_IRQHandler
                0x080003f0                I2C1_ER_IRQHandler
                0x080003f0                DMA2_Stream6_IRQHandler
                0x080003f0                DMA1_Stream3_IRQHandler

.inits          0x080003f4       0x28
                0x080003f4                __data_regions_array_start = .
                0x080003f4        0x4 LONG 0x80026c0 LOADADDR (.data)
                0x080003f8        0x4 LONG 0x20000000 ADDR (.data)
                0x080003fc        0x4 LONG 0x20000084 (ADDR (.data) + SIZEOF (.data))
                0x08000400        0x4 LONG 0x80026c0 LOADADDR (.data_CCMRAM)
                0x08000404        0x4 LONG 0x10000000 ADDR (.data_CCMRAM)
                0x08000408        0x4 LONG 0x10000000 (ADDR (.data_CCMRAM) + SIZEOF (.data_CCMRAM))
                0x0800040c                __data_regions_array_end = .
                0x0800040c                __bss_regions_array_start = .
                0x0800040c        0x4 LONG 0x20000084 ADDR (.bss)
                0x08000410        0x4 LONG 0x200001a4 (ADDR (.bss) + SIZEOF (.bss))
                0x08000414        0x4 LONG 0x10000000 ADDR (.bss_CCMRAM)
                0x08000418        0x4 LONG 0x10000000 (ADDR (.bss_CCMRAM) + SIZEOF (.bss_CCMRAM))
                0x0800041c                __bss_regions_array_end = .
 *(.init)
 *(.fini)
                0x0800041c                . = ALIGN (0x4)
                0x0800041c                PROVIDE (__preinit_array_start, .)
 *(.preinit_array_sysinit .preinit_array_sysinit.*)
 *(.preinit_array_platform .preinit_array_platform.*)
 *(.preinit_array .preinit_array.*)
                0x0800041c                PROVIDE (__preinit_array_end, .)
                0x0800041c                . = ALIGN (0x4)
                0x0800041c                PROVIDE (__init_array_start, .)
 *(SORT_BY_NAME(.init_array.*))
 *(.init_array)
                0x0800041c                PROVIDE (__init_array_end, .)
                0x0800041c                . = ALIGN (0x4)
                0x0800041c                PROVIDE (__fini_array_start, .)
 *(SORT_BY_NAME(.fini_array.*))
 *(.fini_array)
                0x0800041c                PROVIDE (__fini_array_end, .)

.flashtext
 *(.flashtext .flashtext.*)

.text           0x08000420     0x229f
 *(.text .text.*)
 .text.HAL_InitTick
                0x08000420       0x2c ./system/src/stm32f4-hal/stm32f4xx_hal.o
                0x08000420                HAL_InitTick
 .text.HAL_Init
                0x0800044c       0x34 ./system/src/stm32f4-hal/stm32f4xx_hal.o
                0x0800044c                HAL_Init
 .text.HAL_GetTick
                0x08000480        0xc ./system/src/stm32f4-hal/stm32f4xx_hal.o
                0x08000480                HAL_GetTick
 .text.HAL_NVIC_SetPriorityGrouping
                0x0800048c       0x3c ./system/src/stm32f4-hal/stm32f4xx_hal_cortex.o
                0x0800048c                HAL_NVIC_SetPriorityGrouping
 .text.HAL_NVIC_SetPriority
                0x080004c8       0x8c ./system/src/stm32f4-hal/stm32f4xx_hal_cortex.o
                0x080004c8                HAL_NVIC_SetPriority
 .text.HAL_SYSTICK_Config
                0x08000554       0x2c ./system/src/stm32f4-hal/stm32f4xx_hal_cortex.o
                0x08000554                HAL_SYSTICK_Config
 .text.HAL_SYSTICK_CLKSourceConfig
                0x08000580       0x3c ./system/src/stm32f4-hal/stm32f4xx_hal_cortex.o
                0x08000580                HAL_SYSTICK_CLKSourceConfig
 .text.HAL_RCC_OscConfig
                0x080005bc      0x43c ./system/src/stm32f4-hal/stm32f4xx_hal_rcc.o
                0x080005bc                HAL_RCC_OscConfig
 .text.HAL_RCC_GetSysClockFreq
                0x080009f8       0x88 ./system/src/stm32f4-hal/stm32f4xx_hal_rcc.o
                0x080009f8                HAL_RCC_GetSysClockFreq
 .text.HAL_RCC_ClockConfig
                0x08000a80      0x258 ./system/src/stm32f4-hal/stm32f4xx_hal_rcc.o
                0x08000a80                HAL_RCC_ClockConfig
 .text.HAL_RCC_GetHCLKFreq
                0x08000cd8        0xc ./system/src/stm32f4-hal/stm32f4xx_hal_rcc.o
                0x08000cd8                HAL_RCC_GetHCLKFreq
 .text._exit    0x08000ce4        0x2 ./system/src/newlib/_exit.o
                0x08000ce4                _exit
 *fill*         0x08000ce6        0x2 
 .text.abort    0x08000ce8       0x14 ./system/src/newlib/_exit.o
                0x08000ce8                abort
 .text._sbrk    0x08000cfc       0x44 ./system/src/newlib/_sbrk.o
                0x08000cfc                _sbrk
 .text.__initialize_args
                0x08000d40       0x10 ./system/src/newlib/_syscalls.o
                0x08000d40                __initialize_args
 .text.assert_failed
                0x08000d50       0x14 ./system/src/newlib/assert.o
                0x08000d50                assert_failed
 .text.trace_printf
                0x08000d64       0x30 ./system/src/diag/Trace.o
                0x08000d64                trace_printf
 .text.trace_puts
                0x08000d94       0x20 ./system/src/diag/Trace.o
                0x08000d94                trace_puts
 .text._trace_write_semihosting_debug
                0x08000db4       0x60 ./system/src/diag/trace_impl.o
 .text.trace_write
                0x08000e14        0x8 ./system/src/diag/trace_impl.o
                0x08000e14                trace_write
 .text.__initialize_hardware_early
                0x08000e1c       0x18 ./system/src/cortexm/_initialize_hardware.o
                0x08000e1c                __initialize_hardware_early
 .text.dumpExceptionStack
                0x08000e34       0xf4 ./system/src/cortexm/exception_handlers.o
                0x08000e34                dumpExceptionStack
 .text.isSemihosting
                0x08000f28       0x20 ./system/src/cortexm/exception_handlers.o
                0x08000f28                isSemihosting
 .text.SystemInit
                0x08000f48       0x40 ./system/src/cmsis/system_stm32f4xx.o
                0x08000f48                SystemInit
 .text.SystemCoreClockUpdate
                0x08000f88       0x9c ./system/src/cmsis/system_stm32f4xx.o
                0x08000f88                SystemCoreClockUpdate
 .text.MSYSTICK_u8GetFlag
                0x08001024       0x10 ./src/MCAL/SYSTICK/SYSTICK_prg.o
                0x08001024                MSYSTICK_u8GetFlag
 .text.MSYSTICK_vChooseClockSource
                0x08001034       0x28 ./src/MCAL/SYSTICK/SYSTICK_prg.o
                0x08001034                MSYSTICK_vChooseClockSource
 .text.MSYSTICK_vEnableTimer
                0x0800105c       0x10 ./src/MCAL/SYSTICK/SYSTICK_prg.o
                0x0800105c                MSYSTICK_vEnableTimer
 .text.MSYSTICK_vSetReloadValue
                0x0800106c       0x10 ./src/MCAL/SYSTICK/SYSTICK_prg.o
                0x0800106c                MSYSTICK_vSetReloadValue
 .text.MSYSTICK_vSetCurrentValue
                0x0800107c       0x10 ./src/MCAL/SYSTICK/SYSTICK_prg.o
                0x0800107c                MSYSTICK_vSetCurrentValue
 .text.MSYSCFG_vSetExternalInterruptLine
                0x0800108c       0x34 ./src/MCAL/SYSCFG/SYSCFG_prog.o
                0x0800108c                MSYSCFG_vSetExternalInterruptLine
 .text.MRCC_vInit
                0x080010c0       0x34 ./src/MCAL/RCC/RCC_prg.o
                0x080010c0                MRCC_vInit
 .text.MRCC_vEnableClk
                0x080010f4       0x50 ./src/MCAL/RCC/RCC_prg.o
                0x080010f4                MRCC_vEnableClk
 .text.MRCC_vSetAHBPrescaler
                0x08001144       0x18 ./src/MCAL/RCC/RCC_prg.o
                0x08001144                MRCC_vSetAHBPrescaler
 .text.MRCC_vOutputClockOnHardwarePin
                0x0800115c       0x28 ./src/MCAL/RCC/RCC_prg.o
                0x0800115c                MRCC_vOutputClockOnHardwarePin
 .text.MNVIC_vEnableInterrupt
                0x08001184       0x24 ./src/MCAL/NVIC/NVIC_prog.o
                0x08001184                MNVIC_vEnableInterrupt
 .text.MNVIC_vSetPriority
                0x080011a8       0x80 ./src/MCAL/NVIC/NVIC_prog.o
                0x080011a8                MNVIC_vSetPriority
 .text.MNVIC_vConfigGroupPriority
                0x08001228       0x1c ./src/MCAL/NVIC/NVIC_prog.o
                0x08001228                MNVIC_vConfigGroupPriority
 .text.MGPIO_vSetPinMode
                0x08001244       0x70 ./src/MCAL/GPIO/GPIO_prg.o
                0x08001244                MGPIO_vSetPinMode
 .text.MGPIO_vSetPinOutputType
                0x080012b4       0x8c ./src/MCAL/GPIO/GPIO_prg.o
                0x080012b4                MGPIO_vSetPinOutputType
 .text.MGPIO_vSetPinSpeed
                0x08001340       0x70 ./src/MCAL/GPIO/GPIO_prg.o
                0x08001340                MGPIO_vSetPinSpeed
 .text.MGPIO_vSetPinPullUpDown
                0x080013b0       0x70 ./src/MCAL/GPIO/GPIO_prg.o
                0x080013b0                MGPIO_vSetPinPullUpDown
 .text.MGPIO_vSetPinAlternateFunction
                0x08001420       0xa0 ./src/MCAL/GPIO/GPIO_prg.o
                0x08001420                MGPIO_vSetPinAlternateFunction
 .text.MGPIO_vSetPinValue
                0x080014c0       0x84 ./src/MCAL/GPIO/GPIO_prg.o
                0x080014c0                MGPIO_vSetPinValue
 .text.MGPIO_vPinInit
                0x08001544       0x38 ./src/MCAL/GPIO/GPIO_prg.o
                0x08001544                MGPIO_vPinInit
 .text.MEXTI_vEnableExternalInterruptLine
                0x0800157c       0x18 ./src/MCAL/EXTI/EXTI_prog.o
                0x0800157c                MEXTI_vEnableExternalInterruptLine
 .text.MEXTI_vSetTriggerCondition
                0x08001594       0x74 ./src/MCAL/EXTI/EXTI_prog.o
                0x08001594                MEXTI_vSetTriggerCondition
 .text.MEXTI_u8GetPendingFlag
                0x08001608       0x1c ./src/MCAL/EXTI/EXTI_prog.o
                0x08001608                MEXTI_u8GetPendingFlag
 .text.MEXTI_vClearPendingFlag
                0x08001624       0x18 ./src/MCAL/EXTI/EXTI_prog.o
                0x08001624                MEXTI_vClearPendingFlag
 .text.EXTI0_IRQHandler
                0x0800163c       0x24 ./src/MCAL/EXTI/EXTI_prog.o
                0x0800163c                EXTI0_IRQHandler
 .text.EXTI1_IRQHandler
                0x08001660       0x24 ./src/MCAL/EXTI/EXTI_prog.o
                0x08001660                EXTI1_IRQHandler
 .text.EXTI2_IRQHandler
                0x08001684       0x24 ./src/MCAL/EXTI/EXTI_prog.o
                0x08001684                EXTI2_IRQHandler
 .text.EXTI3_IRQHandler
                0x080016a8       0x24 ./src/MCAL/EXTI/EXTI_prog.o
                0x080016a8                EXTI3_IRQHandler
 .text.EXTI4_IRQHandler
                0x080016cc       0x24 ./src/MCAL/EXTI/EXTI_prog.o
                0x080016cc                EXTI4_IRQHandler
 .text.EXTI9_5_IRQHandler
                0x080016f0       0x8c ./src/MCAL/EXTI/EXTI_prog.o
                0x080016f0                EXTI9_5_IRQHandler
 .text.EXTI15_10_IRQHandler
                0x0800177c       0xa8 ./src/MCAL/EXTI/EXTI_prog.o
                0x0800177c                EXTI15_10_IRQHandler
 .text.HSevenSeg_vInitPins
                0x08001824      0x100 ./src/HAL/SevenSegment/SevSeg_prog.o
                0x08001824                HSevenSeg_vInitPins
 .text.HSevenSeg_vDisplayNumber
                0x08001924       0x70 ./src/HAL/SevenSegment/SevSeg_prog.o
                0x08001924                HSevenSeg_vDisplayNumber
 .text.SystemClock_Config
                0x08001994       0x98 ./src/APP/_initialize_hardware.o
                0x08001994                SystemClock_Config
 .text.__initialize_hardware
                0x08001a2c       0x10 ./src/APP/_initialize_hardware.o
                0x08001a2c                __initialize_hardware
 .text.main     0x08001a3c      0x134 ./src/APP/main.o
                0x08001a3c                main
 .text.HAL_MspInit
                0x08001b70        0x2 ./src/APP/stm32f4xx_hal_msp.o
                0x08001b70                HAL_MspInit
 *fill*         0x08001b72        0x2 
 .text.__errno  0x08001b74        0xc e:/iti arm course/03- imt sdk/03- imt sdk/imt_sdk_win_64/imt_sdk_win_64/winarm/armgcc/bin/../lib/gcc/arm-none-eabi/7.2.1/../../../../arm-none-eabi/lib/thumb/v7e-m\libg_nano.a(lib_a-errno.o)
                0x08001b74                __errno
 .text          0x08001b80       0x10 e:/iti arm course/03- imt sdk/03- imt sdk/imt_sdk_win_64/imt_sdk_win_64/winarm/armgcc/bin/../lib/gcc/arm-none-eabi/7.2.1/../../../../arm-none-eabi/lib/thumb/v7e-m\libg_nano.a(lib_a-strlen.o)
                0x08001b80                strlen
 .text._vsnprintf_r
                0x08001b90       0x58 e:/iti arm course/03- imt sdk/03- imt sdk/imt_sdk_win_64/imt_sdk_win_64/winarm/armgcc/bin/../lib/gcc/arm-none-eabi/7.2.1/../../../../arm-none-eabi/lib/thumb/v7e-m\libg_nano.a(lib_a-vsnprintf.o)
                0x08001b90                _vsniprintf_r
                0x08001b90                _vsnprintf_r
 .text.vsnprintf
                0x08001be8       0x1c e:/iti arm course/03- imt sdk/03- imt sdk/imt_sdk_win_64/imt_sdk_win_64/winarm/armgcc/bin/../lib/gcc/arm-none-eabi/7.2.1/../../../../arm-none-eabi/lib/thumb/v7e-m\libg_nano.a(lib_a-vsnprintf.o)
                0x08001be8                vsniprintf
                0x08001be8                vsnprintf
 .text.__ssputs_r
                0x08001c04       0xb4 e:/iti arm course/03- imt sdk/03- imt sdk/imt_sdk_win_64/imt_sdk_win_64/winarm/armgcc/bin/../lib/gcc/arm-none-eabi/7.2.1/../../../../arm-none-eabi/lib/thumb/v7e-m\libg_nano.a(lib_a-nano-svfprintf.o)
                0x08001c04                __ssputs_r
 .text._svfprintf_r
                0x08001cb8      0x1ec e:/iti arm course/03- imt sdk/03- imt sdk/imt_sdk_win_64/imt_sdk_win_64/winarm/armgcc/bin/../lib/gcc/arm-none-eabi/7.2.1/../../../../arm-none-eabi/lib/thumb/v7e-m\libg_nano.a(lib_a-nano-svfprintf.o)
                0x08001cb8                _svfiprintf_r
                0x08001cb8                _svfprintf_r
 .text._printf_common
                0x08001ea4       0xea e:/iti arm course/03- imt sdk/03- imt sdk/imt_sdk_win_64/imt_sdk_win_64/winarm/armgcc/bin/../lib/gcc/arm-none-eabi/7.2.1/../../../../arm-none-eabi/lib/thumb/v7e-m\libg_nano.a(lib_a-nano-vfprintf_i.o)
                0x08001ea4                _printf_common
 *fill*         0x08001f8e        0x2 
 .text._printf_i
                0x08001f90      0x224 e:/iti arm course/03- imt sdk/03- imt sdk/imt_sdk_win_64/imt_sdk_win_64/winarm/armgcc/bin/../lib/gcc/arm-none-eabi/7.2.1/../../../../arm-none-eabi/lib/thumb/v7e-m\libg_nano.a(lib_a-nano-vfprintf_i.o)
                0x08001f90                _printf_i
 *fill*         0x080021b4        0xc 
 .text          0x080021c0       0xa0 e:/iti arm course/03- imt sdk/03- imt sdk/imt_sdk_win_64/imt_sdk_win_64/winarm/armgcc/bin/../lib/gcc/arm-none-eabi/7.2.1/../../../../arm-none-eabi/lib/thumb/v7e-m\libg_nano.a(lib_a-memchr.o)
                0x080021c0                memchr
 .text.memcpy   0x08002260       0x16 e:/iti arm course/03- imt sdk/03- imt sdk/imt_sdk_win_64/imt_sdk_win_64/winarm/armgcc/bin/../lib/gcc/arm-none-eabi/7.2.1/../../../../arm-none-eabi/lib/thumb/v7e-m\libg_nano.a(lib_a-memcpy-stub.o)
                0x08002260                memcpy
 .text.memmove  0x08002276       0x32 e:/iti arm course/03- imt sdk/03- imt sdk/imt_sdk_win_64/imt_sdk_win_64/winarm/armgcc/bin/../lib/gcc/arm-none-eabi/7.2.1/../../../../arm-none-eabi/lib/thumb/v7e-m\libg_nano.a(lib_a-memmove.o)
                0x08002276                memmove
 .text._free_r  0x080022a8       0x9c e:/iti arm course/03- imt sdk/03- imt sdk/imt_sdk_win_64/imt_sdk_win_64/winarm/armgcc/bin/../lib/gcc/arm-none-eabi/7.2.1/../../../../arm-none-eabi/lib/thumb/v7e-m\libg_nano.a(lib_a-nano-freer.o)
                0x080022a8                _free_r
 .text._malloc_r
                0x08002344       0xb4 e:/iti arm course/03- imt sdk/03- imt sdk/imt_sdk_win_64/imt_sdk_win_64/winarm/armgcc/bin/../lib/gcc/arm-none-eabi/7.2.1/../../../../arm-none-eabi/lib/thumb/v7e-m\libg_nano.a(lib_a-nano-mallocr.o)
                0x08002344                _malloc_r
 .text._realloc_r
                0x080023f8       0x4c e:/iti arm course/03- imt sdk/03- imt sdk/imt_sdk_win_64/imt_sdk_win_64/winarm/armgcc/bin/../lib/gcc/arm-none-eabi/7.2.1/../../../../arm-none-eabi/lib/thumb/v7e-m\libg_nano.a(lib_a-nano-reallocr.o)
                0x080023f8                _realloc_r
 .text._sbrk_r  0x08002444       0x20 e:/iti arm course/03- imt sdk/03- imt sdk/imt_sdk_win_64/imt_sdk_win_64/winarm/armgcc/bin/../lib/gcc/arm-none-eabi/7.2.1/../../../../arm-none-eabi/lib/thumb/v7e-m\libg_nano.a(lib_a-sbrkr.o)
                0x08002444                _sbrk_r
 .text.__malloc_lock
                0x08002464        0x2 e:/iti arm course/03- imt sdk/03- imt sdk/imt_sdk_win_64/imt_sdk_win_64/winarm/armgcc/bin/../lib/gcc/arm-none-eabi/7.2.1/../../../../arm-none-eabi/lib/thumb/v7e-m\libg_nano.a(lib_a-mlock.o)
                0x08002464                __malloc_lock
 .text.__malloc_unlock
                0x08002466        0x2 e:/iti arm course/03- imt sdk/03- imt sdk/imt_sdk_win_64/imt_sdk_win_64/winarm/armgcc/bin/../lib/gcc/arm-none-eabi/7.2.1/../../../../arm-none-eabi/lib/thumb/v7e-m\libg_nano.a(lib_a-mlock.o)
                0x08002466                __malloc_unlock
 .text._malloc_usable_size_r
                0x08002468       0x10 e:/iti arm course/03- imt sdk/03- imt sdk/imt_sdk_win_64/imt_sdk_win_64/winarm/armgcc/bin/../lib/gcc/arm-none-eabi/7.2.1/../../../../arm-none-eabi/lib/thumb/v7e-m\libg_nano.a(lib_a-nano-msizer.o)
                0x08002468                _malloc_usable_size_r
 *(.rodata .rodata.* .constdata .constdata.*)
 .rodata.HAL_NVIC_SetPriorityGrouping.str1.4
                0x08002478       0x31 ./system/src/stm32f4-hal/stm32f4xx_hal_cortex.o
 *fill*         0x080024a9        0x3 
 .rodata.APBAHBPrescTable
                0x080024ac       0x10 ./system/src/stm32f4-hal/stm32f4xx_hal_rcc.o
                0x080024ac                APBAHBPrescTable
 .rodata.HAL_RCC_OscConfig.str1.4
                0x080024bc       0x2e ./system/src/stm32f4-hal/stm32f4xx_hal_rcc.o
 *fill*         0x080024ea        0x2 
 .rodata.abort.str1.4
                0x080024ec       0x14 ./system/src/newlib/_exit.o
 .rodata.assert_failed.str1.4
                0x08002500       0x2b ./system/src/newlib/assert.o
 .rodata.trace_puts.str1.4
                0x0800252b       0x2b ./system/src/diag/Trace.o
                                  0x2 (size before relaxing)
 *fill*         0x0800252b        0x1 
 .rodata.dumpExceptionStack.str1.4
                0x0800252c      0x11a ./system/src/cortexm/exception_handlers.o
 *fill*         0x08002646        0x2 
 .rodata.str1.4
                0x08002648       0x2c ./system/src/cortexm/exception_handlers.o
                                 0x2a (size before relaxing)
 .rodata.AHBPrescTable
                0x08002674       0x10 ./system/src/cmsis/system_stm32f4xx.o
                0x08002674                AHBPrescTable
 .rodata        0x08002684        0x8 ./src/APP/main.o
 .rodata._svfprintf_r.str1.1
                0x0800268c       0x11 e:/iti arm course/03- imt sdk/03- imt sdk/imt_sdk_win_64/imt_sdk_win_64/winarm/armgcc/bin/../lib/gcc/arm-none-eabi/7.2.1/../../../../arm-none-eabi/lib/thumb/v7e-m\libg_nano.a(lib_a-nano-svfprintf.o)
 .rodata._printf_i.str1.1
                0x0800269d       0x22 e:/iti arm course/03- imt sdk/03- imt sdk/imt_sdk_win_64/imt_sdk_win_64/winarm/armgcc/bin/../lib/gcc/arm-none-eabi/7.2.1/../../../../arm-none-eabi/lib/thumb/v7e-m\libg_nano.a(lib_a-nano-vfprintf_i.o)
 *(vtable)
 *(.eh_frame*)
 *(.glue_7)
 .glue_7        0x080026bf        0x0 linker stubs
 *(.glue_7t)
 .glue_7t       0x080026bf        0x0 linker stubs

.vfp11_veneer   0x080026c0        0x0
 .vfp11_veneer  0x080026c0        0x0 linker stubs

.v4_bx          0x080026c0        0x0
 .v4_bx         0x080026c0        0x0 linker stubs

.iplt           0x080026c0        0x0
 .iplt          0x080026c0        0x0 ./system/src/stm32f4-hal/stm32f4xx_hal.o

.rel.dyn        0x080026c0        0x0
 .rel.iplt      0x080026c0        0x0 ./system/src/stm32f4-hal/stm32f4xx_hal.o

.ARM.extab
 *(.ARM.extab* .gnu.linkonce.armextab.*)
                0x080026c0                . = ALIGN (0x4)
                0x080026c0                __exidx_start = .

.ARM.exidx
 *(.ARM.exidx* .gnu.linkonce.armexidx.*)
                0x080026c0                __exidx_end = .
                0x080026c0                . = ALIGN (0x4)
                0x080026c0                _etext = .
                0x080026c0                __etext = .

.data_CCMRAM    0x10000000        0x0 load address 0x080026c0
 FILL mask 0xff
 *(.data.CCMRAM .data.CCMRAM.*)
                0x10000000                . = ALIGN (0x4)
                0x080026c0                _sidata = LOADADDR (.data)

.data           0x20000000       0x84 load address 0x080026c0
 FILL mask 0xff
                0x20000000                _sdata = .
                0x20000000                __data_start__ = .
 *(.data_begin .data_begin.*)
 .data_begin    0x20000000        0x4 ./system/src/newlib/_startup.o
 *(.data .data.*)
 .data.argv.4310
                0x20000004        0x8 ./system/src/newlib/_syscalls.o
 .data.SystemCoreClock
                0x2000000c        0x4 ./system/src/cmsis/system_stm32f4xx.o
                0x2000000c                SystemCoreClock
 .data.seven_seg_v
                0x20000010        0xa ./src/HAL/SevenSegment/SevSeg_prog.o
                0x20000010                seven_seg_v
 *fill*         0x2000001a        0x2 ff
 .data._impure_ptr
                0x2000001c        0x4 e:/iti arm course/03- imt sdk/03- imt sdk/imt_sdk_win_64/imt_sdk_win_64/winarm/armgcc/bin/../lib/gcc/arm-none-eabi/7.2.1/../../../../arm-none-eabi/lib/thumb/v7e-m\libg_nano.a(lib_a-impure.o)
                0x2000001c                _impure_ptr
 .data.impure_data
                0x20000020       0x60 e:/iti arm course/03- imt sdk/03- imt sdk/imt_sdk_win_64/imt_sdk_win_64/winarm/armgcc/bin/../lib/gcc/arm-none-eabi/7.2.1/../../../../arm-none-eabi/lib/thumb/v7e-m\libg_nano.a(lib_a-impure.o)
 *(.data_end .data_end.*)
 .data_end      0x20000080        0x4 ./system/src/newlib/_startup.o
                0x20000084                . = ALIGN (0x4)
                0x20000084                _edata = .
                0x20000084                __data_end__ = .

.igot.plt       0x20000084        0x0 load address 0x08002744
 .igot.plt      0x20000084        0x0 ./system/src/stm32f4-hal/stm32f4xx_hal.o

.bss_CCMRAM     0x10000000        0x0
 *(.bss.CCMRAM .bss.CCMRAM.*)

.bss            0x20000084      0x120
                0x20000084                __bss_start__ = .
                0x20000084                _sbss = .
 *(.bss_begin .bss_begin.*)
 .bss_begin     0x20000084        0x4 ./system/src/newlib/_startup.o
 *(.bss .bss.*)
 .bss.current_heap_end.3961
                0x20000088        0x4 ./system/src/newlib/_sbrk.o
 .bss.name.4309
                0x2000008c        0x1 ./system/src/newlib/_syscalls.o
 *fill*         0x2000008d        0x3 
 .bss.buf.5205  0x20000090       0x80 ./system/src/diag/Trace.o
 .bss.G_u32ClockSource
                0x20000110        0x4 ./src/MCAL/SYSTICK/SYSTICK_prg.o
                0x20000110                G_u32ClockSource
 .bss.G_u8GroupPriority
                0x20000114        0x1 ./src/MCAL/NVIC/NVIC_prog.o
                0x20000114                G_u8GroupPriority
 *fill*         0x20000115        0x3 
 .bss.g_apfHandler
                0x20000118       0x40 ./src/MCAL/EXTI/EXTI_prog.o
 .bss.counter   0x20000158        0x4 ./src/APP/main.o
                0x20000158                counter
 .bss.__malloc_free_list
                0x2000015c        0x4 e:/iti arm course/03- imt sdk/03- imt sdk/imt_sdk_win_64/imt_sdk_win_64/winarm/armgcc/bin/../lib/gcc/arm-none-eabi/7.2.1/../../../../arm-none-eabi/lib/thumb/v7e-m\libg_nano.a(lib_a-nano-mallocr.o)
                0x2000015c                __malloc_free_list
 .bss.__malloc_sbrk_start
                0x20000160        0x4 e:/iti arm course/03- imt sdk/03- imt sdk/imt_sdk_win_64/imt_sdk_win_64/winarm/armgcc/bin/../lib/gcc/arm-none-eabi/7.2.1/../../../../arm-none-eabi/lib/thumb/v7e-m\libg_nano.a(lib_a-nano-mallocr.o)
                0x20000160                __malloc_sbrk_start
 *(COMMON)
 COMMON         0x20000164        0x4 ./system/src/stm32f4-hal/stm32f4xx_hal.o
                0x20000164                uwTick
 COMMON         0x20000168        0x4 ./system/src/newlib/_syscalls.o
                0x20000168                errno
 COMMON         0x2000016c       0x31 ./src/HAL/SevenSegment/SevSeg_prog.o
                0x2000016c                seven_seg
 *(.bss_end .bss_end.*)
 *fill*         0x2000019d        0x3 
 .bss_end       0x200001a0        0x4 ./system/src/newlib/_startup.o
                0x200001a4                . = ALIGN (0x4)
                0x200001a4                __bss_end__ = .
                0x200001a4                _ebss = .

.noinit_CCMRAM
 *(.noinit.CCMRAM .noinit.CCMRAM.*)

.noinit         0x200001a4        0x0
                0x200001a4                _noinit = .
 *(.noinit .noinit.*)
                0x200001a4                . = ALIGN (0x4)
                0x200001a4                _end_noinit = .
                [!provide]                PROVIDE (end, _end_noinit)
                [!provide]                PROVIDE (_end, _end_noinit)
                [!provide]                PROVIDE (__end, _end_noinit)
                [!provide]                PROVIDE (__end__, _end_noinit)

._check_stack   0x200001a4      0x100
                0x200002a4                . = (. + _Minimum_Stack_Size)
 *fill*         0x200001a4      0x100 

.b1text
 *(.b1text)
 *(.b1rodata)
 *(.b1rodata.*)

.eb0text
 *(.eb0text)
 *(.eb0rodata)
 *(.eb0rodata.*)

.eb1text
 *(.eb1text)
 *(.eb1rodata)
 *(.eb1rodata.*)

.eb2text
 *(.eb2text)
 *(.eb2rodata)
 *(.eb2rodata.*)

.eb3text
 *(.eb3text)
 *(.eb3rodata)
 *(.eb3rodata.*)

.stab
 *(.stab)

.stabstr
 *(.stabstr)

.stab.excl
 *(.stab.excl)

.stab.exclstr
 *(.stab.exclstr)

.stab.index
 *(.stab.index)

.stab.indexstr
 *(.stab.indexstr)

.comment        0x00000000       0x7e
 *(.comment)
 .comment       0x00000000       0x7e ./system/src/stm32f4-hal/stm32f4xx_hal.o
                                 0x7f (size before relaxing)
 .comment       0x0000007e       0x7f ./system/src/stm32f4-hal/stm32f4xx_hal_cortex.o
 .comment       0x0000007e       0x7f ./system/src/stm32f4-hal/stm32f4xx_hal_rcc.o
 .comment       0x0000007e       0x7f ./system/src/newlib/_exit.o
 .comment       0x0000007e       0x7f ./system/src/newlib/_sbrk.o
 .comment       0x0000007e       0x7f ./system/src/newlib/_startup.o
 .comment       0x0000007e       0x7f ./system/src/newlib/_syscalls.o
 .comment       0x0000007e       0x7f ./system/src/newlib/assert.o
 .comment       0x0000007e       0x7f ./system/src/diag/Trace.o
 .comment       0x0000007e       0x7f ./system/src/diag/trace_impl.o
 .comment       0x0000007e       0x7f ./system/src/cortexm/_initialize_hardware.o
 .comment       0x0000007e       0x7f ./system/src/cortexm/exception_handlers.o
 .comment       0x0000007e       0x7f ./system/src/cmsis/system_stm32f4xx.o
 .comment       0x0000007e       0x7f ./system/src/cmsis/vectors_stm32f401xc.o
 .comment       0x0000007e       0x7f ./src/MCAL/SYSTICK/SYSTICK_prg.o
 .comment       0x0000007e       0x7f ./src/MCAL/SYSCFG/SYSCFG_prog.o
 .comment       0x0000007e       0x7f ./src/MCAL/RCC/RCC_prg.o
 .comment       0x0000007e       0x7f ./src/MCAL/NVIC/NVIC_prog.o
 .comment       0x0000007e       0x7f ./src/MCAL/GPIO/GPIO_prg.o
 .comment       0x0000007e       0x7f ./src/MCAL/EXTI/EXTI_prog.o
 .comment       0x0000007e       0x7f ./src/HAL/SevenSegment/SevSeg_prog.o
 .comment       0x0000007e       0x7f ./src/APP/_initialize_hardware.o
 .comment       0x0000007e       0x7f ./src/APP/main.o
 .comment       0x0000007e       0x7f ./src/APP/stm32f4xx_hal_msp.o

.ARM.attributes
                0x00000000       0x31
 .ARM.attributes
                0x00000000       0x33 ./system/src/stm32f4-hal/stm32f4xx_hal.o
 .ARM.attributes
                0x00000033       0x33 ./system/src/stm32f4-hal/stm32f4xx_hal_cortex.o
 .ARM.attributes
                0x00000066       0x33 ./system/src/stm32f4-hal/stm32f4xx_hal_rcc.o
 .ARM.attributes
                0x00000099       0x33 ./system/src/newlib/_exit.o
 .ARM.attributes
                0x000000cc       0x33 ./system/src/newlib/_sbrk.o
 .ARM.attributes
                0x000000ff       0x33 ./system/src/newlib/_startup.o
 .ARM.attributes
                0x00000132       0x33 ./system/src/newlib/_syscalls.o
 .ARM.attributes
                0x00000165       0x33 ./system/src/newlib/assert.o
 .ARM.attributes
                0x00000198       0x33 ./system/src/diag/Trace.o
 .ARM.attributes
                0x000001cb       0x33 ./system/src/diag/trace_impl.o
 .ARM.attributes
                0x000001fe       0x33 ./system/src/cortexm/_initialize_hardware.o
 .ARM.attributes
                0x00000231       0x33 ./system/src/cortexm/exception_handlers.o
 .ARM.attributes
                0x00000264       0x33 ./system/src/cmsis/system_stm32f4xx.o
 .ARM.attributes
                0x00000297       0x33 ./system/src/cmsis/vectors_stm32f401xc.o
 .ARM.attributes
                0x000002ca       0x33 ./src/MCAL/SYSTICK/SYSTICK_prg.o
 .ARM.attributes
                0x000002fd       0x33 ./src/MCAL/SYSCFG/SYSCFG_prog.o
 .ARM.attributes
                0x00000330       0x33 ./src/MCAL/RCC/RCC_prg.o
 .ARM.attributes
                0x00000363       0x33 ./src/MCAL/NVIC/NVIC_prog.o
 .ARM.attributes
                0x00000396       0x33 ./src/MCAL/GPIO/GPIO_prg.o
 .ARM.attributes
                0x000003c9       0x33 ./src/MCAL/EXTI/EXTI_prog.o
 .ARM.attributes
                0x000003fc       0x33 ./src/HAL/SevenSegment/SevSeg_prog.o
 .ARM.attributes
                0x0000042f       0x33 ./src/APP/_initialize_hardware.o
 .ARM.attributes
                0x00000462       0x33 ./src/APP/main.o
 .ARM.attributes
                0x00000495       0x33 ./src/APP/stm32f4xx_hal_msp.o
 .ARM.attributes
                0x000004c8       0x2e e:/iti arm course/03- imt sdk/03- imt sdk/imt_sdk_win_64/imt_sdk_win_64/winarm/armgcc/bin/../lib/gcc/arm-none-eabi/7.2.1/../../../../arm-none-eabi/lib/thumb/v7e-m\libg_nano.a(lib_a-errno.o)
 .ARM.attributes
                0x000004f6       0x2e e:/iti arm course/03- imt sdk/03- imt sdk/imt_sdk_win_64/imt_sdk_win_64/winarm/armgcc/bin/../lib/gcc/arm-none-eabi/7.2.1/../../../../arm-none-eabi/lib/thumb/v7e-m\libg_nano.a(lib_a-impure.o)
 .ARM.attributes
                0x00000524       0x17 e:/iti arm course/03- imt sdk/03- imt sdk/imt_sdk_win_64/imt_sdk_win_64/winarm/armgcc/bin/../lib/gcc/arm-none-eabi/7.2.1/../../../../arm-none-eabi/lib/thumb/v7e-m\libg_nano.a(lib_a-strlen.o)
 .ARM.attributes
                0x0000053b       0x2e e:/iti arm course/03- imt sdk/03- imt sdk/imt_sdk_win_64/imt_sdk_win_64/winarm/armgcc/bin/../lib/gcc/arm-none-eabi/7.2.1/../../../../arm-none-eabi/lib/thumb/v7e-m\libg_nano.a(lib_a-vsnprintf.o)
 .ARM.attributes
                0x00000569       0x2e e:/iti arm course/03- imt sdk/03- imt sdk/imt_sdk_win_64/imt_sdk_win_64/winarm/armgcc/bin/../lib/gcc/arm-none-eabi/7.2.1/../../../../arm-none-eabi/lib/thumb/v7e-m\libg_nano.a(lib_a-nano-svfprintf.o)
 .ARM.attributes
                0x00000597       0x2e e:/iti arm course/03- imt sdk/03- imt sdk/imt_sdk_win_64/imt_sdk_win_64/winarm/armgcc/bin/../lib/gcc/arm-none-eabi/7.2.1/../../../../arm-none-eabi/lib/thumb/v7e-m\libg_nano.a(lib_a-nano-vfprintf_i.o)
 .ARM.attributes
                0x000005c5       0x1c e:/iti arm course/03- imt sdk/03- imt sdk/imt_sdk_win_64/imt_sdk_win_64/winarm/armgcc/bin/../lib/gcc/arm-none-eabi/7.2.1/../../../../arm-none-eabi/lib/thumb/v7e-m\libg_nano.a(lib_a-memchr.o)
 .ARM.attributes
                0x000005e1       0x2e e:/iti arm course/03- imt sdk/03- imt sdk/imt_sdk_win_64/imt_sdk_win_64/winarm/armgcc/bin/../lib/gcc/arm-none-eabi/7.2.1/../../../../arm-none-eabi/lib/thumb/v7e-m\libg_nano.a(lib_a-memcpy-stub.o)
 .ARM.attributes
                0x0000060f       0x2e e:/iti arm course/03- imt sdk/03- imt sdk/imt_sdk_win_64/imt_sdk_win_64/winarm/armgcc/bin/../lib/gcc/arm-none-eabi/7.2.1/../../../../arm-none-eabi/lib/thumb/v7e-m\libg_nano.a(lib_a-memmove.o)
 .ARM.attributes
                0x0000063d       0x2e e:/iti arm course/03- imt sdk/03- imt sdk/imt_sdk_win_64/imt_sdk_win_64/winarm/armgcc/bin/../lib/gcc/arm-none-eabi/7.2.1/../../../../arm-none-eabi/lib/thumb/v7e-m\libg_nano.a(lib_a-nano-freer.o)
 .ARM.attributes
                0x0000066b       0x2e e:/iti arm course/03- imt sdk/03- imt sdk/imt_sdk_win_64/imt_sdk_win_64/winarm/armgcc/bin/../lib/gcc/arm-none-eabi/7.2.1/../../../../arm-none-eabi/lib/thumb/v7e-m\libg_nano.a(lib_a-nano-mallocr.o)
 .ARM.attributes
                0x00000699       0x2e e:/iti arm course/03- imt sdk/03- imt sdk/imt_sdk_win_64/imt_sdk_win_64/winarm/armgcc/bin/../lib/gcc/arm-none-eabi/7.2.1/../../../../arm-none-eabi/lib/thumb/v7e-m\libg_nano.a(lib_a-nano-reallocr.o)
 .ARM.attributes
                0x000006c7       0x2e e:/iti arm course/03- imt sdk/03- imt sdk/imt_sdk_win_64/imt_sdk_win_64/winarm/armgcc/bin/../lib/gcc/arm-none-eabi/7.2.1/../../../../arm-none-eabi/lib/thumb/v7e-m\libg_nano.a(lib_a-sbrkr.o)
 .ARM.attributes
                0x000006f5       0x2e e:/iti arm course/03- imt sdk/03- imt sdk/imt_sdk_win_64/imt_sdk_win_64/winarm/armgcc/bin/../lib/gcc/arm-none-eabi/7.2.1/../../../../arm-none-eabi/lib/thumb/v7e-m\libg_nano.a(lib_a-mlock.o)
 .ARM.attributes
                0x00000723       0x2e e:/iti arm course/03- imt sdk/03- imt sdk/imt_sdk_win_64/imt_sdk_win_64/winarm/armgcc/bin/../lib/gcc/arm-none-eabi/7.2.1/../../../../arm-none-eabi/lib/thumb/v7e-m\libg_nano.a(lib_a-nano-msizer.o)

.debug
 *(.debug)

.line
 *(.line)

.debug_srcinfo
 *(.debug_srcinfo)

.debug_sfnames
 *(.debug_sfnames)

.debug_aranges  0x00000000      0x710
 *(.debug_aranges)
 .debug_aranges
                0x00000000       0xc0 ./system/src/stm32f4-hal/stm32f4xx_hal.o
 .debug_aranges
                0x000000c0       0x98 ./system/src/stm32f4-hal/stm32f4xx_hal_cortex.o
 .debug_aranges
                0x00000158       0x88 ./system/src/stm32f4-hal/stm32f4xx_hal_rcc.o
 .debug_aranges
                0x000001e0       0x28 ./system/src/newlib/_exit.o
 .debug_aranges
                0x00000208       0x20 ./system/src/newlib/_sbrk.o
 .debug_aranges
                0x00000228       0x40 ./system/src/newlib/_startup.o
 .debug_aranges
                0x00000268       0x30 ./system/src/newlib/_syscalls.o
 .debug_aranges
                0x00000298       0x28 ./system/src/newlib/assert.o
 .debug_aranges
                0x000002c0       0x38 ./system/src/diag/Trace.o
 .debug_aranges
                0x000002f8       0x30 ./system/src/diag/trace_impl.o
 .debug_aranges
                0x00000328       0x28 ./system/src/cortexm/_initialize_hardware.o
 .debug_aranges
                0x00000350       0x90 ./system/src/cortexm/exception_handlers.o
 .debug_aranges
                0x000003e0       0x28 ./system/src/cmsis/system_stm32f4xx.o
 .debug_aranges
                0x00000408       0x20 ./system/src/cmsis/vectors_stm32f401xc.o
 .debug_aranges
                0x00000428       0x88 ./src/MCAL/SYSTICK/SYSTICK_prg.o
 .debug_aranges
                0x000004b0       0x20 ./src/MCAL/SYSCFG/SYSCFG_prog.o
 .debug_aranges
                0x000004d0       0x50 ./src/MCAL/RCC/RCC_prg.o
 .debug_aranges
                0x00000520       0x50 ./src/MCAL/NVIC/NVIC_prog.o
 .debug_aranges
                0x00000570       0x78 ./src/MCAL/GPIO/GPIO_prg.o
 .debug_aranges
                0x000005e8       0x80 ./src/MCAL/EXTI/EXTI_prog.o
 .debug_aranges
                0x00000668       0x28 ./src/HAL/SevenSegment/SevSeg_prog.o
 .debug_aranges
                0x00000690       0x28 ./src/APP/_initialize_hardware.o
 .debug_aranges
                0x000006b8       0x20 ./src/APP/main.o
 .debug_aranges
                0x000006d8       0x38 ./src/APP/stm32f4xx_hal_msp.o

.debug_pubnames
 *(.debug_pubnames)

.debug_info     0x00000000     0xe086
 *(.debug_info .gnu.linkonce.wi.*)
 .debug_info    0x00000000     0x107e ./system/src/stm32f4-hal/stm32f4xx_hal.o
 .debug_info    0x0000107e     0x1863 ./system/src/stm32f4-hal/stm32f4xx_hal_cortex.o
 .debug_info    0x000028e1     0x177e ./system/src/stm32f4-hal/stm32f4xx_hal_rcc.o
 .debug_info    0x0000405f      0x956 ./system/src/newlib/_exit.o
 .debug_info    0x000049b5      0x942 ./system/src/newlib/_sbrk.o
 .debug_info    0x000052f7      0x4bf ./system/src/newlib/_startup.o
 .debug_info    0x000057b6      0xa19 ./system/src/newlib/_syscalls.o
 .debug_info    0x000061cf      0x9ff ./system/src/newlib/assert.o
 .debug_info    0x00006bce      0xb2a ./system/src/diag/Trace.o
 .debug_info    0x000076f8      0xb6b ./system/src/diag/trace_impl.o
 .debug_info    0x00008263      0xade ./system/src/cortexm/_initialize_hardware.o
 .debug_info    0x00008d41     0x115a ./system/src/cortexm/exception_handlers.o
 .debug_info    0x00009e9b      0xcfe ./system/src/cmsis/system_stm32f4xx.o
 .debug_info    0x0000ab99       0xca ./system/src/cmsis/vectors_stm32f401xc.o
 .debug_info    0x0000ac63      0x29e ./src/MCAL/SYSTICK/SYSTICK_prg.o
 .debug_info    0x0000af01      0x149 ./src/MCAL/SYSCFG/SYSCFG_prog.o
 .debug_info    0x0000b04a      0x35b ./src/MCAL/RCC/RCC_prg.o
 .debug_info    0x0000b3a5      0x313 ./src/MCAL/NVIC/NVIC_prog.o
 .debug_info    0x0000b6b8      0x480 ./src/MCAL/GPIO/GPIO_prg.o
 .debug_info    0x0000bb38      0x4dc ./src/MCAL/EXTI/EXTI_prog.o
 .debug_info    0x0000c014      0x30f ./src/HAL/SevenSegment/SevSeg_prog.o
 .debug_info    0x0000c323      0xd34 ./src/APP/_initialize_hardware.o
 .debug_info    0x0000d057      0x720 ./src/APP/main.o
 .debug_info    0x0000d777      0x90f ./src/APP/stm32f4xx_hal_msp.o

.debug_abbrev   0x00000000     0x2e0a
 *(.debug_abbrev)
 .debug_abbrev  0x00000000      0x32b ./system/src/stm32f4-hal/stm32f4xx_hal.o
 .debug_abbrev  0x0000032b      0x3f1 ./system/src/stm32f4-hal/stm32f4xx_hal_cortex.o
 .debug_abbrev  0x0000071c      0x394 ./system/src/stm32f4-hal/stm32f4xx_hal_rcc.o
 .debug_abbrev  0x00000ab0      0x1f3 ./system/src/newlib/_exit.o
 .debug_abbrev  0x00000ca3      0x1fc ./system/src/newlib/_sbrk.o
 .debug_abbrev  0x00000e9f      0x1cb ./system/src/newlib/_startup.o
 .debug_abbrev  0x0000106a      0x234 ./system/src/newlib/_syscalls.o
 .debug_abbrev  0x0000129e      0x1f3 ./system/src/newlib/assert.o
 .debug_abbrev  0x00001491      0x276 ./system/src/diag/Trace.o
 .debug_abbrev  0x00001707      0x2ef ./system/src/diag/trace_impl.o
 .debug_abbrev  0x000019f6      0x1de ./system/src/cortexm/_initialize_hardware.o
 .debug_abbrev  0x00001bd4      0x32b ./system/src/cortexm/exception_handlers.o
 .debug_abbrev  0x00001eff      0x216 ./system/src/cmsis/system_stm32f4xx.o
 .debug_abbrev  0x00002115       0x9d ./system/src/cmsis/vectors_stm32f401xc.o
 .debug_abbrev  0x000021b2      0x12a ./src/MCAL/SYSTICK/SYSTICK_prg.o
 .debug_abbrev  0x000022dc       0xc5 ./src/MCAL/SYSCFG/SYSCFG_prog.o
 .debug_abbrev  0x000023a1       0xaf ./src/MCAL/RCC/RCC_prg.o
 .debug_abbrev  0x00002450      0x120 ./src/MCAL/NVIC/NVIC_prog.o
 .debug_abbrev  0x00002570      0x118 ./src/MCAL/GPIO/GPIO_prg.o
 .debug_abbrev  0x00002688      0x149 ./src/MCAL/EXTI/EXTI_prog.o
 .debug_abbrev  0x000027d1      0x11a ./src/HAL/SevenSegment/SevSeg_prog.o
 .debug_abbrev  0x000028eb      0x22d ./src/APP/_initialize_hardware.o
 .debug_abbrev  0x00002b18      0x141 ./src/APP/main.o
 .debug_abbrev  0x00002c59      0x1b1 ./src/APP/stm32f4xx_hal_msp.o

.debug_line     0x00000000     0x935a
 *(.debug_line)
 .debug_line    0x00000000      0xc0c ./system/src/stm32f4-hal/stm32f4xx_hal.o
 .debug_line    0x00000c0c      0xd03 ./system/src/stm32f4-hal/stm32f4xx_hal_cortex.o
 .debug_line    0x0000190f      0xe8d ./system/src/stm32f4-hal/stm32f4xx_hal_rcc.o
 .debug_line    0x0000279c      0x3cf ./system/src/newlib/_exit.o
 .debug_line    0x00002b6b      0x383 ./system/src/newlib/_sbrk.o
 .debug_line    0x00002eee      0x44b ./system/src/newlib/_startup.o
 .debug_line    0x00003339      0x4b9 ./system/src/newlib/_syscalls.o
 .debug_line    0x000037f2      0x40a ./system/src/newlib/assert.o
 .debug_line    0x00003bfc      0x44b ./system/src/diag/Trace.o
 .debug_line    0x00004047      0xb3f ./system/src/diag/trace_impl.o
 .debug_line    0x00004b86      0xaa8 ./system/src/cortexm/_initialize_hardware.o
 .debug_line    0x0000562e      0xbf6 ./system/src/cortexm/exception_handlers.o
 .debug_line    0x00006224      0xaae ./system/src/cmsis/system_stm32f4xx.o
 .debug_line    0x00006cd2      0x122 ./system/src/cmsis/vectors_stm32f401xc.o
 .debug_line    0x00006df4      0x1a6 ./src/MCAL/SYSTICK/SYSTICK_prg.o
 .debug_line    0x00006f9a      0x128 ./src/MCAL/SYSCFG/SYSCFG_prog.o
 .debug_line    0x000070c2      0x132 ./src/MCAL/RCC/RCC_prg.o
 .debug_line    0x000071f4      0x120 ./src/MCAL/NVIC/NVIC_prog.o
 .debug_line    0x00007314      0x1de ./src/MCAL/GPIO/GPIO_prg.o
 .debug_line    0x000074f2      0x267 ./src/MCAL/EXTI/EXTI_prog.o
 .debug_line    0x00007759      0x1b2 ./src/HAL/SevenSegment/SevSeg_prog.o
 .debug_line    0x0000790b      0xaa5 ./src/APP/_initialize_hardware.o
 .debug_line    0x000083b0      0x504 ./src/APP/main.o
 .debug_line    0x000088b4      0xaa6 ./src/APP/stm32f4xx_hal_msp.o

.debug_frame    0x00000000     0x10ec
 *(.debug_frame)
 .debug_frame   0x00000000      0x188 ./system/src/stm32f4-hal/stm32f4xx_hal.o
 .debug_frame   0x00000188      0x17c ./system/src/stm32f4-hal/stm32f4xx_hal_cortex.o
 .debug_frame   0x00000304      0x140 ./system/src/stm32f4-hal/stm32f4xx_hal_rcc.o
 .debug_frame   0x00000444       0x38 ./system/src/newlib/_exit.o
 .debug_frame   0x0000047c       0x28 ./system/src/newlib/_sbrk.o
 .debug_frame   0x000004a4       0x7c ./system/src/newlib/_startup.o
 .debug_frame   0x00000520       0x50 ./system/src/newlib/_syscalls.o
 .debug_frame   0x00000570       0x40 ./system/src/newlib/assert.o
 .debug_frame   0x000005b0       0x94 ./system/src/diag/Trace.o
 .debug_frame   0x00000644       0x64 ./system/src/diag/trace_impl.o
 .debug_frame   0x000006a8       0x40 ./system/src/cortexm/_initialize_hardware.o
 .debug_frame   0x000006e8      0x158 ./system/src/cortexm/exception_handlers.o
 .debug_frame   0x00000840       0x30 ./system/src/cmsis/system_stm32f4xx.o
 .debug_frame   0x00000870       0x20 ./system/src/cmsis/vectors_stm32f401xc.o
 .debug_frame   0x00000890      0x104 ./src/MCAL/SYSTICK/SYSTICK_prg.o
 .debug_frame   0x00000994       0x2c ./src/MCAL/SYSCFG/SYSCFG_prog.o
 .debug_frame   0x000009c0       0x80 ./src/MCAL/RCC/RCC_prg.o
 .debug_frame   0x00000a40       0xb0 ./src/MCAL/NVIC/NVIC_prog.o
 .debug_frame   0x00000af0      0x10c ./src/MCAL/GPIO/GPIO_prg.o
 .debug_frame   0x00000bfc      0x118 ./src/MCAL/EXTI/EXTI_prog.o
 .debug_frame   0x00000d14       0x48 ./src/HAL/SevenSegment/SevSeg_prog.o
 .debug_frame   0x00000d5c       0x4c ./src/APP/_initialize_hardware.o
 .debug_frame   0x00000da8       0x2c ./src/APP/main.o
 .debug_frame   0x00000dd4       0x50 ./src/APP/stm32f4xx_hal_msp.o
 .debug_frame   0x00000e24       0x20 e:/iti arm course/03- imt sdk/03- imt sdk/imt_sdk_win_64/imt_sdk_win_64/winarm/armgcc/bin/../lib/gcc/arm-none-eabi/7.2.1/../../../../arm-none-eabi/lib/thumb/v7e-m\libg_nano.a(lib_a-errno.o)
 .debug_frame   0x00000e44       0x4c e:/iti arm course/03- imt sdk/03- imt sdk/imt_sdk_win_64/imt_sdk_win_64/winarm/armgcc/bin/../lib/gcc/arm-none-eabi/7.2.1/../../../../arm-none-eabi/lib/thumb/v7e-m\libg_nano.a(lib_a-vsnprintf.o)
 .debug_frame   0x00000e90       0x90 e:/iti arm course/03- imt sdk/03- imt sdk/imt_sdk_win_64/imt_sdk_win_64/winarm/armgcc/bin/../lib/gcc/arm-none-eabi/7.2.1/../../../../arm-none-eabi/lib/thumb/v7e-m\libg_nano.a(lib_a-nano-svfprintf.o)
 .debug_frame   0x00000f20       0x60 e:/iti arm course/03- imt sdk/03- imt sdk/imt_sdk_win_64/imt_sdk_win_64/winarm/armgcc/bin/../lib/gcc/arm-none-eabi/7.2.1/../../../../arm-none-eabi/lib/thumb/v7e-m\libg_nano.a(lib_a-nano-vfprintf_i.o)
 .debug_frame   0x00000f80       0x28 e:/iti arm course/03- imt sdk/03- imt sdk/imt_sdk_win_64/imt_sdk_win_64/winarm/armgcc/bin/../lib/gcc/arm-none-eabi/7.2.1/../../../../arm-none-eabi/lib/thumb/v7e-m\libg_nano.a(lib_a-memcpy-stub.o)
 .debug_frame   0x00000fa8       0x28 e:/iti arm course/03- imt sdk/03- imt sdk/imt_sdk_win_64/imt_sdk_win_64/winarm/armgcc/bin/../lib/gcc/arm-none-eabi/7.2.1/../../../../arm-none-eabi/lib/thumb/v7e-m\libg_nano.a(lib_a-memmove.o)
 .debug_frame   0x00000fd0       0x38 e:/iti arm course/03- imt sdk/03- imt sdk/imt_sdk_win_64/imt_sdk_win_64/winarm/armgcc/bin/../lib/gcc/arm-none-eabi/7.2.1/../../../../arm-none-eabi/lib/thumb/v7e-m\libg_nano.a(lib_a-nano-freer.o)
 .debug_frame   0x00001008       0x2c e:/iti arm course/03- imt sdk/03- imt sdk/imt_sdk_win_64/imt_sdk_win_64/winarm/armgcc/bin/../lib/gcc/arm-none-eabi/7.2.1/../../../../arm-none-eabi/lib/thumb/v7e-m\libg_nano.a(lib_a-nano-mallocr.o)
 .debug_frame   0x00001034       0x3c e:/iti arm course/03- imt sdk/03- imt sdk/imt_sdk_win_64/imt_sdk_win_64/winarm/armgcc/bin/../lib/gcc/arm-none-eabi/7.2.1/../../../../arm-none-eabi/lib/thumb/v7e-m\libg_nano.a(lib_a-nano-reallocr.o)
 .debug_frame   0x00001070       0x2c e:/iti arm course/03- imt sdk/03- imt sdk/imt_sdk_win_64/imt_sdk_win_64/winarm/armgcc/bin/../lib/gcc/arm-none-eabi/7.2.1/../../../../arm-none-eabi/lib/thumb/v7e-m\libg_nano.a(lib_a-sbrkr.o)
 .debug_frame   0x0000109c       0x30 e:/iti arm course/03- imt sdk/03- imt sdk/imt_sdk_win_64/imt_sdk_win_64/winarm/armgcc/bin/../lib/gcc/arm-none-eabi/7.2.1/../../../../arm-none-eabi/lib/thumb/v7e-m\libg_nano.a(lib_a-mlock.o)
 .debug_frame   0x000010cc       0x20 e:/iti arm course/03- imt sdk/03- imt sdk/imt_sdk_win_64/imt_sdk_win_64/winarm/armgcc/bin/../lib/gcc/arm-none-eabi/7.2.1/../../../../arm-none-eabi/lib/thumb/v7e-m\libg_nano.a(lib_a-nano-msizer.o)

.debug_str      0x00000000    0x74b9b
 *(.debug_str)
 .debug_str     0x00000000    0x6fc34 ./system/src/stm32f4-hal/stm32f4xx_hal.o
                              0x70088 (size before relaxing)
 .debug_str     0x0006fc34      0x398 ./system/src/stm32f4-hal/stm32f4xx_hal_cortex.o
                              0x6fef2 (size before relaxing)
 .debug_str     0x0006ffcc      0x3fa ./system/src/stm32f4-hal/stm32f4xx_hal_rcc.o
                              0x6fc0a (size before relaxing)
 .debug_str     0x000703c6     0x10ff ./system/src/newlib/_exit.o
                               0x7ee9 (size before relaxing)
 .debug_str     0x000714c5      0x4f5 ./system/src/newlib/_sbrk.o
                               0x729b (size before relaxing)
 .debug_str     0x000719ba      0x2c6 ./system/src/newlib/_startup.o
                               0x6a3c (size before relaxing)
 .debug_str     0x00071c80      0xe8b ./system/src/newlib/_syscalls.o
                               0x8176 (size before relaxing)
 .debug_str     0x00072b0b       0xd0 ./system/src/newlib/assert.o
                               0x89ee (size before relaxing)
 .debug_str     0x00072bdb      0x176 ./system/src/diag/Trace.o
                               0x8661 (size before relaxing)
 .debug_str     0x00072d51      0x37b ./system/src/diag/trace_impl.o
                              0x70987 (size before relaxing)
 .debug_str     0x000730cc       0x5e ./system/src/cortexm/_initialize_hardware.o
                              0x6f719 (size before relaxing)
 .debug_str     0x0007312a      0x19d ./system/src/cortexm/exception_handlers.o
                              0x70b11 (size before relaxing)
 .debug_str     0x000732c7       0x46 ./system/src/cmsis/system_stm32f4xx.o
                              0x6f7fa (size before relaxing)
 .debug_str     0x0007330d       0x50 ./system/src/cmsis/vectors_stm32f401xc.o
                               0x3879 (size before relaxing)
 .debug_str     0x0007335d      0x378 ./src/MCAL/SYSTICK/SYSTICK_prg.o
                               0x3104 (size before relaxing)
 .debug_str     0x000736d5      0x4f8 ./src/MCAL/SYSCFG/SYSCFG_prog.o
                               0x3352 (size before relaxing)
 .debug_str     0x00073bcd      0x3a1 ./src/MCAL/RCC/RCC_prg.o
                               0x32d5 (size before relaxing)
 .debug_str     0x00073f6e      0x30b ./src/MCAL/NVIC/NVIC_prog.o
                               0x3165 (size before relaxing)
 .debug_str     0x00074279      0x2c6 ./src/MCAL/GPIO/GPIO_prg.o
                               0x34ce (size before relaxing)
 .debug_str     0x0007453f      0x271 ./src/MCAL/EXTI/EXTI_prog.o
                               0x342e (size before relaxing)
 .debug_str     0x000747b0       0xdb ./src/HAL/SevenSegment/SevSeg_prog.o
                               0x3613 (size before relaxing)
 .debug_str     0x0007488b       0x35 ./src/APP/_initialize_hardware.o
                              0x6f914 (size before relaxing)
 .debug_str     0x000748c0      0x29a ./src/APP/main.o
                               0x40af (size before relaxing)
 .debug_str     0x00074b5a       0x41 ./src/APP/stm32f4xx_hal_msp.o
                              0x6f665 (size before relaxing)

.debug_loc      0x00000000     0x27d0
 *(.debug_loc)
 .debug_loc     0x00000000       0x92 ./system/src/stm32f4-hal/stm32f4xx_hal.o
 .debug_loc     0x00000092      0x73b ./system/src/stm32f4-hal/stm32f4xx_hal_cortex.o
 .debug_loc     0x000007cd      0x50a ./system/src/stm32f4-hal/stm32f4xx_hal_rcc.o
 .debug_loc     0x00000cd7       0x85 ./system/src/newlib/_sbrk.o
 .debug_loc     0x00000d5c      0x2cb ./system/src/newlib/_startup.o
 .debug_loc     0x00001027       0x63 ./system/src/newlib/_syscalls.o
 .debug_loc     0x0000108a      0x134 ./system/src/newlib/assert.o
 .debug_loc     0x000011be       0xf6 ./system/src/diag/Trace.o
 .debug_loc     0x000012b4      0x121 ./system/src/diag/trace_impl.o
 .debug_loc     0x000013d5      0x291 ./system/src/cortexm/exception_handlers.o
 .debug_loc     0x00001666      0x13e ./system/src/cmsis/system_stm32f4xx.o
 .debug_loc     0x000017a4       0xbb ./src/MCAL/SYSTICK/SYSTICK_prg.o
 .debug_loc     0x0000185f       0x62 ./src/MCAL/SYSCFG/SYSCFG_prog.o
 .debug_loc     0x000018c1      0x255 ./src/MCAL/RCC/RCC_prg.o
 .debug_loc     0x00001b16      0x1df ./src/MCAL/NVIC/NVIC_prog.o
 .debug_loc     0x00001cf5      0x8c6 ./src/MCAL/GPIO/GPIO_prg.o
 .debug_loc     0x000025bb      0x175 ./src/MCAL/EXTI/EXTI_prog.o
 .debug_loc     0x00002730       0xa0 ./src/HAL/SevenSegment/SevSeg_prog.o

.debug_macinfo
 *(.debug_macinfo)

.debug_weaknames
 *(.debug_weaknames)

.debug_funcnames
 *(.debug_funcnames)

.debug_typenames
 *(.debug_typenames)

.debug_varnames
 *(.debug_varnames)
OUTPUT(ARM_STM.elf elf32-littlearm)

.debug_ranges   0x00000000      0x698
 .debug_ranges  0x00000000       0xb0 ./system/src/stm32f4-hal/stm32f4xx_hal.o
 .debug_ranges  0x000000b0       0xe8 ./system/src/stm32f4-hal/stm32f4xx_hal_cortex.o
 .debug_ranges  0x00000198       0x78 ./system/src/stm32f4-hal/stm32f4xx_hal_rcc.o
 .debug_ranges  0x00000210       0x18 ./system/src/newlib/_exit.o
 .debug_ranges  0x00000228       0x10 ./system/src/newlib/_sbrk.o
 .debug_ranges  0x00000238       0x90 ./system/src/newlib/_startup.o
 .debug_ranges  0x000002c8       0x20 ./system/src/newlib/_syscalls.o
 .debug_ranges  0x000002e8       0x18 ./system/src/newlib/assert.o
 .debug_ranges  0x00000300       0x28 ./system/src/diag/Trace.o
 .debug_ranges  0x00000328       0x50 ./system/src/diag/trace_impl.o
 .debug_ranges  0x00000378       0x18 ./system/src/cortexm/_initialize_hardware.o
 .debug_ranges  0x00000390       0x80 ./system/src/cortexm/exception_handlers.o
 .debug_ranges  0x00000410       0x18 ./system/src/cmsis/system_stm32f4xx.o
 .debug_ranges  0x00000428       0x10 ./system/src/cmsis/vectors_stm32f401xc.o
 .debug_ranges  0x00000438       0x90 ./src/MCAL/SYSTICK/SYSTICK_prg.o
 .debug_ranges  0x000004c8       0x10 ./src/MCAL/SYSCFG/SYSCFG_prog.o
 .debug_ranges  0x000004d8       0x40 ./src/MCAL/RCC/RCC_prg.o
 .debug_ranges  0x00000518       0x40 ./src/MCAL/NVIC/NVIC_prog.o
 .debug_ranges  0x00000558       0x68 ./src/MCAL/GPIO/GPIO_prg.o
 .debug_ranges  0x000005c0       0x70 ./src/MCAL/EXTI/EXTI_prog.o
 .debug_ranges  0x00000630       0x18 ./src/HAL/SevenSegment/SevSeg_prog.o
 .debug_ranges  0x00000648       0x18 ./src/APP/_initialize_hardware.o
 .debug_ranges  0x00000660       0x10 ./src/APP/main.o
 .debug_ranges  0x00000670       0x28 ./src/APP/stm32f4xx_hal_msp.o

.debug_macro    0x00000000    0x15628
 .debug_macro   0x00000000      0x532 ./system/src/stm32f4-hal/stm32f4xx_hal.o
 .debug_macro   0x00000532      0xa6c ./system/src/stm32f4-hal/stm32f4xx_hal.o
 .debug_macro   0x00000f9e      0x289 ./system/src/stm32f4-hal/stm32f4xx_hal.o
 .debug_macro   0x00001227       0x31 ./system/src/stm32f4-hal/stm32f4xx_hal.o
 .debug_macro   0x00001258       0x28 ./system/src/stm32f4-hal/stm32f4xx_hal.o
 .debug_macro   0x00001280      0x34e ./system/src/stm32f4-hal/stm32f4xx_hal.o
 .debug_macro   0x000015ce       0x35 ./system/src/stm32f4-hal/stm32f4xx_hal.o
 .debug_macro   0x00001603       0x50 ./system/src/stm32f4-hal/stm32f4xx_hal.o
 .debug_macro   0x00001653      0xe66 ./system/src/stm32f4-hal/stm32f4xx_hal.o
 .debug_macro   0x000024b9     0x5099 ./system/src/stm32f4-hal/stm32f4xx_hal.o
 .debug_macro   0x00007552       0x43 ./system/src/stm32f4-hal/stm32f4xx_hal.o
 .debug_macro   0x00007595     0x347f ./system/src/stm32f4-hal/stm32f4xx_hal.o
 .debug_macro   0x0000aa14       0x22 ./system/src/stm32f4-hal/stm32f4xx_hal.o
 .debug_macro   0x0000aa36       0x52 ./system/src/stm32f4-hal/stm32f4xx_hal.o
 .debug_macro   0x0000aa88       0x17 ./system/src/stm32f4-hal/stm32f4xx_hal.o
 .debug_macro   0x0000aa9f       0x8d ./system/src/stm32f4-hal/stm32f4xx_hal.o
 .debug_macro   0x0000ab2c       0x35 ./system/src/stm32f4-hal/stm32f4xx_hal.o
 .debug_macro   0x0000ab61       0x9c ./system/src/stm32f4-hal/stm32f4xx_hal.o
 .debug_macro   0x0000abfd       0x16 ./system/src/stm32f4-hal/stm32f4xx_hal.o
 .debug_macro   0x0000ac13       0x57 ./system/src/stm32f4-hal/stm32f4xx_hal.o
 .debug_macro   0x0000ac6a       0x97 ./system/src/stm32f4-hal/stm32f4xx_hal.o
 .debug_macro   0x0000ad01      0x330 ./system/src/stm32f4-hal/stm32f4xx_hal.o
 .debug_macro   0x0000b031       0xfd ./system/src/stm32f4-hal/stm32f4xx_hal.o
 .debug_macro   0x0000b12e       0x10 ./system/src/stm32f4-hal/stm32f4xx_hal.o
 .debug_macro   0x0000b13e       0x58 ./system/src/stm32f4-hal/stm32f4xx_hal.o
 .debug_macro   0x0000b196       0x1f ./system/src/stm32f4-hal/stm32f4xx_hal.o
 .debug_macro   0x0000b1b5       0x43 ./system/src/stm32f4-hal/stm32f4xx_hal.o
 .debug_macro   0x0000b1f8       0x20 ./system/src/stm32f4-hal/stm32f4xx_hal.o
 .debug_macro   0x0000b218      0x18e ./system/src/stm32f4-hal/stm32f4xx_hal.o
 .debug_macro   0x0000b3a6       0x10 ./system/src/stm32f4-hal/stm32f4xx_hal.o
 .debug_macro   0x0000b3b6       0x6a ./system/src/stm32f4-hal/stm32f4xx_hal.o
 .debug_macro   0x0000b420       0x1c ./system/src/stm32f4-hal/stm32f4xx_hal.o
 .debug_macro   0x0000b43c       0x52 ./system/src/stm32f4-hal/stm32f4xx_hal.o
 .debug_macro   0x0000b48e       0x40 ./system/src/stm32f4-hal/stm32f4xx_hal.o
 .debug_macro   0x0000b4ce       0x10 ./system/src/stm32f4-hal/stm32f4xx_hal.o
 .debug_macro   0x0000b4de       0x40 ./system/src/stm32f4-hal/stm32f4xx_hal.o
 .debug_macro   0x0000b51e       0xd7 ./system/src/stm32f4-hal/stm32f4xx_hal.o
 .debug_macro   0x0000b5f5       0x1c ./system/src/stm32f4-hal/stm32f4xx_hal.o
 .debug_macro   0x0000b611       0x3d ./system/src/stm32f4-hal/stm32f4xx_hal.o
 .debug_macro   0x0000b64e       0x16 ./system/src/stm32f4-hal/stm32f4xx_hal.o
 .debug_macro   0x0000b664      0x16f ./system/src/stm32f4-hal/stm32f4xx_hal.o
 .debug_macro   0x0000b7d3       0x57 ./system/src/stm32f4-hal/stm32f4xx_hal.o
 .debug_macro   0x0000b82a      0x424 ./system/src/stm32f4-hal/stm32f4xx_hal.o
 .debug_macro   0x0000bc4e      0x9e1 ./system/src/stm32f4-hal/stm32f4xx_hal.o
 .debug_macro   0x0000c62f      0x11e ./system/src/stm32f4-hal/stm32f4xx_hal.o
 .debug_macro   0x0000c74d       0xf8 ./system/src/stm32f4-hal/stm32f4xx_hal.o
 .debug_macro   0x0000c845       0x27 ./system/src/stm32f4-hal/stm32f4xx_hal.o
 .debug_macro   0x0000c86c      0x287 ./system/src/stm32f4-hal/stm32f4xx_hal.o
 .debug_macro   0x0000caf3       0x5f ./system/src/stm32f4-hal/stm32f4xx_hal.o
 .debug_macro   0x0000cb52      0x23a ./system/src/stm32f4-hal/stm32f4xx_hal.o
 .debug_macro   0x0000cd8c      0x391 ./system/src/stm32f4-hal/stm32f4xx_hal.o
 .debug_macro   0x0000d11d      0x16f ./system/src/stm32f4-hal/stm32f4xx_hal.o
 .debug_macro   0x0000d28c       0xf9 ./system/src/stm32f4-hal/stm32f4xx_hal.o
 .debug_macro   0x0000d385       0x23 ./system/src/stm32f4-hal/stm32f4xx_hal.o
 .debug_macro   0x0000d3a8      0x13a ./system/src/stm32f4-hal/stm32f4xx_hal.o
 .debug_macro   0x0000d4e2      0x23a ./system/src/stm32f4-hal/stm32f4xx_hal.o
 .debug_macro   0x0000d71c       0x2e ./system/src/stm32f4-hal/stm32f4xx_hal.o
 .debug_macro   0x0000d74a      0x1a7 ./system/src/stm32f4-hal/stm32f4xx_hal.o
 .debug_macro   0x0000d8f1       0x22 ./system/src/stm32f4-hal/stm32f4xx_hal.o
 .debug_macro   0x0000d913       0xa5 ./system/src/stm32f4-hal/stm32f4xx_hal.o
 .debug_macro   0x0000d9b8      0x18b ./system/src/stm32f4-hal/stm32f4xx_hal.o
 .debug_macro   0x0000db43       0x24 ./system/src/stm32f4-hal/stm32f4xx_hal.o
 .debug_macro   0x0000db67       0x35 ./system/src/stm32f4-hal/stm32f4xx_hal.o
 .debug_macro   0x0000db9c       0x79 ./system/src/stm32f4-hal/stm32f4xx_hal.o
 .debug_macro   0x0000dc15      0x11e ./system/src/stm32f4-hal/stm32f4xx_hal.o
 .debug_macro   0x0000dd33       0x85 ./system/src/stm32f4-hal/stm32f4xx_hal.o
 .debug_macro   0x0000ddb8       0x89 ./system/src/stm32f4-hal/stm32f4xx_hal.o
 .debug_macro   0x0000de41      0x31a ./system/src/stm32f4-hal/stm32f4xx_hal.o
 .debug_macro   0x0000e15b      0x409 ./system/src/stm32f4-hal/stm32f4xx_hal.o
 .debug_macro   0x0000e564       0xe4 ./system/src/stm32f4-hal/stm32f4xx_hal.o
 .debug_macro   0x0000e648      0x48d ./system/src/stm32f4-hal/stm32f4xx_hal.o
 .debug_macro   0x0000ead5      0x22b ./system/src/stm32f4-hal/stm32f4xx_hal.o
 .debug_macro   0x0000ed00      0x202 ./system/src/stm32f4-hal/stm32f4xx_hal.o
 .debug_macro   0x0000ef02      0x6d9 ./system/src/stm32f4-hal/stm32f4xx_hal.o
 .debug_macro   0x0000f5db       0x5b ./system/src/stm32f4-hal/stm32f4xx_hal.o
 .debug_macro   0x0000f636      0x14d ./system/src/stm32f4-hal/stm32f4xx_hal.o
 .debug_macro   0x0000f783      0x287 ./system/src/stm32f4-hal/stm32f4xx_hal.o
 .debug_macro   0x0000fa0a      0x225 ./system/src/stm32f4-hal/stm32f4xx_hal.o
 .debug_macro   0x0000fc2f      0x1b5 ./system/src/stm32f4-hal/stm32f4xx_hal.o
 .debug_macro   0x0000fde4      0x2db ./system/src/stm32f4-hal/stm32f4xx_hal.o
 .debug_macro   0x000100bf       0x89 ./system/src/stm32f4-hal/stm32f4xx_hal.o
 .debug_macro   0x00010148      0x1df ./system/src/stm32f4-hal/stm32f4xx_hal.o
 .debug_macro   0x00010327      0x115 ./system/src/stm32f4-hal/stm32f4xx_hal.o
 .debug_macro   0x0001043c       0x6e ./system/src/stm32f4-hal/stm32f4xx_hal.o
 .debug_macro   0x000104aa      0x11e ./system/src/stm32f4-hal/stm32f4xx_hal.o
 .debug_macro   0x000105c8      0x4e4 ./system/src/stm32f4-hal/stm32f4xx_hal_cortex.o
 .debug_macro   0x00010aac      0x50e ./system/src/stm32f4-hal/stm32f4xx_hal_rcc.o
 .debug_macro   0x00010fba      0x1b4 ./system/src/newlib/_exit.o
 .debug_macro   0x0001116e      0x10e ./system/src/newlib/_exit.o
 .debug_macro   0x0001127c       0x8d ./system/src/newlib/_exit.o
 .debug_macro   0x00011309       0x35 ./system/src/newlib/_exit.o
 .debug_macro   0x0001133e      0x169 ./system/src/newlib/_sbrk.o
 .debug_macro   0x000114a7      0x174 ./system/src/newlib/_sbrk.o
 .debug_macro   0x0001161b       0x10 ./system/src/newlib/_sbrk.o
 .debug_macro   0x0001162b      0x23b ./system/src/newlib/_sbrk.o
 .debug_macro   0x00011866      0x173 ./system/src/newlib/_startup.o
 .debug_macro   0x000119d9      0xa72 ./system/src/newlib/_startup.o
 .debug_macro   0x0001244b      0x217 ./system/src/newlib/_syscalls.o
 .debug_macro   0x00012662       0x1c ./system/src/newlib/_syscalls.o
 .debug_macro   0x0001267e       0x10 ./system/src/newlib/_syscalls.o
 .debug_macro   0x0001268e       0x10 ./system/src/newlib/_syscalls.o
 .debug_macro   0x0001269e       0x10 ./system/src/newlib/_syscalls.o
 .debug_macro   0x000126ae       0x35 ./system/src/newlib/_syscalls.o
 .debug_macro   0x000126e3      0x122 ./system/src/newlib/_syscalls.o
 .debug_macro   0x00012805       0x88 ./system/src/newlib/_syscalls.o
 .debug_macro   0x0001288d       0x2b ./system/src/newlib/_syscalls.o
 .debug_macro   0x000128b8      0x118 ./system/src/newlib/_syscalls.o
 .debug_macro   0x000129d0      0x189 ./system/src/newlib/_syscalls.o
 .debug_macro   0x00012b59       0x16 ./system/src/newlib/_syscalls.o
 .debug_macro   0x00012b6f      0x1d0 ./system/src/newlib/assert.o
 .debug_macro   0x00012d3f       0x1c ./system/src/newlib/assert.o
 .debug_macro   0x00012d5b      0x1fb ./system/src/diag/Trace.o
 .debug_macro   0x00012f56       0x4c ./system/src/diag/Trace.o
 .debug_macro   0x00012fa2       0x16 ./system/src/diag/Trace.o
 .debug_macro   0x00012fb8      0x52a ./system/src/diag/trace_impl.o
 .debug_macro   0x000134e2       0x22 ./system/src/diag/trace_impl.o
 .debug_macro   0x00013504      0x4ee ./system/src/cortexm/_initialize_hardware.o
 .debug_macro   0x000139f2      0x557 ./system/src/cortexm/exception_handlers.o
 .debug_macro   0x00013f49       0x3b ./system/src/cortexm/exception_handlers.o
 .debug_macro   0x00013f84      0x4ea ./system/src/cmsis/system_stm32f4xx.o
 .debug_macro   0x0001446e       0x34 ./system/src/cmsis/vectors_stm32f401xc.o
 .debug_macro   0x000144a2       0x36 ./src/MCAL/SYSTICK/SYSTICK_prg.o
 .debug_macro   0x000144d8       0x10 ./src/MCAL/SYSTICK/SYSTICK_prg.o
 .debug_macro   0x000144e8       0x22 ./src/MCAL/SYSTICK/SYSTICK_prg.o
 .debug_macro   0x0001450a       0x2e ./src/MCAL/SYSTICK/SYSTICK_prg.o
 .debug_macro   0x00014538       0x51 ./src/MCAL/SYSCFG/SYSCFG_prog.o
 .debug_macro   0x00014589      0x139 ./src/MCAL/SYSCFG/SYSCFG_prog.o
 .debug_macro   0x000146c2       0x28 ./src/MCAL/SYSCFG/SYSCFG_prog.o
 .debug_macro   0x000146ea       0x3e ./src/MCAL/RCC/RCC_prg.o
 .debug_macro   0x00014728       0x2e ./src/MCAL/RCC/RCC_prg.o
 .debug_macro   0x00014756       0xe2 ./src/MCAL/RCC/RCC_prg.o
 .debug_macro   0x00014838       0x16 ./src/MCAL/RCC/RCC_prg.o
 .debug_macro   0x0001484e       0x3a ./src/MCAL/NVIC/NVIC_prog.o
 .debug_macro   0x00014888       0x28 ./src/MCAL/NVIC/NVIC_prog.o
 .debug_macro   0x000148b0       0x35 ./src/MCAL/GPIO/GPIO_prg.o
 .debug_macro   0x000148e5      0x13f ./src/MCAL/GPIO/GPIO_prg.o
 .debug_macro   0x00014a24       0x2e ./src/MCAL/GPIO/GPIO_prg.o
 .debug_macro   0x00014a52       0x56 ./src/MCAL/EXTI/EXTI_prog.o
 .debug_macro   0x00014aa8       0x1c ./src/MCAL/EXTI/EXTI_prog.o
 .debug_macro   0x00014ac4       0x16 ./src/MCAL/EXTI/EXTI_prog.o
 .debug_macro   0x00014ada       0x71 ./src/HAL/SevenSegment/SevSeg_prog.o
 .debug_macro   0x00014b4b      0x4e4 ./src/APP/_initialize_hardware.o
 .debug_macro   0x0001502f      0x115 ./src/APP/main.o
 .debug_macro   0x00015144      0x4e4 ./src/APP/stm32f4xx_hal_msp.o
